Component: ARM Compiler 5.06 update 6 (build 750) Tool: armlink [4d35ed]

==============================================================================

Section Cross References

    startup_stm32f407xx.o(STACK) refers (Special) to heapauxi.o(.text) for __use_two_region_memory
    startup_stm32f407xx.o(HEAP) refers (Special) to heapauxi.o(.text) for __use_two_region_memory
    startup_stm32f407xx.o(RESET) refers (Special) to heapauxi.o(.text) for __use_two_region_memory
    startup_stm32f407xx.o(RESET) refers to startup_stm32f407xx.o(STACK) for __initial_sp
    startup_stm32f407xx.o(RESET) refers to startup_stm32f407xx.o(.text) for Reset_Handler
    startup_stm32f407xx.o(RESET) refers to stm32f4xx_it.o(i.NMI_Handler) for NMI_Handler
    startup_stm32f407xx.o(RESET) refers to stm32f4xx_it.o(i.HardFault_Handler) for HardFault_Handler
    startup_stm32f407xx.o(RESET) refers to stm32f4xx_it.o(i.MemManage_Handler) for MemManage_Handler
    startup_stm32f407xx.o(RESET) refers to stm32f4xx_it.o(i.BusFault_Handler) for BusFault_Handler
    startup_stm32f407xx.o(RESET) refers to stm32f4xx_it.o(i.UsageFault_Handler) for UsageFault_Handler
    startup_stm32f407xx.o(RESET) refers to stm32f4xx_it.o(i.SVC_Handler) for SVC_Handler
    startup_stm32f407xx.o(RESET) refers to stm32f4xx_it.o(i.DebugMon_Handler) for DebugMon_Handler
    startup_stm32f407xx.o(RESET) refers to stm32f4xx_it.o(i.PendSV_Handler) for PendSV_Handler
    startup_stm32f407xx.o(RESET) refers to stm32f4xx_it.o(i.SysTick_Handler) for SysTick_Handler
    startup_stm32f407xx.o(RESET) refers to stm32f4xx_it.o(i.DMA1_Stream1_IRQHandler) for DMA1_Stream1_IRQHandler
    startup_stm32f407xx.o(RESET) refers to stm32f4xx_it.o(i.CAN1_RX0_IRQHandler) for CAN1_RX0_IRQHandler
    startup_stm32f407xx.o(RESET) refers to stm32f4xx_it.o(i.USART1_IRQHandler) for USART1_IRQHandler
    startup_stm32f407xx.o(RESET) refers to stm32f4xx_it.o(i.USART3_IRQHandler) for USART3_IRQHandler
    startup_stm32f407xx.o(RESET) refers to stm32f4xx_it.o(i.DMA2_Stream2_IRQHandler) for DMA2_Stream2_IRQHandler
    startup_stm32f407xx.o(RESET) refers to stm32f4xx_it.o(i.DMA2_Stream7_IRQHandler) for DMA2_Stream7_IRQHandler
    startup_stm32f407xx.o(.text) refers (Special) to heapauxi.o(.text) for __use_two_region_memory
    startup_stm32f407xx.o(.text) refers to system_stm32f4xx.o(i.SystemInit) for SystemInit
    startup_stm32f407xx.o(.text) refers to __main.o(!!!main) for __main
    startup_stm32f407xx.o(.text) refers to startup_stm32f407xx.o(HEAP) for Heap_Mem
    startup_stm32f407xx.o(.text) refers to startup_stm32f407xx.o(STACK) for Stack_Mem
    main.o(i._Z12usart_printfPKcz) refers to c89vsprintf.o(.text) for __c89vsprintf
    main.o(i._Z12usart_printfPKcz) refers to stm32f4xx_hal_uart.o(i.HAL_UART_Transmit_DMA) for HAL_UART_Transmit_DMA
    main.o(i._Z12usart_printfPKcz) refers to main.o(.data) for usart_printf(const char*, ...)::ap
    main.o(i._Z12usart_printfPKcz) refers to main.o(.bss) for usart_printf(const char*, ...)::tx_buf
    main.o(i._Z12usart_printfPKcz) refers to usart.o(.bss) for huart1
    main.o(i._Z18SystemClock_Configv) refers to rt_memclr_w.o(.text) for __aeabi_memclr4
    main.o(i._Z18SystemClock_Configv) refers to stm32f4xx_hal_rcc.o(i.HAL_RCC_OscConfig) for HAL_RCC_OscConfig
    main.o(i._Z18SystemClock_Configv) refers to main.o(i.Error_Handler) for Error_Handler
    main.o(i._Z18SystemClock_Configv) refers to stm32f4xx_hal_rcc.o(i.HAL_RCC_ClockConfig) for HAL_RCC_ClockConfig
    main.o(i._Z25UART_Serialplot_Call_BackPht) refers to dvc_serialplot.o(i._ZN16Class_Serialplot19UART_RxCpltCallbackEPh) for Class_Serialplot::UART_RxCpltCallback(unsigned char*)
    main.o(i._Z25UART_Serialplot_Call_BackPht) refers to dvc_serialplot.o(i._ZN16Class_Serialplot18Get_Variable_IndexEv) for Class_Serialplot::Get_Variable_Index()
    main.o(i._Z25UART_Serialplot_Call_BackPht) refers to dvc_serialplot.o(i._ZN16Class_Serialplot18Get_Variable_ValueEv) for Class_Serialplot::Get_Variable_Value()
    main.o(i._Z25UART_Serialplot_Call_BackPht) refers to d2f.o(x$fpl$d2f) for __aeabi_d2f
    main.o(i._Z25UART_Serialplot_Call_BackPht) refers to alg_pid.o(i._ZN9Class_PID7Set_K_PEf) for Class_PID::Set_K_P(float)
    main.o(i._Z25UART_Serialplot_Call_BackPht) refers to main.o(.bss) for serialplot
    main.o(i.__sti___6_main_c_18ce1bfb) refers to main.o(i._ZN9Class_PIDC1Ev) for Class_PID::Class_PID()
    main.o(i.__sti___6_main_c_18ce1bfb) refers to main.o(i._ZN18Class_Motor_GM6020C1Ev) for Class_Motor_GM6020::Class_Motor_GM6020()
    main.o(i.__sti___6_main_c_18ce1bfb) refers to main.o(.bss) for serialplot
    main.o(i.main) refers to stm32f4xx_hal.o(i.HAL_Init) for HAL_Init
    main.o(i.main) refers to main.o(i._Z18SystemClock_Configv) for SystemClock_Config()
    main.o(i.main) refers to gpio.o(i.MX_GPIO_Init) for MX_GPIO_Init
    main.o(i.main) refers to dma.o(i.MX_DMA_Init) for MX_DMA_Init
    main.o(i.main) refers to usart.o(i.MX_USART1_UART_Init) for MX_USART1_UART_Init
[...]
    [local to stm32f4xx_hal_uart_c]::UART_DMAError(__DMA_HandleTypeDef*) 0x080036b5   Thumb Code    80  stm32f4xx_hal_uart.o(i._ZN42_INTERNAL_20_stm32f4xx_hal_uart_c_d497114f13UART_DMAErrorEP19__DMA_HandleTypeDef)
    i._ZN42_INTERNAL_20_stm32f4xx_hal_uart_c_d497114f14UART_SetConfigEP20__UART_HandleTypeDef 0x08003704   Section        0  stm32f4xx_hal_uart.o(i._ZN42_INTERNAL_20_stm32f4xx_hal_uart_c_d497114f14UART_SetConfigEP20__UART_HandleTypeDef)
    [local to stm32f4xx_hal_uart_c]::UART_SetConfig(__UART_HandleTypeDef*) 0x08003705   Thumb Code   546  stm32f4xx_hal_uart.o(i._ZN42_INTERNAL_20_stm32f4xx_hal_uart_c_d497114f14UART_SetConfigEP20__UART_HandleTypeDef)
    i._ZN42_INTERNAL_20_stm32f4xx_hal_uart_c_d497114f15UART_Receive_ITEP20__UART_HandleTypeDef 0x08003930   Section        0  stm32f4xx_hal_uart.o(i._ZN42_INTERNAL_20_stm32f4xx_hal_uart_c_d497114f15UART_Receive_ITEP20__UART_HandleTypeDef)
    [local to stm32f4xx_hal_uart_c]::UART_Receive_IT(__UART_HandleTypeDef*) 0x08003931   Thumb Code   252  stm32f4xx_hal_uart.o(i._ZN42_INTERNAL_20_stm32f4xx_hal_uart_c_d497114f15UART_Receive_ITEP20__UART_HandleTypeDef)
    i._ZN42_INTERNAL_20_stm32f4xx_hal_uart_c_d497114f16UART_Transmit_ITEP20__UART_HandleTypeDef 0x08003a2c   Section        0  stm32f4xx_hal_uart.o(i._ZN42_INTERNAL_20_stm32f4xx_hal_uart_c_d497114f16UART_Transmit_ITEP20__UART_HandleTypeDef)
    [local to stm32f4xx_hal_uart_c]::UART_Transmit_IT(__UART_HandleTypeDef*) 0x08003a2d   Thumb Code    96  stm32f4xx_hal_uart.o(i._ZN42_INTERNAL_20_stm32f4xx_hal_uart_c_d497114f16UART_Transmit_ITEP20__UART_HandleTypeDef)
    i._ZN42_INTERNAL_20_stm32f4xx_hal_uart_c_d497114f18UART_DMARxHalfCpltEP19__DMA_HandleTypeDef 0x08003a8c   Section        0  stm32f4xx_hal_uart.o(i._ZN42_INTERNAL_20_stm32f4xx_hal_uart_c_d497114f18UART_DMARxHalfCpltEP19__DMA_HandleTypeDef)
    [local to stm32f4xx_hal_uart_c]::UART_DMARxHalfCplt(__DMA_HandleTypeDef*) 0x08003a8d   Thumb Code    36  stm32f4xx_hal_uart.o(i._ZN42_INTERNAL_20_stm32f4xx_hal_uart_c_d497114f18UART_DMARxHalfCpltEP19__DMA_HandleTypeDef)
    i._ZN42_INTERNAL_20_stm32f4xx_hal_uart_c_d497114f18UART_DMATxHalfCpltEP19__DMA_HandleTypeDef 0x08003ab0   Section        0  stm32f4xx_hal_uart.o(i._ZN42_INTERNAL_20_stm32f4xx_hal_uart_c_d497114f18UART_DMATxHalfCpltEP19__DMA_HandleTypeDef)
    [local to stm32f4xx_hal_uart_c]::UART_DMATxHalfCplt(__DMA_HandleTypeDef*) 0x08003ab1   Thumb Code    14  stm32f4xx_hal_uart.o(i._ZN42_INTERNAL_20_stm32f4xx_hal_uart_c_d497114f18UART_DMATxHalfCpltEP19__DMA_HandleTypeDef)
    i._ZN42_INTERNAL_20_stm32f4xx_hal_uart_c_d497114f18UART_EndRxTransferEP20__UART_HandleTypeDef 0x08003abe   Section        0  stm32f4xx_hal_uart.o(i._ZN42_INTERNAL_20_stm32f4xx_hal_uart_c_d497114f18UART_EndRxTransferEP20__UART_HandleTypeDef)
    [local to stm32f4xx_hal_uart_c]::UART_EndRxTransfer(__UART_HandleTypeDef*) 0x08003abf   Thumb Code   108  stm32f4xx_hal_uart.o(i._ZN42_INTERNAL_20_stm32f4xx_hal_uart_c_d497114f18UART_EndRxTransferEP20__UART_HandleTypeDef)
    i._ZN42_INTERNAL_20_stm32f4xx_hal_uart_c_d497114f18UART_EndTxTransferEP20__UART_HandleTypeDef 0x08003b2a   Section        0  stm32f4xx_hal_uart.o(i._ZN42_INTERNAL_20_stm32f4xx_hal_uart_c_d497114f18UART_EndTxTransferEP20__UART_HandleTypeDef)
    [local to stm32f4xx_hal_uart_c]::UART_EndTxTransfer(__UART_HandleTypeDef*) 0x08003b2b   Thumb Code    38  stm32f4xx_hal_uart.o(i._ZN42_INTERNAL_20_stm32f4xx_hal_uart_c_d497114f18UART_EndTxTransferEP20__UART_HandleTypeDef)
    i._ZN42_INTERNAL_20_stm32f4xx_hal_uart_c_d497114f19UART_DMAReceiveCpltEP19__DMA_HandleTypeDef 0x08003b50   Section        0  stm32f4xx_hal_uart.o(i._ZN42_INTERNAL_20_stm32f4xx_hal_uart_c_d497114f19UART_DMAReceiveCpltEP19__DMA_HandleTypeDef)
    [local to stm32f4xx_hal_uart_c]::UART_DMAReceiveCplt(__DMA_HandleTypeDef*) 0x08003b51   Thumb Code   180  stm32f4xx_hal_uart.o(i._ZN42_INTERNAL_20_stm32f4xx_hal_uart_c_d497114f19UART_DMAReceiveCpltEP19__DMA_HandleTypeDef)
    i._ZN42_INTERNAL_20_stm32f4xx_hal_uart_c_d497114f19UART_EndTransmit_ITEP20__UART_HandleTypeDef 0x08003c04   Section        0  stm32f4xx_hal_uart.o(i._ZN42_INTERNAL_20_stm32f4xx_hal_uart_c_d497114f19UART_EndTransmit_ITEP20__UART_HandleTypeDef)
    [local to stm32f4xx_hal_uart_c]::UART_EndTransmit_IT(__UART_HandleTypeDef*) 0x08003c05   Thumb Code    32  stm32f4xx_hal_uart.o(i._ZN42_INTERNAL_20_stm32f4xx_hal_uart_c_d497114f19UART_EndTransmit_ITEP20__UART_HandleTypeDef)
    i._ZN42_INTERNAL_20_stm32f4xx_hal_uart_c_d497114f20UART_DMAAbortOnErrorEP19__DMA_HandleTypeDef 0x08003c24   Section        0  stm32f4xx_hal_uart.o(i._ZN42_INTERNAL_20_stm32f4xx_hal_uart_c_d497114f20UART_DMAAbortOnErrorEP19__DMA_HandleTypeDef)
    [local to stm32f4xx_hal_uart_c]::UART_DMAAbortOnError(__DMA_HandleTypeDef*) 0x08003c25   Thumb Code    20  stm32f4xx_hal_uart.o(i._ZN42_INTERNAL_20_stm32f4xx_hal_uart_c_d497114f20UART_DMAAbortOnErrorEP19__DMA_HandleTypeDef)
    i._ZN42_INTERNAL_20_stm32f4xx_hal_uart_c_d497114f20UART_DMATransmitCpltEP19__DMA_HandleTypeDef 0x08003c38   Section        0  stm32f4xx_hal_uart.o(i._ZN42_INTERNAL_20_stm32f4xx_hal_uart_c_d497114f20UART_DMATransmitCpltEP19__DMA_HandleTypeDef)
    [local to stm32f4xx_hal_uart_c]::UART_DMATransmitCplt(__DMA_HandleTypeDef*) 0x08003c39   Thumb Code    88  stm32f4xx_hal_uart.o(i._ZN42_INTERNAL_20_stm32f4xx_hal_uart_c_d497114f20UART_DMATransmitCpltEP19__DMA_HandleTypeDef)
    i._ZN44_INTERNAL_22_stm32f4xx_hal_cortex_c_2992dbc018__NVIC_SetPriorityE9IRQn_Typej 0x08003c90   Section        0  stm32f4xx_hal_cortex.o(i._ZN44_INTERNAL_22_stm32f4xx_hal_cortex_c_2992dbc018__NVIC_SetPriorityE9IRQn_Typej)
    [local to stm32f4xx_hal_cortex_c]::__NVIC_SetPriority(IRQn_Type, unsigned) 0x08003c91   Thumb Code    32  stm32f4xx_hal_cortex.o(i._ZN44_INTERNAL_22_stm32f4xx_hal_cortex_c_2992dbc018__NVIC_SetPriorityE9IRQn_Typej)
    i._ZN44_INTERNAL_22_stm32f4xx_hal_cortex_c_2992dbc026__NVIC_GetPriorityGroupingEv 0x08003cb8   Section        0  stm32f4xx_hal_cortex.o(i._ZN44_INTERNAL_22_stm32f4xx_hal_cortex_c_2992dbc026__NVIC_GetPriorityGroupingEv)
    [local to stm32f4xx_hal_cortex_c]::__NVIC_GetPriorityGrouping() 0x08003cb9   Thumb Code    10  stm32f4xx_hal_cortex.o(i._ZN44_INTERNAL_22_stm32f4xx_hal_cortex_c_2992dbc026__NVIC_GetPriorityGroupingEv)
    i._ZN9Class_PID10Set_TargetEf            0x08003cc8   Section        0  alg_pid.o(i._ZN9Class_PID10Set_TargetEf)
    i._ZN9Class_PID32TIM_Adjust_PeriodElapsedCallbackEv 0x08003cd0   Section        0  alg_pid.o(i._ZN9Class_PID32TIM_Adjust_PeriodElapsedCallbackEv)
    i._ZN9Class_PID4InitEfffffffffff16Enum_PID_D_First 0x08003f44   Section        0  alg_pid.o(i._ZN9Class_PID4InitEfffffffffff16Enum_PID_D_First)
    i._ZN9Class_PID7Get_OutEv                0x08003f74   Section        0  alg_pid.o(i._ZN9Class_PID7Get_OutEv)
    i._ZN9Class_PID7Set_K_PEf                0x08003f7a   Section        0  alg_pid.o(i._ZN9Class_PID7Set_K_PEf)
    i._ZN9Class_PID7Set_NowEf                0x08003f80   Section        0  alg_pid.o(i._ZN9Class_PID7Set_NowEf)
    i._ZN9Class_PIDC1Ev                      0x08003f88   Section        0  main.o(i._ZN9Class_PIDC1Ev)
    i.__ARM_fpclassifyf                      0x08004018   Section        0  fpclassifyf.o(i.__ARM_fpclassifyf)
    i.__hardfp_powf                          0x08004040   Section        0  powf.o(i.__hardfp_powf)
    i.__hardfp_sinf                          0x080046a4   Section        0  sinf.o(i.__hardfp_sinf)
    i.__mathlib_flt_divzero                  0x08004834   Section        0  funder.o(i.__mathlib_flt_divzero)
    i.__mathlib_flt_infnan                   0x08004848   Section        0  funder.o(i.__mathlib_flt_infnan)
    i.__mathlib_flt_infnan2                  0x0800484e   Section        0  funder.o(i.__mathlib_flt_infnan2)
    i.__mathlib_flt_invalid                  0x08004854   Section        0  funder.o(i.__mathlib_flt_invalid)
    i.__mathlib_flt_overflow                 0x08004864   Section        0  funder.o(i.__mathlib_flt_overflow)
    i.__mathlib_flt_underflow                0x08004874   Section        0  funder.o(i.__mathlib_flt_underflow)
    i.__mathlib_rredf2                       0x08004884   Section        0  rredf.o(i.__mathlib_rredf2)
    i.__sti___6_main_c_18ce1bfb              0x080049d8   Section        0  main.o(i.__sti___6_main_c_18ce1bfb)
    __sti___6_main_c_18ce1bfb                0x080049d9   Thumb Code    72  main.o(i.__sti___6_main_c_18ce1bfb)
    i.main                                   0x08004a48   Section        0  main.o(i.main)
    t._Z14Math_ConstrainIfEvPT_S0_S0_        0x08004cf8   Section        0  alg_pid.o(t._Z14Math_ConstrainIfEvPT_S0_S0_)
    t._Z8Math_AbsIfET_S0_                    0x08004d20   Section        0  drv_math.o(t._Z8Math_AbsIfET_S0_)
    x$fpl$d2f                                0x08004d3c   Section       98  d2f.o(x$fpl$d2f)
    $v0                                      0x08004d3c   Number         0  d2f.o(x$fpl$d2f)
    x$fpl$dnaninf                            0x08004d9e   Section      156  dnaninf.o(x$fpl$dnaninf)
    $v0                                      0x08004d9e   Number         0  dnaninf.o(x$fpl$dnaninf)
    x$fpl$dretinf                            0x08004e3a   Section       12  dretinf.o(x$fpl$dretinf)
    $v0                                      0x08004e3a   Number         0  dretinf.o(x$fpl$dretinf)
    x$fpl$f2d                                0x08004e48   Section       86  f2d.o(x$fpl$f2d)
    $v0                                      0x08004e48   Number         0  f2d.o(x$fpl$f2d)
    x$fpl$fnaninf                            0x08004e9e   Section      140  fnaninf.o(x$fpl$fnaninf)
    $v0                                      0x08004e9e   Number         0  fnaninf.o(x$fpl$fnaninf)
    x$fpl$fpinit                             0x08004f2a   Section       10  fpinit.o(x$fpl$fpinit)
    $v0                                      0x08004f2a   Number         0  fpinit.o(x$fpl$fpinit)
    x$fpl$fretinf                            0x08004f34   Section       10  fretinf.o(x$fpl$fretinf)
    $v0                                      0x08004f34   Number         0  fretinf.o(x$fpl$fretinf)
    .constdata                               0x08004f3e   Section        8  stm32f4xx_hal_dma.o(.constdata)
    x$fpl$usenofp                            0x08004f3e   Section        0  usenofp.o(x$fpl$usenofp)
    [local to stm32f4xx_hal_dma_c]::DMA_CalcBaseAndBitshift(__DMA_HandleTypeDef*)::flagBitshiftOffset 0x08004f3e   Data           8  stm32f4xx_hal_dma.o(.constdata)
    .constdata                               0x08004f46   Section       24  system_stm32f4xx.o(.constdata)
    .constdata                               0x08004f60   Section      320  powf.o(.constdata)
    table                                    0x08004f60   Data         128  powf.o(.constdata)
    powersof2to1over16top                    0x08004fe0   Data          64  powf.o(.constdata)
    powersof2to1over16bot                    0x08005020   Data          64  powf.o(.constdata)
    powersof2to1over16all                    0x08005060   Data          64  powf.o(.constdata)
    .constdata                               0x080050a0   Section       32  rredf.o(.constdata)
    twooverpi                                0x080050a0   Data          32  rredf.o(.constdata)
    .init_array                              0x080050e0   Section        4  main.o(.init_array)
    .init_array                              0x080050e4   Section        0  init_aeabi.o(.init_array)
    .data                                    0x20000000   Section      554  main.o(.data)
    Variable_Assignment_List                 0x20000090   Data         400  main.o(.data)
    usart_printf(const char*, ...)::ap       0x20000224   Data           4  main.o(.data)
    usart_printf(const char*, ...)::len      0x20000228   Data           2  main.o(.data)
    .data                                    0x2000022c   Section        4  can.o(.data)
    HAL_RCC_CAN1_CLK_ENABLED                 0x2000022c   Data           4  can.o(.data)
    .data                                    0x20000230   Section        2  stm32f4xx_it.o(.data)
    USART3_IRQHandler::this_time_rx_len      0x20000230   Data           2  stm32f4xx_it.o(.data)
    .data                                    0x20000234   Section        9  stm32f4xx_hal.o(.data)
    .data                                    0x20000240   Section        4  system_stm32f4xx.o(.data)
    .data                                    0x20000244   Section       17  drv_can_receive.o(.data)
    gimbal_can_send_data                     0x20000244   Data           8  drv_can_receive.o(.data)
    chassis_can_send_data                    0x2000024c   Data           8  drv_can_receive.o(.data)
    HAL_CAN_RxFifo0MsgPendingCallback::i     0x20000254   Data           1  drv_can_receive.o(.data)
    .bss                                     0x20000258   Section     1324  main.o(.bss)
    usart_printf(const char*, ...)::tx_buf   0x20000684   Data         256  main.o(.bss)
    .bss                                     0x20000784   Section       80  can.o(.bss)
    .bss                                     0x200007d4   Section      432  usart.o(.bss)
    .bss                                     0x20000984   Section     4192  drv_uart.o(.bss)
    .bss                                     0x200019e4   Section      114  remote_control.o(.bss)
    .bss                                     0x20001a58   Section      120  drv_can_receive.o(.bss)
    motor_chassis                            0x20001a58   Data          70  drv_can_receive.o(.bss)
    gimbal_tx_message                        0x20001aa0   Data          24  drv_can_receive.o(.bss)
    chassis_tx_message                       0x20001ab8   Data          24  drv_can_receive.o(.bss)
    .bss                                     0x20001ad0   Section       96  libspace.o(.bss)
    HEAP                                     0x20001b30   Section      512  startup_stm32f407xx.o(HEAP)
    Heap_Mem                                 0x20001b30   Data         512  startup_stm32f407xx.o(HEAP)
    STACK                                    0x20001d30   Section     1024  startup_stm32f407xx.o(STACK)
    Stack_Mem                                0x20001d30   Data        1024  startup_stm32f407xx.o(STACK)
    __initial_sp                             0x20002130   Data           0  startup_stm32f407xx.o(STACK)

    Global Symbols

    Symbol Name                              Value     Ov Type        Size  Object(Section)

    BuildAttributes$$THM_ISAv4$E$P$D$K$B$S$7EM$VFPi3$EXTD16$VFPS$VFMA$PE$A:L22UL41UL21$X:L11$S22US41US21$IEEE1$IW$USESV6$~STKCKD$USESV7$~SHL$OTIME$ROPI$IEEEX$EBA8$UX$STANDARDLIB$REQ8$PRES8$EABIv2 0x00000000   Number         0  anon$$obj.o ABSOLUTE
    __ARM_use_no_argv                        0x00000000   Number         0  main.o ABSOLUTE
    _printf_flags                            0x00000000   Number         0  printf_stubs.o ABSOLUTE
    _printf_return_value                     0x00000000   Number         0  printf_stubs.o ABSOLUTE
    _printf_sizespec                         0x00000000   Number         0  printf_stubs.o ABSOLUTE
    _printf_widthprec                        0x00000000   Number         0  printf_stubs.o ABSOLUTE
    __ARM_exceptions_init                     - Undefined Weak Reference
    __alloca_initialize                       - Undefined Weak Reference
    __arm_preinit_                            - Undefined Weak Reference
    __cxa_finalize                            - Undefined Weak Reference
    __sigvec_lookup                           - Undefined Weak Reference
    _atexit_init                              - Undefined Weak Reference
    _call_atexit_fns                          - Undefined Weak Reference
    _clock_init                               - Undefined Weak Reference
    _fp_trap_init                             - Undefined Weak Reference
    _fp_trap_shutdown                         - Undefined Weak Reference
    _get_lc_collate                           - Undefined Weak Reference
    _get_lc_monetary                          - Undefined Weak Reference
    _get_lc_time                              - Undefined Weak Reference
    _getenv_init                              - Undefined Weak Reference
    _handle_redirection                       - Undefined Weak Reference
    _init_alloc                               - Undefined Weak Reference
    _init_user_alloc                          - Undefined Weak Reference
    _initio                                   - Undefined Weak Reference
    _printf_fp_hex                            - Undefined Weak Reference
    _printf_mbtowc                            - Undefined Weak Reference
    _printf_wc                                - Undefined Weak Reference
    _rand_init                                - Undefined Weak Reference
    _signal_finish                            - Undefined Weak Reference
    _signal_init                              - Undefined Weak Reference
    _terminate_alloc                          - Undefined Weak Reference
    _terminate_user_alloc                     - Undefined Weak Reference
    _terminateio                              - Undefined Weak Reference
    __Vectors_Size                           0x00000188   Number         0  startup_stm32f407xx.o ABSOLUTE
    __Vectors                                0x08000000   Data           4  startup_stm32f407xx.o(RESET)
    __Vectors_End                            0x08000188   Data           0  startup_stm32f407xx.o(RESET)
    __main                                   0x08000189   Thumb Code     8  __main.o(!!!main)
    __scatterload                            0x08000191   Thumb Code     0  __scatter.o(!!!scatter)
    __scatterload_rt2                        0x08000191   Thumb Code    44  __scatter.o(!!!scatter)
    __scatterload_rt2_thumb_only             0x08000191   Thumb Code     0  __scatter.o(!!!scatter)
    __scatterload_null                       0x0800019f   Thumb Code     0  __scatter.o(!!!scatter)
    __decompress                             0x080001c5   Thumb Code    58  __dczerorl.o(!!dczerorl)
    __decompress0                            0x080001c5   Thumb Code     0  __dczerorl.o(!!dczerorl)
    __scatterload_zeroinit                   0x08000201   Thumb Code    28  __scatter_zi.o(!!handler_zi)
    __rt_lib_init                            0x0800021d   Thumb Code     0  libinit.o(.ARM.Collect$$libinit$$00000000)
    __rt_lib_init_fp_1                       0x0800021f   Thumb Code     0  libinit2.o(.ARM.Collect$$libinit$$00000001)
    __rt_lib_init_alloca_1                   0x08000223   Thumb Code     0  libinit2.o(.ARM.Collect$$libinit$$0000002E)
    __rt_lib_init_argv_1                     0x08000223   Thumb Code     0  libinit2.o(.ARM.Collect$$libinit$$0000002C)
    __rt_lib_init_atexit_1                   0x08000223   Thumb Code     0  libinit2.o(.ARM.Collect$$libinit$$0000001B)
    __rt_lib_init_clock_1                    0x08000223   Thumb Code     0  libinit2.o(.ARM.Collect$$libinit$$00000021)
    __rt_lib_init_cpp_2                      0x08000223   Thumb Code     0  libinit2.o(.ARM.Collect$$libinit$$00000031)
    __rt_lib_init_exceptions_1               0x08000223   Thumb Code     0  libinit2.o(.ARM.Collect$$libinit$$00000030)
    __rt_lib_init_fp_trap_1                  0x08000223   Thumb Code     0  libinit2.o(.ARM.Collect$$libinit$$0000001F)
    __rt_lib_init_getenv_1                   0x08000223   Thumb Code     0  libinit2.o(.ARM.Collect$$libinit$$00000023)
    __rt_lib_init_heap_1                     0x08000223   Thumb Code     0  libinit2.o(.ARM.Collect$$libinit$$0000000A)
    __rt_lib_init_lc_collate_1               0x08000223   Thumb Code     0  libinit2.o(.ARM.Collect$$libinit$$00000011)
    __rt_lib_init_lc_ctype_1                 0x08000223   Thumb Code     0  libinit2.o(.ARM.Collect$$libinit$$00000013)
    __rt_lib_init_lc_monetary_1              0x08000223   Thumb Code     0  libinit2.o(.ARM.Collect$$libinit$$00000015)
    __rt_lib_init_lc_numeric_1               0x08000223   Thumb Code     0  libinit2.o(.ARM.Collect$$libinit$$00000017)
    __rt_lib_init_lc_time_1                  0x08000223   Thumb Code     0  libinit2.o(.ARM.Collect$$libinit$$00000019)
    __rt_lib_init_preinit_1                  0x08000223   Thumb Code     0  libinit2.o(.ARM.Collect$$libinit$$00000004)
    __rt_lib_init_rand_1                     0x08000223   Thumb Code     0  libinit2.o(.ARM.Collect$$libinit$$0000000E)
    __rt_lib_init_signal_1                   0x08000223   Thumb Code     0  libinit2.o(.ARM.Collect$$libinit$$0000001D)
    __rt_lib_init_stdio_1                    0x08000223   Thumb Code     0  libinit2.o(.ARM.Collect$$libinit$$00000025)
    __rt_lib_init_user_alloc_1               0x08000223   Thumb Code     0  libinit2.o(.ARM.Collect$$libinit$$0000000C)
    __rt_lib_init_cpp_1                      0x08000227   Thumb Code     0  libinit2.o(.ARM.Collect$$libinit$$00000032)
    __rt_lib_init_return                     0x08000227   Thumb Code     0  libinit2.o(.ARM.Collect$$libinit$$00000033)
    __rt_lib_shutdown                        0x08000229   Thumb Code     0  libshutdown.o(.ARM.Collect$$libshutdown$$00000000)
    __rt_lib_shutdown_cpp_1                  0x0800022b   Thumb Code     0  libshutdown2.o(.ARM.Collect$$libshutdown$$00000002)
    __rt_lib_shutdown_fp_trap_1              0x0800022b   Thumb Code     0  libshutdown2.o(.ARM.Collect$$libshutdown$$00000007)
    __rt_lib_shutdown_heap_1                 0x0800022b   Thumb Code     0  libshutdown2.o(.ARM.Collect$$libshutdown$$0000000F)
    __rt_lib_shutdown_return                 0x0800022b   Thumb Code     0  libshutdown2.o(.ARM.Collect$$libshutdown$$00000010)
    __rt_lib_shutdown_signal_1               0x0800022b   Thumb Code     0  libshutdown2.o(.ARM.Collect$$libshutdown$$0000000A)
    __rt_lib_shutdown_stdio_1                0x0800022b   Thumb Code     0  libshutdown2.o(.ARM.Collect$$libshutdown$$00000004)
    __rt_lib_shutdown_user_alloc_1           0x0800022b   Thumb Code     0  libshutdown2.o(.ARM.Collect$$libshutdown$$0000000C)
    __rt_entry                               0x0800022d   Thumb Code     0  __rtentry.o(.ARM.Collect$$rtentry$$00000000)
    __rt_entry_presh_1                       0x0800022d   Thumb Code     0  __rtentry2.o(.ARM.Collect$$rtentry$$00000002)
    __rt_entry_sh                            0x0800022d   Thumb Code     0  __rtentry4.o(.ARM.Collect$$rtentry$$00000004)
    __rt_entry_li                            0x08000233   Thumb Code     0  __rtentry2.o(.ARM.Collect$$rtentry$$0000000A)
    __rt_entry_postsh_1                      0x08000233   Thumb Code     0  __rtentry2.o(.ARM.Collect$$rtentry$$00000009)
    __rt_entry_main                          0x08000237   Thumb Code     0  __rtentry2.o(.ARM.Collect$$rtentry$$0000000D)
    __rt_entry_postli_1                      0x08000237   Thumb Code     0  __rtentry2.o(.ARM.Collect$$rtentry$$0000000C)
    __rt_exit                                0x0800023f   Thumb Code     0  rtexit.o(.ARM.Collect$$rtexit$$00000000)
    __rt_exit_ls                             0x08000241   Thumb Code     0  rtexit2.o(.ARM.Collect$$rtexit$$00000003)
    __rt_exit_prels_1                        0x08000241   Thumb Code     0  rtexit2.o(.ARM.Collect$$rtexit$$00000002)
    __rt_exit_exit                           0x08000245   Thumb Code     0  rtexit2.o(.ARM.Collect$$rtexit$$00000004)
    Reset_Handler                            0x0800024d   Thumb Code     8  startup_stm32f407xx.o(.text)
    ADC_IRQHandler                           0x08000267   Thumb Code     0  startup_stm32f407xx.o(.text)
    CAN1_RX1_IRQHandler                      0x08000267   Thumb Code     0  startup_stm32f407xx.o(.text)
    CAN1_SCE_IRQHandler                      0x08000267   Thumb Code     0  startup_stm32f407xx.o(.text)
    CAN1_TX_IRQHandler                       0x08000267   Thumb Code     0  startup_stm32f407xx.o(.text)
    CAN2_RX0_IRQHandler                      0x08000267   Thumb Code     0  startup_stm32f407xx.o(.text)
    CAN2_RX1_IRQHandler                      0x08000267   Thumb Code     0  startup_stm32f407xx.o(.text)
    CAN2_SCE_IRQHandler                      0x08000267   Thumb Code     0  startup_stm32f407xx.o(.text)
    CAN2_TX_IRQHandler                       0x08000267   Thumb Code     0  startup_stm32f407xx.o(.text)
    DCMI_IRQHandler                          0x08000267   Thumb Code     0  startup_stm32f407xx.o(.text)
    DMA1_Stream0_IRQHandler                  0x08000267   Thumb Code     0  startup_stm32f407xx.o(.text)
    DMA1_Stream2_IRQHandler                  0x08000267   Thumb Code     0  startup_stm32f407xx.o(.text)
    DMA1_Stream3_IRQHandler                  0x08000267   Thumb Code     0  startup_stm32f407xx.o(.text)
    DMA1_Stream4_IRQHandler                  0x08000267   Thumb Code     0  startup_stm32f407xx.o(.text)
    DMA1_Stream5_IRQHandler                  0x08000267   Thumb Code     0  startup_stm32f407xx.o(.text)
    DMA1_Stream6_IRQHandler                  0x08000267   Thumb Code     0  startup_stm32f407xx.o(.text)
    DMA1_Stream7_IRQHandler                  0x08000267   Thumb Code     0  startup_stm32f407xx.o(.text)
    DMA2_Stream0_IRQHandler                  0x08000267   Thumb Code     0  startup_stm32f407xx.o(.text)
    DMA2_Stream1_IRQHandler                  0x08000267   Thumb Code     0  startup_stm32f407xx.o(.text)
    DMA2_Stream3_IRQHandler                  0x08000267   Thumb Code     0  startup_stm32f407xx.o(.text)
    DMA2_Stream4_IRQHandler                  0x08000267   Thumb Code     0  startup_stm32f407xx.o(.text)
    DMA2_Stream5_IRQHandler                  0x08000267   Thumb Code     0  startup_stm32f407xx.o(.text)
    DMA2_Stream6_IRQHandler                  0x08000267   Thumb Code     0  startup_stm32f407xx.o(.text)
    ETH_IRQHandler                           0x08000267   Thumb Code     0  startup_stm32f407xx.o(.text)
    ETH_WKUP_IRQHandler                      0x08000267   Thumb Code     0  startup_stm32f407xx.o(.text)
    EXTI0_IRQHandler                         0x08000267   Thumb Code     0  startup_stm32f407xx.o(.text)
    EXTI15_10_IRQHandler                     0x08000267   Thumb Code     0  startup_stm32f407xx.o(.text)
    EXTI1_IRQHandler                         0x08000267   Thumb Code     0  startup_stm32f407xx.o(.text)
    EXTI2_IRQHandler                         0x08000267   Thumb Code     0  startup_stm32f407xx.o(.text)
    EXTI3_IRQHandler                         0x08000267   Thumb Code     0  startup_stm32f407xx.o(.text)
    EXTI4_IRQHandler                         0x08000267   Thumb Code     0  startup_stm32f407xx.o(.text)
    EXTI9_5_IRQHandler                       0x08000267   Thumb Code     0  startup_stm32f407xx.o(.text)
    FLASH_IRQHandler                         0x08000267   Thumb Code     0  startup_stm32f407xx.o(.text)
    FMC_IRQHandler                           0x08000267   Thumb Code     0  startup_stm32f407xx.o(.text)
    FPU_IRQHandler                           0x08000267   Thumb Code     0  startup_stm32f407xx.o(.text)
    HASH_RNG_IRQHandler                      0x08000267   Thumb Code     0  startup_stm32f407xx.o(.text)
    I2C1_ER_IRQHandler                       0x08000267   Thumb Code     0  startup_stm32f407xx.o(.text)
    I2C1_EV_IRQHandler                       0x08000267   Thumb Code     0  startup_stm32f407xx.o(.text)
    I2C2_ER_IRQHandler                       0x08000267   Thumb Code     0  startup_stm32f407xx.o(.text)
    I2C2_EV_IRQHandler                       0x08000267   Thumb Code     0  startup_stm32f407xx.o(.text)
    I2C3_ER_IRQHandler                       0x08000267   Thumb Code     0  startup_stm32f407xx.o(.text)
    I2C3_EV_IRQHandler                       0x08000267   Thumb Code     0  startup_stm32f407xx.o(.text)
    OTG_FS_IRQHandler                        0x08000267   Thumb Code     0  startup_stm32f407xx.o(.text)
    OTG_FS_WKUP_IRQHandler                   0x08000267   Thumb Code     0  startup_stm32f407xx.o(.text)
    OTG_HS_EP1_IN_IRQHandler                 0x08000267   Thumb Code     0  startup_stm32f407xx.o(.text)
    OTG_HS_EP1_OUT_IRQHandler                0x08000267   Thumb Code     0  startup_stm32f407xx.o(.text)
    OTG_HS_IRQHandler                        0x08000267   Thumb Code     0  startup_stm32f407xx.o(.text)
    OTG_HS_WKUP_IRQHandler                   0x08000267   Thumb Code     0  startup_stm32f407xx.o(.text)
    PVD_IRQHandler                           0x08000267   Thumb Code     0  startup_stm32f407xx.o(.text)
    RCC_IRQHandler                           0x08000267   Thumb Code     0  startup_stm32f407xx.o(.text)
    RTC_Alarm_IRQHandler                     0x08000267   Thumb Code     0  startup_stm32f407xx.o(.text)
    RTC_WKUP_IRQHandler                      0x08000267   Thumb Code     0  startup_stm32f407xx.o(.text)
    SDIO_IRQHandler                          0x08000267   Thumb Code     0  startup_stm32f407xx.o(.text)
    SPI1_IRQHandler                          0x08000267   Thumb Code     0  startup_stm32f407xx.o(.text)
    SPI2_IRQHandler                          0x08000267   Thumb Code     0  startup_stm32f407xx.o(.text)
    SPI3_IRQHandler                          0x08000267   Thumb Code     0  startup_stm32f407xx.o(.text)
    TAMP_STAMP_IRQHandler                    0x08000267   Thumb Code     0  startup_stm32f407xx.o(.text)
    TIM1_BRK_TIM9_IRQHandler                 0x08000267   Thumb Code     0  startup_stm32f407xx.o(.text)
    TIM1_CC_IRQHandler                       0x08000267   Thumb Code     0  startup_stm32f407xx.o(.text)
    TIM1_TRG_COM_TIM11_IRQHandler            0x08000267   Thumb Code     0  startup_stm32f407xx.o(.text)
    TIM1_UP_TIM10_IRQHandler                 0x08000267   Thumb Code     0  startup_stm32f407xx.o(.text)
    TIM2_IRQHandler                          0x08000267   Thumb Code     0  startup_stm32f407xx.o(.text)
    TIM3_IRQHandler                          0x08000267   Thumb Code     0  startup_stm32f407xx.o(.text)
    TIM4_IRQHandler                          0x08000267   Thumb Code     0  startup_stm32f407xx.o(.text)
    TIM5_IRQHandler                          0x08000267   Thumb Code     0  startup_stm32f407xx.o(.text)
    TIM6_DAC_IRQHandler                      0x08000267   Thumb Code     0  startup_stm32f407xx.o(.text)
    TIM7_IRQHandler                          0x08000267   Thumb Code     0  startup_stm32f407xx.o(.text)
    TIM8_BRK_TIM12_IRQHandler                0x08000267   Thumb Code     0  startup_stm32f407xx.o(.text)
    TIM8_CC_IRQHandler                       0x08000267   Thumb Code     0  startup_stm32f407xx.o(.text)
    TIM8_TRG_COM_TIM14_IRQHandler            0x08000267   Thumb Code     0  startup_stm32f407xx.o(.text)
    TIM8_UP_TIM13_IRQHandler                 0x08000267   Thumb Code     0  startup_stm32f407xx.o(.text)
    UART4_IRQHandler                         0x08000267   Thumb Code     0  startup_stm32f407xx.o(.text)
    UART5_IRQHandler                         0x08000267   Thumb Code     0  startup_stm32f407xx.o(.text)
    USART2_IRQHandler                        0x08000267   Thumb Code     0  startup_stm32f407xx.o(.text)
    USART6_IRQHandler                        0x08000267   Thumb Code     0  startup_stm32f407xx.o(.text)
    WWDG_IRQHandler                          0x08000267   Thumb Code     0  startup_stm32f407xx.o(.text)
    __user_initial_stackheap                 0x08000269   Thumb Code     0  startup_stm32f407xx.o(.text)
    __aeabi_uldivmod                         0x0800028d   Thumb Code     0  lludivv7m.o(.text)
    _ll_udiv                                 0x0800028d   Thumb Code   238  lludivv7m.o(.text)
    __aeabi_memclr4                          0x0800037b   Thumb Code     0  rt_memclr_w.o(.text)
    __aeabi_memclr8                          0x0800037b   Thumb Code     0  rt_memclr_w.o(.text)
    __rt_memclr_w                            0x0800037b   Thumb Code    78  rt_memclr_w.o(.text)
    _memset_w                                0x0800037f   Thumb Code     0  rt_memclr_w.o(.text)
    strcmp                                   0x080003c9   Thumb Code   128  strcmpv7m.o(.text)
    __use_two_region_memory                  0x08000449   Thumb Code     2  heapauxi.o(.text)
    __rt_heap_escrow$2region                 0x0800044b   Thumb Code     2  heapauxi.o(.text)
    __rt_heap_expand$2region                 0x0800044d   Thumb Code     2  heapauxi.o(.text)
    __cpp_initialize__aeabi_                 0x08000451   Thumb Code    26  init_aeabi.o(.text)
    __read_errno                             0x08000475   Thumb Code    10  _rserrno.o(.text)
    __set_errno                              0x0800047f   Thumb Code    12  _rserrno.o(.text)
    __aeabi_errno_addr                       0x0800048d   Thumb Code     8  rt_errno_addr_intlibspace.o(.text)
    __errno$intlibspace                      0x0800048d   Thumb Code     0  rt_errno_addr_intlibspace.o(.text)
    __rt_errno_addr$intlibspace              0x0800048d   Thumb Code     0  rt_errno_addr_intlibspace.o(.text)
    __user_libspace                          0x08000495   Thumb Code     8  libspace.o(.text)
    __user_perproc_libspace                  0x08000495   Thumb Code     0  libspace.o(.text)
    __user_perthread_libspace                0x08000495   Thumb Code     0  libspace.o(.text)
    __user_setup_stackheap                   0x0800049d   Thumb Code    74  sys_stackheap_outer.o(.text)
    exit                                     0x080004e7   Thumb Code    18  exit.o(.text)
    _sys_exit                                0x080004f9   Thumb Code     8  sys_exit.o(.text)
    __I$use$semihosting                      0x08000505   Thumb Code     0  use_no_semi.o(.text)
    __use_no_semihosting_swi                 0x08000505   Thumb Code     2  use_no_semi.o(.text)
    BusFault_Handler                         0x08000507   Thumb Code     4  stm32f4xx_it.o(i.BusFault_Handler)
    __semihosting_library_function           0x08000507   Thumb Code     0  indicate_semi.o(.text)
    CAN1_RX0_IRQHandler                      0x0800050d   Thumb Code    10  stm32f4xx_it.o(i.CAN1_RX0_IRQHandler)
    DMA1_Stream1_IRQHandler                  0x0800051d   Thumb Code    10  stm32f4xx_it.o(i.DMA1_Stream1_IRQHandler)
    DMA2_Stream2_IRQHandler                  0x0800052d   Thumb Code    10  stm32f4xx_it.o(i.DMA2_Stream2_IRQHandler)
    DMA2_Stream7_IRQHandler                  0x0800053d   Thumb Code    10  stm32f4xx_it.o(i.DMA2_Stream7_IRQHandler)
    DebugMon_Handler                         0x0800054d   Thumb Code     2  stm32f4xx_it.o(i.DebugMon_Handler)
    Error_Handler                            0x0800054f   Thumb Code     6  main.o(i.Error_Handler)
    HAL_CAN_ActivateNotification             0x08000555   Thumb Code    42  stm32f4xx_hal_can.o(i.HAL_CAN_ActivateNotification)
    HAL_CAN_AddTxMessage                     0x0800057f   Thumb Code   330  stm32f4xx_hal_can.o(i.HAL_CAN_AddTxMessage)
    HAL_CAN_ConfigFilter                     0x080006c9   Thumb Code   286  stm32f4xx_hal_can.o(i.HAL_CAN_ConfigFilter)
    HAL_CAN_ErrorCallback                    0x080007ed   Thumb Code     2  stm32f4xx_hal_can.o(i.HAL_CAN_ErrorCallback)
    HAL_CAN_GetRxMessage                     0x080007ef   Thumb Code   404  stm32f4xx_hal_can.o(i.HAL_CAN_GetRxMessage)
    HAL_CAN_IRQHandler                       0x08000983   Thumb Code   590  stm32f4xx_hal_can.o(i.HAL_CAN_IRQHandler)
    HAL_CAN_Init                             0x08000bd1   Thumb Code   372  stm32f4xx_hal_can.o(i.HAL_CAN_Init)
    HAL_CAN_MspInit                          0x08000d45   Thumb Code   312  can.o(i.HAL_CAN_MspInit)
    HAL_CAN_RxFifo0FullCallback              0x08000e95   Thumb Code     2  stm32f4xx_hal_can.o(i.HAL_CAN_RxFifo0FullCallback)
    HAL_CAN_RxFifo0MsgPendingCallback        0x08000e99   Thumb Code   200  drv_can_receive.o(i.HAL_CAN_RxFifo0MsgPendingCallback)
    HAL_CAN_RxFifo1FullCallback              0x08000f69   Thumb Code     2  stm32f4xx_hal_can.o(i.HAL_CAN_RxFifo1FullCallback)
    HAL_CAN_RxFifo1MsgPendingCallback        0x08000f6b   Thumb Code     2  stm32f4xx_hal_can.o(i.HAL_CAN_RxFifo1MsgPendingCallback)
    HAL_CAN_SleepCallback                    0x08000f6d   Thumb Code     2  stm32f4xx_hal_can.o(i.HAL_CAN_SleepCallback)
    HAL_CAN_Start                            0x08000f6f   Thumb Code    94  stm32f4xx_hal_can.o(i.HAL_CAN_Start)
    HAL_CAN_TxMailbox0AbortCallback          0x08000fcd   Thumb Code     2  stm32f4xx_hal_can.o(i.HAL_CAN_TxMailbox0AbortCallback)
    HAL_CAN_TxMailbox0CompleteCallback       0x08000fcf   Thumb Code     2  stm32f4xx_hal_can.o(i.HAL_CAN_TxMailbox0CompleteCallback)
    HAL_CAN_TxMailbox1AbortCallback          0x08000fd1   Thumb Code     2  stm32f4xx_hal_can.o(i.HAL_CAN_TxMailbox1AbortCallback)
    HAL_CAN_TxMailbox1CompleteCallback       0x08000fd3   Thumb Code     2  stm32f4xx_hal_can.o(i.HAL_CAN_TxMailbox1CompleteCallback)
    HAL_CAN_TxMailbox2AbortCallback          0x08000fd5   Thumb Code     2  stm32f4xx_hal_can.o(i.HAL_CAN_TxMailbox2AbortCallback)
    HAL_CAN_TxMailbox2CompleteCallback       0x08000fd7   Thumb Code     2  stm32f4xx_hal_can.o(i.HAL_CAN_TxMailbox2CompleteCallback)
    HAL_CAN_WakeUpFromRxMsgCallback          0x08000fd9   Thumb Code     2  stm32f4xx_hal_can.o(i.HAL_CAN_WakeUpFromRxMsgCallback)
    HAL_DMA_Abort                            0x08000fdb   Thumb Code   172  stm32f4xx_hal_dma.o(i.HAL_DMA_Abort)
    HAL_DMA_Abort_IT                         0x08001087   Thumb Code    40  stm32f4xx_hal_dma.o(i.HAL_DMA_Abort_IT)
    HAL_DMA_IRQHandler                       0x080010b1   Thumb Code   570  stm32f4xx_hal_dma.o(i.HAL_DMA_IRQHandler)
    HAL_DMA_Init                             0x080012f1   Thumb Code   232  stm32f4xx_hal_dma.o(i.HAL_DMA_Init)
    HAL_DMA_Start_IT                         0x080013dd   Thumb Code   146  stm32f4xx_hal_dma.o(i.HAL_DMA_Start_IT)
    HAL_Delay                                0x08001471   Thumb Code    36  stm32f4xx_hal.o(i.HAL_Delay)
    HAL_GPIO_Init                            0x08001499   Thumb Code   454  stm32f4xx_hal_gpio.o(i.HAL_GPIO_Init)
    HAL_GetTick                              0x0800168d   Thumb Code     6  stm32f4xx_hal.o(i.HAL_GetTick)
    HAL_IncTick                              0x08001699   Thumb Code    16  stm32f4xx_hal.o(i.HAL_IncTick)
    HAL_Init                                 0x080016b1   Thumb Code    54  stm32f4xx_hal.o(i.HAL_Init)
    HAL_InitTick                             0x080016ed   Thumb Code    64  stm32f4xx_hal.o(i.HAL_InitTick)
    HAL_MspInit                              0x08001739   Thumb Code    68  stm32f4xx_hal_msp.o(i.HAL_MspInit)
    HAL_NVIC_EnableIRQ                       0x08001781   Thumb Code    40  stm32f4xx_hal_cortex.o(i.HAL_NVIC_EnableIRQ)
    HAL_NVIC_SetPriority                     0x080017a9   Thumb Code   124  stm32f4xx_hal_cortex.o(i.HAL_NVIC_SetPriority)
    HAL_NVIC_SetPriorityGrouping             0x08001825   Thumb Code    32  stm32f4xx_hal_cortex.o(i.HAL_NVIC_SetPriorityGrouping)
    HAL_RCC_ClockConfig                      0x0800184d   Thumb Code   368  stm32f4xx_hal_rcc.o(i.HAL_RCC_ClockConfig)
    HAL_RCC_GetHCLKFreq                      0x080019d1   Thumb Code     6  stm32f4xx_hal_rcc.o(i.HAL_RCC_GetHCLKFreq)
    HAL_RCC_GetPCLK1Freq                     0x080019dd   Thumb Code    22  stm32f4xx_hal_rcc.o(i.HAL_RCC_GetPCLK1Freq)
    HAL_RCC_GetPCLK2Freq                     0x080019fd   Thumb Code    22  stm32f4xx_hal_rcc.o(i.HAL_RCC_GetPCLK2Freq)
    HAL_RCC_GetSysClockFreq                  0x08001a1d   Thumb Code   162  stm32f4xx_hal_rcc.o(i.HAL_RCC_GetSysClockFreq)
    HAL_RCC_OscConfig                        0x08001acd   Thumb Code  1172  stm32f4xx_hal_rcc.o(i.HAL_RCC_OscConfig)
    HAL_SYSTICK_Config                       0x08001f69   Thumb Code    52  stm32f4xx_hal_cortex.o(i.HAL_SYSTICK_Config)
    HAL_UARTEx_ReceiveToIdle_DMA             0x08001f9d   Thumb Code   114  stm32f4xx_hal_uart.o(i.HAL_UARTEx_ReceiveToIdle_DMA)
    HAL_UARTEx_RxEventCallback               0x08002011   Thumb Code   246  drv_uart.o(i.HAL_UARTEx_RxEventCallback)
    HAL_UART_ErrorCallback                   0x08002139   Thumb Code     2  stm32f4xx_hal_uart.o(i.HAL_UART_ErrorCallback)
    HAL_UART_IRQHandler                      0x0800213d   Thumb Code   740  stm32f4xx_hal_uart.o(i.HAL_UART_IRQHandler)
    HAL_UART_Init                            0x08002425   Thumb Code   118  stm32f4xx_hal_uart.o(i.HAL_UART_Init)
    HAL_UART_MspInit                         0x0800249d   Thumb Code   514  usart.o(i.HAL_UART_MspInit)
    HAL_UART_RxCpltCallback                  0x080026cd   Thumb Code     2  stm32f4xx_hal_uart.o(i.HAL_UART_RxCpltCallback)
    HAL_UART_RxHalfCpltCallback              0x080026cf   Thumb Code     2  stm32f4xx_hal_uart.o(i.HAL_UART_RxHalfCpltCallback)
    HAL_UART_Transmit_DMA                    0x080026d1   Thumb Code   128  stm32f4xx_hal_uart.o(i.HAL_UART_Transmit_DMA)
    HAL_UART_TxCpltCallback                  0x0800275d   Thumb Code     2  stm32f4xx_hal_uart.o(i.HAL_UART_TxCpltCallback)
    HAL_UART_TxHalfCpltCallback              0x0800275f   Thumb Code     2  stm32f4xx_hal_uart.o(i.HAL_UART_TxHalfCpltCallback)
    HardFault_Handler                        0x08002761   Thumb Code     4  stm32f4xx_it.o(i.HardFault_Handler)
    MX_CAN1_Init                             0x08002765   Thumb Code    62  can.o(i.MX_CAN1_Init)
    MX_CAN2_Init                             0x080027ad   Thumb Code    58  can.o(i.MX_CAN2_Init)
    MX_DMA_Init                              0x080027f1   Thumb Code   114  dma.o(i.MX_DMA_Init)
    MX_GPIO_Init                             0x08002869   Thumb Code   156  gpio.o(i.MX_GPIO_Init)
    MX_USART1_UART_Init                      0x08002909   Thumb Code    46  usart.o(i.MX_USART1_UART_Init)
    MX_USART3_UART_Init                      0x08002941   Thumb Code    50  usart.o(i.MX_USART3_UART_Init)
    MemManage_Handler                        0x08002981   Thumb Code     4  stm32f4xx_it.o(i.MemManage_Handler)
    NMI_Handler                              0x08002985   Thumb Code     4  stm32f4xx_it.o(i.NMI_Handler)
    PendSV_Handler                           0x08002989   Thumb Code     2  stm32f4xx_it.o(i.PendSV_Handler)
    SVC_Handler                              0x0800298b   Thumb Code     2  stm32f4xx_it.o(i.SVC_Handler)
    SysTick_Handler                          0x0800298d   Thumb Code     8  stm32f4xx_it.o(i.SysTick_Handler)
    SystemInit                               0x08002995   Thumb Code    14  system_stm32f4xx.o(i.SystemInit)
    UART_Start_Receive_DMA                   0x080029a9   Thumb Code   186  stm32f4xx_hal_uart.o(i.UART_Start_Receive_DMA)
    USART1_IRQHandler                        0x08002a71   Thumb Code    10  stm32f4xx_it.o(i.USART1_IRQHandler)
    USART3_IRQHandler                        0x08002a81   Thumb Code   270  stm32f4xx_it.o(i.USART3_IRQHandler)
    UsageFault_Handler                       0x08002bad   Thumb Code     4  stm32f4xx_it.o(i.UsageFault_Handler)
    sbus_to_rc(const volatile unsigned char*, RC_ctrl_t*) 0x08002bb1   Thumb Code   124  remote_control.o(i._Z10sbus_to_rcPVKhP9RC_ctrl_t)
    CAN_cmd_gimbal(short, short, short, short) 0x08002c2d   Thumb Code    68  drv_can_receive.o(i._Z14CAN_cmd_gimbalssss)
    UART_Send_Data(__UART_HandleTypeDef*, unsigned char*, unsigned short) 0x08002c7d   Thumb Code    20  drv_uart.o(i._Z14UART_Send_DataP20__UART_HandleTypeDefPht)
    can_filter_init()                        0x08002c91   Thumb Code    84  bsp_can.o(i._Z15can_filter_initv)
    SystemClock_Config()                     0x08002ced   Thumb Code   170  main.o(i._Z18SystemClock_Configv)
    usart1_tx_dma_init()                     0x08002da1   Thumb Code    18  bsp_usart.o(i._Z18usart1_tx_dma_initv)
    remote_control_init()                    0x08002db9   Thumb Code    16  remote_control.o(i._Z19remote_control_initv)
    get_remote_control_point()               0x08002dcd   Thumb Code     4  remote_control.o(i._Z24get_remote_control_pointv)
    UART_Serialplot_Call_Back(unsigned char*, unsigned short) 0x08002dd5   Thumb Code   200  main.o(i._Z25UART_Serialplot_Call_BackPht)
    TIM_UART_PeriodElapsedCallback()         0x08002eb1   Thumb Code    14  drv_uart.o(i._Z30TIM_UART_PeriodElapsedCallbackv)
    get_yaw_gimbal_motor_measure_point()     0x08002ec9   Thumb Code     4  drv_can_receive.o(i._Z34get_yaw_gimbal_motor_measure_pointv)
    RC_init(unsigned char*, unsigned char*, unsigned short) 0x08002ed1   Thumb Code   142  bsp_rc.o(i._Z7RC_initPhS_t)
    UART_Init(__UART_HandleTypeDef*, void(*)(unsigned char*, unsigned short), unsigned short) 0x08002f6d   Thumb Code   224  drv_uart.o(i._Z9UART_InitP20__UART_HandleTypeDefPFvPhtEt)
    Class_Serialplot::Get_Variable_Index()   0x0800307d   Thumb Code     8  dvc_serialplot.o(i._ZN16Class_Serialplot18Get_Variable_IndexEv)
    Class_Serialplot::Get_Variable_Value()   0x08003085   Thumb Code    24  dvc_serialplot.o(i._ZN16Class_Serialplot18Get_Variable_ValueEv)
    Class_Serialplot::Judge_Variable_Name()  0x0800309d   Thumb Code    96  dvc_serialplot.o(i._ZN16Class_Serialplot19Judge_Variable_NameEv)
    Class_Serialplot::UART_RxCpltCallback(unsigned char*) 0x080030fd   Thumb Code    24  dvc_serialplot.o(i._ZN16Class_Serialplot19UART_RxCpltCallbackEPh)
    Class_Serialplot::Judge_Variable_Value(int) 0x08003115   Thumb Code   214  dvc_serialplot.o(i._ZN16Class_Serialplot20Judge_Variable_ValueEi)
    Class_Serialplot::TIM_Write_PeriodElapsedCallback() 0x080031f1   Thumb Code    12  dvc_serialplot.o(i._ZN16Class_Serialplot31TIM_Write_PeriodElapsedCallbackEv)
    Class_Serialplot::Init(__UART_HandleTypeDef*, unsigned char, char**, Enum_Serialplot_Data_Type, unsigned char) 0x080031fd   Thumb Code   102  dvc_serialplot.o(i._ZN16Class_Serialplot4InitEP20__UART_HandleTypeDefhPPc25Enum_Serialplot_Data_Typeh)
    Class_Serialplot::Output()               0x08003295   Thumb Code   224  dvc_serialplot.o(i._ZN16Class_Serialplot6OutputEv)
    Class_Serialplot::Set_Data(unsigned char, ...) 0x08003375   Thumb Code    58  dvc_serialplot.o(i._ZN16Class_Serialplot8Set_DataEhz)
    Class_Motor_GM6020::PID_Calculate()      0x080033af   Thumb Code   274  dvc_motor.o(i._ZN18Class_Motor_GM602013PID_CalculateEv)
    Class_Motor_GM6020::Init(CAN_HandleTypeDef*, Enum_Motor_DJI_Control_Method, float, float) 0x080034c1   Thumb Code    14  dvc_motor.o(i._ZN18Class_Motor_GM60204InitEP17CAN_HandleTypeDef29Enum_Motor_DJI_Control_Methodff)
    Class_Motor_GM6020::Class_Motor_GM6020() 0x080034d1   Thumb Code   188  main.o(i._ZN18Class_Motor_GM6020C1Ev)
    Class_Motor_GM6020::Class_Motor_GM6020__sub_object() 0x080034d1   Thumb Code     0  main.o(i._ZN18Class_Motor_GM6020C1Ev)
    Class_PID::Set_Target(float)             0x08003cc9   Thumb Code     6  alg_pid.o(i._ZN9Class_PID10Set_TargetEf)
    Class_PID::TIM_Adjust_PeriodElapsedCallback() 0x08003cd1   Thumb Code   622  alg_pid.o(i._ZN9Class_PID32TIM_Adjust_PeriodElapsedCallbackEv)
    Class_PID::Init(float, float, float, float, float, float, float, float, float, float, float, Enum_PID_D_First) 0x08003f45   Thumb Code    48  alg_pid.o(i._ZN9Class_PID4InitEfffffffffff16Enum_PID_D_First)
    Class_PID::Get_Out()                     0x08003f75   Thumb Code     6  alg_pid.o(i._ZN9Class_PID7Get_OutEv)
    Class_PID::Set_K_P(float)                0x08003f7b   Thumb Code     6  alg_pid.o(i._ZN9Class_PID7Set_K_PEf)
    Class_PID::Set_Now(float)                0x08003f81   Thumb Code     6  alg_pid.o(i._ZN9Class_PID7Set_NowEf)
    Class_PID::Class_PID()                   0x08003f89   Thumb Code   138  main.o(i._ZN9Class_PIDC1Ev)
    Class_PID::Class_PID__sub_object()       0x08003f89   Thumb Code     0  main.o(i._ZN9Class_PIDC1Ev)
    __ARM_fpclassifyf                        0x08004019   Thumb Code    38  fpclassifyf.o(i.__ARM_fpclassifyf)
    __hardfp_powf                            0x08004041   Thumb Code  1606  powf.o(i.__hardfp_powf)
    __mathlib_powf                           0x08004041   Thumb Code     0  powf.o(i.__hardfp_powf)
    __hardfp_sinf                            0x080046a5   Thumb Code   344  sinf.o(i.__hardfp_sinf)
    __mathlib_flt_divzero                    0x08004835   Thumb Code    14  funder.o(i.__mathlib_flt_divzero)
    __mathlib_flt_infnan                     0x08004849   Thumb Code     6  funder.o(i.__mathlib_flt_infnan)
    __mathlib_flt_infnan2                    0x0800484f   Thumb Code     6  funder.o(i.__mathlib_flt_infnan2)
    __mathlib_flt_invalid                    0x08004855   Thumb Code    10  funder.o(i.__mathlib_flt_invalid)
    __mathlib_flt_overflow                   0x08004865   Thumb Code    10  funder.o(i.__mathlib_flt_overflow)
    __mathlib_flt_underflow                  0x08004875   Thumb Code    10  funder.o(i.__mathlib_flt_underflow)
    __mathlib_rredf2                         0x08004885   Thumb Code   316  rredf.o(i.__mathlib_rredf2)
    main                                     0x08004a49   Thumb Code   580  main.o(i.main)
    void Math_Constrain<float>(T1*, T1, T1)  0x08004cf9   Thumb Code    40  alg_pid.o(t._Z14Math_ConstrainIfEvPT_S0_S0_)
    T1 Math_Abs<float>(T1)                   0x08004d21   Thumb Code    26  drv_math.o(t._Z8Math_AbsIfET_S0_)
    __aeabi_d2f                              0x08004d3d   Thumb Code     0  d2f.o(x$fpl$d2f)
    _d2f                                     0x08004d3d   Thumb Code    98  d2f.o(x$fpl$d2f)
    __fpl_dnaninf                            0x08004d9f   Thumb Code   156  dnaninf.o(x$fpl$dnaninf)
    __fpl_dretinf                            0x08004e3b   Thumb Code    12  dretinf.o(x$fpl$dretinf)
    __aeabi_f2d                              0x08004e49   Thumb Code     0  f2d.o(x$fpl$f2d)
    _f2d                                     0x08004e49   Thumb Code    86  f2d.o(x$fpl$f2d)
    __fpl_fnaninf                            0x08004e9f   Thumb Code   140  fnaninf.o(x$fpl$fnaninf)
    _fp_init                                 0x08004f2b   Thumb Code    10  fpinit.o(x$fpl$fpinit)
    __fplib_config_fpu_vfp                   0x08004f33   Thumb Code     0  fpinit.o(x$fpl$fpinit)
    __fplib_config_pureend_doubles           0x08004f33   Thumb Code     0  fpinit.o(x$fpl$fpinit)
    __fpl_fretinf                            0x08004f35   Thumb Code    10  fretinf.o(x$fpl$fretinf)
    __I$use$fp                               0x08004f3e   Number         0  usenofp.o(x$fpl$usenofp)
    AHBPrescTable                            0x08004f46   Data          16  system_stm32f4xx.o(.constdata)
    APBPrescTable                            0x08004f56   Data           8  system_stm32f4xx.o(.constdata)
    Region$$Table$$Base                      0x080050c0   Number         0  anon$$obj.o(Region$$Table)
    Region$$Table$$Limit                     0x080050e0   Number         0  anon$$obj.o(Region$$Table)
    SHT$$INIT_ARRAY$$Base                    0x080050e0   Number         0  main.o(.init_array)
    SHT$$INIT_ARRAY$$Limit                   0x080050e4   Number         0  init_aeabi.o(.init_array)
    Now_Omega_0                              0x20000000   Data           4  main.o(.data)
    Target_Omega_0                           0x20000004   Data           4  main.o(.data)
    Now_Omega_1                              0x20000008   Data           4  main.o(.data)
    Target_Omega_1                           0x2000000c   Data           4  main.o(.data)
    Now_Omega_2                              0x20000010   Data           4  main.o(.data)
    Target_Omega_2                           0x20000014   Data           4  main.o(.data)
    Now_Omega_3                              0x20000018   Data           4  main.o(.data)
    Target_Omega_3                           0x2000001c   Data           4  main.o(.data)
    Now_Angle                                0x20000020   Data           4  main.o(.data)
    Target_Angle                             0x20000024   Data           4  main.o(.data)
    Target_Omega_c0                          0x20000028   Data           4  main.o(.data)
    Target_Omega_c1                          0x2000002c   Data           4  main.o(.data)
    Target_Omega_c2                          0x20000030   Data           4  main.o(.data)
    Target_Omega_c3                          0x20000034   Data           4  main.o(.data)
    vx_set                                   0x20000038   Data           4  main.o(.data)
    vy_set                                   0x2000003c   Data           4  main.o(.data)
    omega_set                                0x20000040   Data           4  main.o(.data)
    Counter                                  0x20000044   Data           4  main.o(.data)
    Output_val_0                             0x20000048   Data           4  main.o(.data)
    Output_val_1                             0x2000004c   Data           4  main.o(.data)
    Output_val_2                             0x20000050   Data           4  main.o(.data)
    Output_val_3                             0x20000054   Data           4  main.o(.data)
    test_val                                 0x20000058   Data           4  main.o(.data)
    Right_X                                  0x2000005c   Data           4  main.o(.data)
    Right_Y                                  0x20000060   Data           4  main.o(.data)
    Left_X                                   0x20000064   Data           4  main.o(.data)
    Left_Y                                   0x20000068   Data           4  main.o(.data)
    Rocker_Offset                            0x2000006c   Data           4  main.o(.data)
    Rocker_Num                               0x20000070   Data           4  main.o(.data)
    velocity_x_max                           0x20000074   Data           4  main.o(.data)
    velocity_y_max                           0x20000078   Data           4  main.o(.data)
    omega_max                                0x2000007c   Data           4  main.o(.data)
    r_wheel_to_core                          0x20000080   Data           4  main.o(.data)
    gimbal_motor_measure                     0x20000084   Data           4  main.o(.data)
    delta_encoder                            0x20000088   Data           2  main.o(.data)
    Encoder_Num_Per_Round                    0x2000008a   Data           2  main.o(.data)
    Encoder_Offset                           0x2000008c   Data           4  main.o(.data)
    local_rc_ctrl                            0x20000220   Data           4  main.o(.data)
    uwTick                                   0x20000234   Data           4  stm32f4xx_hal.o(.data)
    uwTickPrio                               0x20000238   Data           4  stm32f4xx_hal.o(.data)
    uwTickFreq                               0x2000023c   Data           1  stm32f4xx_hal.o(.data)
    SystemCoreClock                          0x20000240   Data           4  system_stm32f4xx.o(.data)
    serialplot                               0x20000258   Data          72  main.o(.bss)
    pid_omega                                0x200002a0   Data          80  main.o(.bss)
    pid_omega_1                              0x200002f0   Data          80  main.o(.bss)
    pid_omega_2                              0x20000340   Data          80  main.o(.bss)
    pid_omega_3                              0x20000390   Data          80  main.o(.bss)
    PID_Angle                                0x200003e0   Data          80  main.o(.bss)
    PID_Omega                                0x20000430   Data          80  main.o(.bss)
    PID_Current                              0x20000480   Data          80  main.o(.bss)
    Motor_Yaw                                0x200004d0   Data         372  main.o(.bss)
    Rx_Omega                                 0x20000644   Data          16  main.o(.bss)
    Rx_Torque                                0x20000654   Data          16  main.o(.bss)
    Rx_Encoder                               0x20000664   Data          16  main.o(.bss)
    Rx_Temperature                           0x20000674   Data          16  main.o(.bss)
    hcan1                                    0x20000784   Data          40  can.o(.bss)
    hcan2                                    0x200007ac   Data          40  can.o(.bss)
    huart1                                   0x200007d4   Data          72  usart.o(.bss)
    huart3                                   0x2000081c   Data          72  usart.o(.bss)
    hdma_usart1_tx                           0x20000864   Data          96  usart.o(.bss)
    hdma_usart1_rx                           0x200008c4   Data          96  usart.o(.bss)
    hdma_usart3_rx                           0x20000924   Data          96  usart.o(.bss)
    UART1_Manage_Object                      0x20000984   Data         524  drv_uart.o(.bss)
    UART2_Manage_Object                      0x20000b90   Data         524  drv_uart.o(.bss)
    UART3_Manage_Object                      0x20000d9c   Data         524  drv_uart.o(.bss)
    UART4_Manage_Object                      0x20000fa8   Data         524  drv_uart.o(.bss)
    UART5_Manage_Object                      0x200011b4   Data         524  drv_uart.o(.bss)
    UART6_Manage_Object                      0x200013c0   Data         524  drv_uart.o(.bss)
    UART7_Manage_Object                      0x200015cc   Data         524  drv_uart.o(.bss)
    UART8_Manage_Object                      0x200017d8   Data         524  drv_uart.o(.bss)
    rc_ctrl                                  0x200019e4   Data          14  remote_control.o(.bss)
    sbus_rx_buf                              0x200019f2   Data         100  remote_control.o(.bss)
    __libspace_start                         0x20001ad0   Data          96  libspace.o(.bss)
    __temporary_stack_top$libspace           0x20001b30   Data           0  libspace.o(.bss)



==============================================================================

Memory Map of the image

  Image Entry point : 0x08000189

  Load Region LR_IROM1 (Base: 0x08000000, Size: 0x0000533c, Max: 0x00100000, ABSOLUTE, COMPRESSED[0x0000511c])

    Execution Region ER_IROM1 (Exec base: 0x08000000, Load base: 0x08000000, Size: 0x000050e4, Max: 0x00100000, ABSOLUTE)

    Exec Addr    Load Addr    Size         Type   Attr      Idx    E Section Name        Object

    0x08000000   0x08000000   0x00000188   Data   RO            3    RESET               startup_stm32f407xx.o
    0x08000188   0x08000188   0x00000008   Code   RO         3521  * !!!main             c_w.l(__main.o)
    0x08000190   0x08000190   0x00000034   Code   RO         3913    !!!scatter          c_w.l(__scatter.o)
    0x080001c4   0x080001c4   0x0000003a   Code   RO         3911    !!dczerorl          c_w.l(__dczerorl.o)
    0x080001fe   0x080001fe   0x00000002   PAD
    0x08000200   0x08000200   0x0000001c   Code   RO         3915    !!handler_zi        c_w.l(__scatter_zi.o)
    0x0800021c   0x0800021c   0x00000002   Code   RO         3832    .ARM.Collect$$libinit$$00000000  c_w.l(libinit.o)
    0x0800021e   0x0800021e   0x00000004   Code   RO         3657    .ARM.Collect$$libinit$$00000001  c_w.l(libinit2.o)
    0x08000222   0x08000222   0x00000000   Code   RO         3660    .ARM.Collect$$libinit$$00000004  c_w.l(libinit2.o)
    0x08000222   0x08000222   0x00000000   Code   RO         3663    .ARM.Collect$$libinit$$0000000A  c_w.l(libinit2.o)
    0x08000222   0x08000222   0x00000000   Code   RO         3665    .ARM.Collect$$libinit$$0000000C  c_w.l(libinit2.o)
    0x08000222   0x08000222   0x00000000   Code   RO         3667    .ARM.Collect$$libinit$$0000000E  c_w.l(libinit2.o)
    0x08000222   0x08000222   0x00000000   Code   RO         3670    .ARM.Collect$$libinit$$00000011  c_w.l(libinit2.o)
    0x08000222   0x08000222   0x00000000   Code   RO         3672    .ARM.Collect$$libinit$$00000013  c_w.l(libinit2.o)
    0x08000222   0x08000222   0x00000000   Code   RO         3674    .ARM.Collect$$libinit$$00000015  c_w.l(libinit2.o)
    0x08000222   0x08000222   0x00000000   Code   RO         3676    .ARM.Collect$$libinit$$00000017  c_w.l(libinit2.o)
    0x08000222   0x08000222   0x00000000   Code   RO         3678    .ARM.Collect$$libinit$$00000019  c_w.l(libinit2.o)
    0x08000222   0x08000222   0x00000000   Code   RO         3680    .ARM.Collect$$libinit$$0000001B  c_w.l(libinit2.o)
    0x08000222   0x08000222   0x00000000   Code   RO         3682    .ARM.Collect$$libinit$$0000001D  c_w.l(libinit2.o)
    0x08000222   0x08000222   0x00000000   Code   RO         3684    .ARM.Collect$$libinit$$0000001F  c_w.l(libinit2.o)
    0x08000222   0x08000222   0x00000000   Code   RO         3686    .ARM.Collect$$libinit$$00000021  c_w.l(libinit2.o)
    0x08000222   0x08000222   0x00000000   Code   RO         3688    .ARM.Collect$$libinit$$00000023  c_w.l(libinit2.o)
    0x08000222   0x08000222   0x00000000   Code   RO         3690    .ARM.Collect$$libinit$$00000025  c_w.l(libinit2.o)
    0x08000222   0x08000222   0x00000000   Code   RO         3694    .ARM.Collect$$libinit$$0000002C  c_w.l(libinit2.o)
    0x08000222   0x08000222   0x00000000   Code   RO         3696    .ARM.Collect$$libinit$$0000002E  c_w.l(libinit2.o)
    0x08000222   0x08000222   0x00000000   Code   RO         3698    .ARM.Collect$$libinit$$00000030  c_w.l(libinit2.o)
    0x08000222   0x08000222   0x00000004   Code   RO         3699    .ARM.Collect$$libinit$$00000031  c_w.l(libinit2.o)
    0x08000226   0x08000226   0x00000000   Code   RO         3700    .ARM.Collect$$libinit$$00000032  c_w.l(libinit2.o)
    0x08000226   0x08000226   0x00000002   Code   RO         3701    .ARM.Collect$$libinit$$00000033  c_w.l(libinit2.o)
    0x08000228   0x08000228   0x00000002   Code   RO         3878    .ARM.Collect$$libshutdown$$00000000  c_w.l(libshutdown.o)
    0x0800022a   0x0800022a   0x00000000   Code   RO         3894    .ARM.Collect$$libshutdown$$00000002  c_w.l(libshutdown2.o)
    0x0800022a   0x0800022a   0x00000000   Code   RO         3896    .ARM.Collect$$libshutdown$$00000004  c_w.l(libshutdown2.o)
    0x0800022a   0x0800022a   0x00000000   Code   RO         3899    .ARM.Collect$$libshutdown$$00000007  c_w.l(libshutdown2.o)
    0x0800022a   0x0800022a   0x00000000   Code   RO         3902    .ARM.Collect$$libshutdown$$0000000A  c_w.l(libshutdown2.o)
    0x0800022a   0x0800022a   0x00000000   Code   RO         3904    .ARM.Collect$$libshutdown$$0000000C  c_w.l(libshutdown2.o)
    0x0800022a   0x0800022a   0x00000000   Code   RO         3907    .ARM.Collect$$libshutdown$$0000000F  c_w.l(libshutdown2.o)
    0x0800022a   0x0800022a   0x00000002   Code   RO         3908    .ARM.Collect$$libshutdown$$00000010  c_w.l(libshutdown2.o)
    0x0800022c   0x0800022c   0x00000000   Code   RO         3559    .ARM.Collect$$rtentry$$00000000  c_w.l(__rtentry.o)
    0x0800022c   0x0800022c   0x00000000   Code   RO         3735    .ARM.Collect$$rtentry$$00000002  c_w.l(__rtentry2.o)
    0x0800022c   0x0800022c   0x00000006   Code   RO         3747    .ARM.Collect$$rtentry$$00000004  c_w.l(__rtentry4.o)
    0x08000232   0x08000232   0x00000000   Code   RO         3737    .ARM.Collect$$rtentry$$00000009  c_w.l(__rtentry2.o)
    0x08000232   0x08000232   0x00000004   Code   RO         3738    .ARM.Collect$$rtentry$$0000000A  c_w.l(__rtentry2.o)
    0x08000236   0x08000236   0x00000000   Code   RO         3740    .ARM.Collect$$rtentry$$0000000C  c_w.l(__rtentry2.o)
    0x08000236   0x08000236   0x00000008   Code   RO         3741    .ARM.Collect$$rtentry$$0000000D  c_w.l(__rtentry2.o)
    0x0800023e   0x0800023e   0x00000002   Code   RO         3837    .ARM.Collect$$rtexit$$00000000  c_w.l(rtexit.o)
    0x08000240   0x08000240   0x00000000   Code   RO         3860    .ARM.Collect$$rtexit$$00000002  c_w.l(rtexit2.o)
    0x08000240   0x08000240   0x00000004   Code   RO         3861    .ARM.Collect$$rtexit$$00000003  c_w.l(rtexit2.o)
    0x08000244   0x08000244   0x00000006   Code   RO         3862    .ARM.Collect$$rtexit$$00000004  c_w.l(rtexit2.o)
    0x0800024a   0x0800024a   0x00000002   PAD
    0x0800024c   0x0800024c   0x00000040   Code   RO            4    .text               startup_stm32f407xx.o
    0x0800028c   0x0800028c   0x000000ee   Code   RO         3511    .text               c_w.l(lludivv7m.o)
    0x0800037a   0x0800037a   0x0000004e   Code   RO         3515    .text               c_w.l(rt_memclr_w.o)
    0x080003c8   0x080003c8   0x00000080   Code   RO         3517    .text               c_w.l(strcmpv7m.o)
    0x08000448   0x08000448   0x00000006   Code   RO         3519    .text               c_w.l(heapauxi.o)
    0x0800044e   0x0800044e   0x00000002   PAD
    0x08000450   0x08000450   0x00000024   Code   RO         3526    .text               c_w.l(init_aeabi.o)
    0x08000474   0x08000474   0x00000016   Code   RO         3564    .text               c_w.l(_rserrno.o)
    0x0800048a   0x0800048a   0x00000002   PAD
    0x0800048c   0x0800048c   0x00000008   Code   RO         3754    .text               c_w.l(rt_errno_addr_intlibspace.o)
    0x08000494   0x08000494   0x00000008   Code   RO         3775    .text               c_w.l(libspace.o)
    0x0800049c   0x0800049c   0x0000004a   Code   RO         3778    .text               c_w.l(sys_stackheap_outer.o)
    0x080004e6   0x080004e6   0x00000012   Code   RO         3817    .text               c_w.l(exit.o)
    0x080004f8   0x080004f8   0x0000000c   Code   RO         3854    .text               c_w.l(sys_exit.o)
    0x08000504   0x08000504   0x00000002   Code   RO         3856    .text               c_w.l(use_no_semi.o)
    0x08000506   0x08000506   0x00000000   Code   RO         3858    .text               c_w.l(indicate_semi.o)
    0x08000506   0x08000506   0x00000004   Code   RO          406    i.BusFault_Handler  stm32f4xx_it.o
    0x0800050a   0x0800050a   0x00000002   PAD
    0x0800050c   0x0800050c   0x00000010   Code   RO          407    i.CAN1_RX0_IRQHandler  stm32f4xx_it.o
    0x0800051c   0x0800051c   0x00000010   Code   RO          408    i.DMA1_Stream1_IRQHandler  stm32f4xx_it.o
    0x0800052c   0x0800052c   0x00000010   Code   RO          409    i.DMA2_Stream2_IRQHandler  stm32f4xx_it.o
    0x0800053c   0x0800053c   0x00000010   Code   RO          410    i.DMA2_Stream7_IRQHandler  stm32f4xx_it.o
    0x0800054c   0x0800054c   0x00000002   Code   RO          411    i.DebugMon_Handler  stm32f4xx_it.o
    0x0800054e   0x0800054e   0x00000006   Code   RO           13    i.Error_Handler     main.o
    0x08000554   0x08000554   0x0000002a   Code   RO          560    i.HAL_CAN_ActivateNotification  stm32f4xx_hal_can.o
    0x0800057e   0x0800057e   0x0000014a   Code   RO          561    i.HAL_CAN_AddTxMessage  stm32f4xx_hal_can.o
    0x080006c8   0x080006c8   0x00000124   Code   RO          562    i.HAL_CAN_ConfigFilter  stm32f4xx_hal_can.o
    0x080007ec   0x080007ec   0x00000002   Code   RO          565    i.HAL_CAN_ErrorCallback  stm32f4xx_hal_can.o
    0x080007ee   0x080007ee   0x00000194   Code   RO          568    i.HAL_CAN_GetRxMessage  stm32f4xx_hal_can.o
    0x08000982   0x08000982   0x0000024e   Code   RO          572    i.HAL_CAN_IRQHandler  stm32f4xx_hal_can.o
    0x08000bd0   0x08000bd0   0x00000174   Code   RO          573    i.HAL_CAN_Init      stm32f4xx_hal_can.o
    0x08000d44   0x08000d44   0x00000150   Code   RO          277    i.HAL_CAN_MspInit   can.o
    0x08000e94   0x08000e94   0x00000002   Code   RO          580    i.HAL_CAN_RxFifo0FullCallback  stm32f4xx_hal_can.o
    0x08000e96   0x08000e96   0x00000002   PAD
    0x08000e98   0x08000e98   0x000000d0   Code   RO         3394    i.HAL_CAN_RxFifo0MsgPendingCallback  drv_can_receive.o
    0x08000f68   0x08000f68   0x00000002   Code   RO          582    i.HAL_CAN_RxFifo1FullCallback  stm32f4xx_hal_can.o
    0x08000f6a   0x08000f6a   0x00000002   Code   RO          583    i.HAL_CAN_RxFifo1MsgPendingCallback  stm32f4xx_hal_can.o
    0x08000f6c   0x08000f6c   0x00000002   Code   RO          584    i.HAL_CAN_SleepCallback  stm32f4xx_hal_can.o
    0x08000f6e   0x08000f6e   0x0000005e   Code   RO          585    i.HAL_CAN_Start     stm32f4xx_hal_can.o
    0x08000fcc   0x08000fcc   0x00000002   Code   RO          587    i.HAL_CAN_TxMailbox0AbortCallback  stm32f4xx_hal_can.o
    0x08000fce   0x08000fce   0x00000002   Code   RO          588    i.HAL_CAN_TxMailbox0CompleteCallback  stm32f4xx_hal_can.o
    0x08000fd0   0x08000fd0   0x00000002   Code   RO          589    i.HAL_CAN_TxMailbox1AbortCallback  stm32f4xx_hal_can.o
    0x08000fd2   0x08000fd2   0x00000002   Code   RO          590    i.HAL_CAN_TxMailbox1CompleteCallback  stm32f4xx_hal_can.o
    0x08000fd4   0x08000fd4   0x00000002   Code   RO          591    i.HAL_CAN_TxMailbox2AbortCallback  stm32f4xx_hal_can.o
    0x08000fd6   0x08000fd6   0x00000002   Code   RO          592    i.HAL_CAN_TxMailbox2CompleteCallback  stm32f4xx_hal_can.o
    0x08000fd8   0x08000fd8   0x00000002   Code   RO          594    i.HAL_CAN_WakeUpFromRxMsgCallback  stm32f4xx_hal_can.o
    0x08000fda   0x08000fda   0x000000ac   Code   RO         1398    i.HAL_DMA_Abort     stm32f4xx_hal_dma.o
    0x08001086   0x08001086   0x00000028   Code   RO         1399    i.HAL_DMA_Abort_IT  stm32f4xx_hal_dma.o
    0x080010ae   0x080010ae   0x00000002   PAD
    0x080010b0   0x080010b0   0x00000240   Code   RO         1403    i.HAL_DMA_IRQHandler  stm32f4xx_hal_dma.o
    0x080012f0   0x080012f0   0x000000ec   Code   RO         1404    i.HAL_DMA_Init      stm32f4xx_hal_dma.o
    0x080013dc   0x080013dc   0x00000092   Code   RO         1407    i.HAL_DMA_Start_IT  stm32f4xx_hal_dma.o
    0x0800146e   0x0800146e   0x00000002   PAD
    0x08001470   0x08001470   0x00000028   Code   RO         1904    i.HAL_Delay         stm32f4xx_hal.o
    0x08001498   0x08001498   0x000001f4   Code   RO         1282    i.HAL_GPIO_Init     stm32f4xx_hal_gpio.o
    0x0800168c   0x0800168c   0x0000000c   Code   RO         1910    i.HAL_GetTick       stm32f4xx_hal.o
    0x08001698   0x08001698   0x00000018   Code   RO         1916    i.HAL_IncTick       stm32f4xx_hal.o
    0x080016b0   0x080016b0   0x0000003c   Code   RO         1917    i.HAL_Init          stm32f4xx_hal.o
    0x080016ec   0x080016ec   0x0000004c   Code   RO         1918    i.HAL_InitTick      stm32f4xx_hal.o
    0x08001738   0x08001738   0x00000048   Code   RO          534    i.HAL_MspInit       stm32f4xx_hal_msp.o
    0x08001780   0x08001780   0x00000028   Code   RO         1724    i.HAL_NVIC_EnableIRQ  stm32f4xx_hal_cortex.o
    0x080017a8   0x080017a8   0x0000007c   Code   RO         1730    i.HAL_NVIC_SetPriority  stm32f4xx_hal_cortex.o
    0x08001824   0x08001824   0x00000028   Code   RO         1731    i.HAL_NVIC_SetPriorityGrouping  stm32f4xx_hal_cortex.o
    0x0800184c   0x0800184c   0x00000184   Code   RO          830    i.HAL_RCC_ClockConfig  stm32f4xx_hal_rcc.o
    0x080019d0   0x080019d0   0x0000000c   Code   RO          835    i.HAL_RCC_GetHCLKFreq  stm32f4xx_hal_rcc.o
    0x080019dc   0x080019dc   0x00000020   Code   RO          837    i.HAL_RCC_GetPCLK1Freq  stm32f4xx_hal_rcc.o
    0x080019fc   0x080019fc   0x00000020   Code   RO          838    i.HAL_RCC_GetPCLK2Freq  stm32f4xx_hal_rcc.o
    0x08001a1c   0x08001a1c   0x000000b0   Code   RO          839    i.HAL_RCC_GetSysClockFreq  stm32f4xx_hal_rcc.o
    0x08001acc   0x08001acc   0x0000049c   Code   RO          842    i.HAL_RCC_OscConfig  stm32f4xx_hal_rcc.o
    0x08001f68   0x08001f68   0x00000034   Code   RO         1735    i.HAL_SYSTICK_Config  stm32f4xx_hal_cortex.o
    0x08001f9c   0x08001f9c   0x00000072   Code   RO         2201    i.HAL_UARTEx_ReceiveToIdle_DMA  stm32f4xx_hal_uart.o
    0x0800200e   0x0800200e   0x00000002   PAD
    0x08002010   0x08002010   0x00000128   Code   RO         3017    i.HAL_UARTEx_RxEventCallback  drv_uart.o
    0x08002138   0x08002138   0x00000002   Code   RO         2217    i.HAL_UART_ErrorCallback  stm32f4xx_hal_uart.o
    0x0800213a   0x0800213a   0x00000002   PAD
    0x0800213c   0x0800213c   0x000002e8   Code   RO         2220    i.HAL_UART_IRQHandler  stm32f4xx_hal_uart.o
    0x08002424   0x08002424   0x00000076   Code   RO         2221    i.HAL_UART_Init     stm32f4xx_hal_uart.o
    0x0800249a   0x0800249a   0x00000002   PAD
    0x0800249c   0x0800249c   0x00000230   Code   RO          355    i.HAL_UART_MspInit  usart.o
    0x080026cc   0x080026cc   0x00000002   Code   RO         2227    i.HAL_UART_RxCpltCallback  stm32f4xx_hal_uart.o
    0x080026ce   0x080026ce   0x00000002   Code   RO         2228    i.HAL_UART_RxHalfCpltCallback  stm32f4xx_hal_uart.o
    0x080026d0   0x080026d0   0x0000008c   Code   RO         2230    i.HAL_UART_Transmit_DMA  stm32f4xx_hal_uart.o
    0x0800275c   0x0800275c   0x00000002   Code   RO         2232    i.HAL_UART_TxCpltCallback  stm32f4xx_hal_uart.o
    0x0800275e   0x0800275e   0x00000002   Code   RO         2233    i.HAL_UART_TxHalfCpltCallback  stm32f4xx_hal_uart.o
    0x08002760   0x08002760   0x00000004   Code   RO          412    i.HardFault_Handler  stm32f4xx_it.o
    0x08002764   0x08002764   0x00000048   Code   RO          278    i.MX_CAN1_Init      can.o
    0x080027ac   0x080027ac   0x00000044   Code   RO          279    i.MX_CAN2_Init      can.o
    0x080027f0   0x080027f0   0x00000078   Code   RO          329    i.MX_DMA_Init       dma.o
    0x08002868   0x08002868   0x000000a0   Code   RO          251    i.MX_GPIO_Init      gpio.o
    0x08002908   0x08002908   0x00000038   Code   RO          356    i.MX_USART1_UART_Init  usart.o
    0x08002940   0x08002940   0x00000040   Code   RO          357    i.MX_USART3_UART_Init  usart.o
    0x08002980   0x08002980   0x00000004   Code   RO          413    i.MemManage_Handler  stm32f4xx_it.o
    0x08002984   0x08002984   0x00000004   Code   RO          414    i.NMI_Handler       stm32f4xx_it.o
    0x08002988   0x08002988   0x00000002   Code   RO          415    i.PendSV_Handler    stm32f4xx_it.o
    0x0800298a   0x0800298a   0x00000002   Code   RO          416    i.SVC_Handler       stm32f4xx_it.o
    0x0800298c   0x0800298c   0x00000008   Code   RO          417    i.SysTick_Handler   stm32f4xx_it.o
    0x08002994   0x08002994   0x00000014   Code   RO         2627    i.SystemInit        system_stm32f4xx.o
    0x080029a8   0x080029a8   0x000000c8   Code   RO         2234    i.UART_Start_Receive_DMA  stm32f4xx_hal_uart.o
    0x08002a70   0x08002a70   0x00000010   Code   RO          418    i.USART1_IRQHandler  stm32f4xx_it.o
    0x08002a80   0x08002a80   0x0000012c   Code   RO          419    i.USART3_IRQHandler  stm32f4xx_it.o
    0x08002bac   0x08002bac   0x00000004   Code   RO          420    i.UsageFault_Handler  stm32f4xx_it.o
    0x08002bb0   0x08002bb0   0x0000007c   Code   RO         3189    i._Z10sbus_to_rcPVKhP9RC_ctrl_t  remote_control.o
    0x08002c2c   0x08002c2c   0x00000050   Code   RO         3395    i._Z14CAN_cmd_gimbalssss  drv_can_receive.o
    0x08002c7c   0x08002c7c   0x00000014   Code   RO         3018    i._Z14UART_Send_DataP20__UART_HandleTypeDefPht  drv_uart.o
    0x08002c90   0x08002c90   0x0000005c   Code   RO         2790    i._Z15can_filter_initv  bsp_can.o
    0x08002cec   0x08002cec   0x000000b4   Code   RO           15    i._Z18SystemClock_Configv  main.o
    0x08002da0   0x08002da0   0x00000018   Code   RO         2754    i._Z18usart1_tx_dma_initv  bsp_usart.o
    0x08002db8   0x08002db8   0x00000014   Code   RO         3191    i._Z19remote_control_initv  remote_control.o
    0x08002dcc   0x08002dcc   0x00000008   Code   RO         3192    i._Z24get_remote_control_pointv  remote_control.o
    0x08002dd4   0x08002dd4   0x000000dc   Code   RO           16    i._Z25UART_Serialplot_Call_BackPht  main.o
    0x08002eb0   0x08002eb0   0x00000018   Code   RO         3019    i._Z30TIM_UART_PeriodElapsedCallbackv  drv_uart.o
    0x08002ec8   0x08002ec8   0x00000008   Code   RO         3400    i._Z34get_yaw_gimbal_motor_measure_pointv  drv_can_receive.o
    0x08002ed0   0x08002ed0   0x0000009c   Code   RO         2665    i._Z7RC_initPhS_t   bsp_rc.o
    0x08002f6c   0x08002f6c   0x00000110   Code   RO         3020    i._Z9UART_InitP20__UART_HandleTypeDefPFvPhtEt  drv_uart.o
    0x0800307c   0x0800307c   0x00000008   Code   RO         3301    i._ZN16Class_Serialplot18Get_Variable_IndexEv  dvc_serialplot.o
    0x08003084   0x08003084   0x00000018   Code   RO         3302    i._ZN16Class_Serialplot18Get_Variable_ValueEv  dvc_serialplot.o
    0x0800309c   0x0800309c   0x00000060   Code   RO         3303    i._ZN16Class_Serialplot19Judge_Variable_NameEv  dvc_serialplot.o
    0x080030fc   0x080030fc   0x00000018   Code   RO         3304    i._ZN16Class_Serialplot19UART_RxCpltCallbackEPh  dvc_serialplot.o
    0x08003114   0x08003114   0x000000dc   Code   RO         3305    i._ZN16Class_Serialplot20Judge_Variable_ValueEi  dvc_serialplot.o
    0x080031f0   0x080031f0   0x0000000c   Code   RO         3306    i._ZN16Class_Serialplot31TIM_Write_PeriodElapsedCallbackEv  dvc_serialplot.o
    0x080031fc   0x080031fc   0x00000098   Code   RO         3307    i._ZN16Class_Serialplot4InitEP20__UART_HandleTypeDefhPPc25Enum_Serialplot_Data_Typeh  dvc_serialplot.o
    0x08003294   0x08003294   0x000000e0   Code   RO         3308    i._ZN16Class_Serialplot6OutputEv  dvc_serialplot.o
    0x08003374   0x08003374   0x0000003a   Code   RO         3309    i._ZN16Class_Serialplot8Set_DataEhz  dvc_serialplot.o
    0x080033ae   0x080033ae   0x00000112   Code   RO         3475    i._ZN18Class_Motor_GM602013PID_CalculateEv  dvc_motor.o
    0x080034c0   0x080034c0   0x0000000e   Code   RO         3476    i._ZN18Class_Motor_GM60204InitEP17CAN_HandleTypeDef29Enum_Motor_DJI_Control_Methodff  dvc_motor.o
    0x080034ce   0x080034ce   0x00000002   PAD
    0x080034d0   0x080034d0   0x000000d8   Code   RO           71    i._ZN18Class_Motor_GM6020C1Ev  main.o
    0x080035a8   0x080035a8   0x0000002c   Code   RO         1410    i._ZN41_INTERNAL_19_stm32f4xx_hal_dma_c_c25f65ec13DMA_SetConfigEP19__DMA_HandleTypeDefjjj  stm32f4xx_hal_dma.o
    0x080035d4   0x080035d4   0x000000aa   Code   RO         1411    i._ZN41_INTERNAL_19_stm32f4xx_hal_dma_c_c25f65ec18DMA_CheckFifoParamEP19__DMA_HandleTypeDef  stm32f4xx_hal_dma.o
    0x0800367e   0x0800367e   0x00000002   PAD
    0x08003680   0x08003680   0x00000034   Code   RO         1412    i._ZN41_INTERNAL_19_stm32f4xx_hal_dma_c_c25f65ec23DMA_CalcBaseAndBitshiftEP19__DMA_HandleTypeDef  stm32f4xx_hal_dma.o
    0x080036b4   0x080036b4   0x00000050   Code   RO         2236    i._ZN42_INTERNAL_20_stm32f4xx_hal_uart_c_d497114f13UART_DMAErrorEP19__DMA_HandleTypeDef  stm32f4xx_hal_uart.o
    0x08003704   0x08003704   0x0000022c   Code   RO         2237    i._ZN42_INTERNAL_20_stm32f4xx_hal_uart_c_d497114f14UART_SetConfigEP20__UART_HandleTypeDef  stm32f4xx_hal_uart.o
    0x08003930   0x08003930   0x000000fc   Code   RO         2238    i._ZN42_INTERNAL_20_stm32f4xx_hal_uart_c_d497114f15UART_Receive_ITEP20__UART_HandleTypeDef  stm32f4xx_hal_uart.o
    0x08003a2c   0x08003a2c   0x00000060   Code   RO         2239    i._ZN42_INTERNAL_20_stm32f4xx_hal_uart_c_d497114f16UART_Transmit_ITEP20__UART_HandleTypeDef  stm32f4xx_hal_uart.o
    0x08003a8c   0x08003a8c   0x00000024   Code   RO         2240    i._ZN42_INTERNAL_20_stm32f4xx_hal_uart_c_d497114f18UART_DMARxHalfCpltEP19__DMA_HandleTypeDef  stm32f4xx_hal_uart.o
    0x08003ab0   0x08003ab0   0x0000000e   Code   RO         2241    i._ZN42_INTERNAL_20_stm32f4xx_hal_uart_c_d497114f18UART_DMATxHalfCpltEP19__DMA_HandleTypeDef  stm32f4xx_hal_uart.o
    0x08003abe   0x08003abe   0x0000006c   Code   RO         2242    i._ZN42_INTERNAL_20_stm32f4xx_hal_uart_c_d497114f18UART_EndRxTransferEP20__UART_HandleTypeDef  stm32f4xx_hal_uart.o
    0x08003b2a   0x08003b2a   0x00000026   Code   RO         2243    i._ZN42_INTERNAL_20_stm32f4xx_hal_uart_c_d497114f18UART_EndTxTransferEP20__UART_HandleTypeDef  stm32f4xx_hal_uart.o
    0x08003b50   0x08003b50   0x000000b4   Code   RO         2244    i._ZN42_INTERNAL_20_stm32f4xx_hal_uart_c_d497114f19UART_DMAReceiveCpltEP19__DMA_HandleTypeDef  stm32f4xx_hal_uart.o
    0x08003c04   0x08003c04   0x00000020   Code   RO         2245    i._ZN42_INTERNAL_20_stm32f4xx_hal_uart_c_d497114f19UART_EndTransmit_ITEP20__UART_HandleTypeDef  stm32f4xx_hal_uart.o
    0x08003c24   0x08003c24   0x00000014   Code   RO         2246    i._ZN42_INTERNAL_20_stm32f4xx_hal_uart_c_d497114f20UART_DMAAbortOnErrorEP19__DMA_HandleTypeDef  stm32f4xx_hal_uart.o
    0x08003c38   0x08003c38   0x00000058   Code   RO         2247    i._ZN42_INTERNAL_20_stm32f4xx_hal_uart_c_d497114f20UART_DMATransmitCpltEP19__DMA_HandleTypeDef  stm32f4xx_hal_uart.o
    0x08003c90   0x08003c90   0x00000028   Code   RO         1737    i._ZN44_INTERNAL_22_stm32f4xx_hal_cortex_c_2992dbc018__NVIC_SetPriorityE9IRQn_Typej  stm32f4xx_hal_cortex.o
    0x08003cb8   0x08003cb8   0x00000010   Code   RO         1738    i._ZN44_INTERNAL_22_stm32f4xx_hal_cortex_c_2992dbc026__NVIC_GetPriorityGroupingEv  stm32f4xx_hal_cortex.o
    0x08003cc8   0x08003cc8   0x00000006   Code   RO         3067    i._ZN9Class_PID10Set_TargetEf  alg_pid.o
    0x08003cce   0x08003cce   0x00000002   PAD
    0x08003cd0   0x08003cd0   0x00000274   Code   RO         3075    i._ZN9Class_PID32TIM_Adjust_PeriodElapsedCallbackEv  alg_pid.o
    0x08003f44   0x08003f44   0x00000030   Code   RO         3076    i._ZN9Class_PID4InitEfffffffffff16Enum_PID_D_First  alg_pid.o
    0x08003f74   0x08003f74   0x00000006   Code   RO         3077    i._ZN9Class_PID7Get_OutEv  alg_pid.o
    0x08003f7a   0x08003f7a   0x00000006   Code   RO         3081    i._ZN9Class_PID7Set_K_PEf  alg_pid.o
    0x08003f80   0x08003f80   0x00000006   Code   RO         3082    i._ZN9Class_PID7Set_NowEf  alg_pid.o
    0x08003f86   0x08003f86   0x00000002   PAD
    0x08003f88   0x08003f88   0x00000090   Code   RO           68    i._ZN9Class_PIDC1Ev  main.o
    0x08004018   0x08004018   0x00000026   Code   RO         3715    i.__ARM_fpclassifyf  m_wm.l(fpclassifyf.o)
    0x0800403e   0x0800403e   0x00000002   PAD
    0x08004040   0x08004040   0x00000664   Code   RO         3533    i.__hardfp_powf     m_wm.l(powf.o)
    0x080046a4   0x080046a4   0x00000190   Code   RO         3547    i.__hardfp_sinf     m_wm.l(sinf.o)
    0x08004834   0x08004834   0x00000014   Code   RO         3717    i.__mathlib_flt_divzero  m_wm.l(funder.o)
    0x08004848   0x08004848   0x00000006   Code   RO         3718    i.__mathlib_flt_infnan  m_wm.l(funder.o)
    0x0800484e   0x0800484e   0x00000006   Code   RO         3719    i.__mathlib_flt_infnan2  m_wm.l(funder.o)
    0x08004854   0x08004854   0x00000010   Code   RO         3720    i.__mathlib_flt_invalid  m_wm.l(funder.o)
    0x08004864   0x08004864   0x00000010   Code   RO         3721    i.__mathlib_flt_overflow  m_wm.l(funder.o)
    0x08004874   0x08004874   0x00000010   Code   RO         3723    i.__mathlib_flt_underflow  m_wm.l(funder.o)
    0x08004884   0x08004884   0x00000154   Code   RO         3731    i.__mathlib_rredf2  m_wm.l(rredf.o)
    0x080049d8   0x080049d8   0x00000070   Code   RO           17    i.__sti___6_main_c_18ce1bfb  main.o
    0x08004a48   0x08004a48   0x000002b0   Code   RO           18    i.main              main.o
    0x08004cf8   0x08004cf8   0x00000028   Code   RO         3166    t._Z14Math_ConstrainIfEvPT_S0_S0_  alg_pid.o
    0x08004d20   0x08004d20   0x0000001a   Code   RO         3001    t._Z8Math_AbsIfET_S0_  drv_math.o
    0x08004d3a   0x08004d3a   0x00000002   PAD
    0x08004d3c   0x08004d3c   0x00000062   Code   RO         3529    x$fpl$d2f           fz_wm.l(d2f.o)
    0x08004d9e   0x08004d9e   0x0000009c   Code   RO         3702    x$fpl$dnaninf       fz_wm.l(dnaninf.o)
    0x08004e3a   0x08004e3a   0x0000000c   Code   RO         3704    x$fpl$dretinf       fz_wm.l(dretinf.o)
    0x08004e46   0x08004e46   0x00000002   PAD
    0x08004e48   0x08004e48   0x00000056   Code   RO         3531    x$fpl$f2d           fz_wm.l(f2d.o)
    0x08004e9e   0x08004e9e   0x0000008c   Code   RO         3706    x$fpl$fnaninf       fz_wm.l(fnaninf.o)
    0x08004f2a   0x08004f2a   0x0000000a   Code   RO         3773    x$fpl$fpinit        fz_wm.l(fpinit.o)
    0x08004f34   0x08004f34   0x0000000a   Code   RO         3708    x$fpl$fretinf       fz_wm.l(fretinf.o)
    0x08004f3e   0x08004f3e   0x00000000   Code   RO         3714    x$fpl$usenofp       fz_wm.l(usenofp.o)
    0x08004f3e   0x08004f3e   0x00000008   Data   RO         1428    .constdata          stm32f4xx_hal_dma.o
    0x08004f46   0x08004f46   0x00000018   Data   RO         2630    .constdata          system_stm32f4xx.o
    0x08004f5e   0x08004f5e   0x00000002   PAD
    0x08004f60   0x08004f60   0x00000140   Data   RO         3536    .constdata          m_wm.l(powf.o)
    0x080050a0   0x080050a0   0x00000020   Data   RO         3732    .constdata          m_wm.l(rredf.o)
    0x080050c0   0x080050c0   0x00000020   Data   RO         3909    Region$$Table       anon$$obj.o
    0x080050e0   0x080050e0   0x00000004   Data   RO           27    .init_array         main.o
    0x080050e4   0x080050e0   0x00000000   Data   RO         3524    .init_array         c_w.l(init_aeabi.o)


    Execution Region RW_IRAM1 (Exec base: 0x20000000, Load base: 0x080050e4, Size: 0x00002130, Max: 0x0001c000, ABSOLUTE, COMPRESSED[0x00000038])

    Exec Addr    Load Addr    Size         Type   Attr      Idx    E Section Name        Object

    0x20000000   COMPRESSED   0x0000022a   Data   RW           26    .data               main.o
    0x2000022a   COMPRESSED   0x00000002   PAD
    0x2000022c   COMPRESSED   0x00000004   Data   RW          285    .data               can.o
    0x20000230   COMPRESSED   0x00000002   Data   RW          436    .data               stm32f4xx_it.o
    0x20000232   COMPRESSED   0x00000002   PAD
    0x20000234   COMPRESSED   0x00000009   Data   RW         1951    .data               stm32f4xx_hal.o
    0x2000023d   COMPRESSED   0x00000003   PAD
    0x20000240   COMPRESSED   0x00000004   Data   RW         2631    .data               system_stm32f4xx.o
    0x20000244   COMPRESSED   0x00000011   Data   RW         3411    .data               drv_can_receive.o
    0x20000255   COMPRESSED   0x00000003   PAD
    0x20000258        -       0x0000052c   Zero   RW           25    .bss                main.o
    0x20000784        -       0x00000050   Zero   RW          284    .bss                can.o
    0x200007d4        -       0x000001b0   Zero   RW          362    .bss                usart.o
    0x20000984        -       0x00001060   Zero   RW         3025    .bss                drv_uart.o
    0x200019e4        -       0x00000072   Zero   RW         3197    .bss                remote_control.o
    0x20001a56   COMPRESSED   0x00000002   PAD
    0x20001a58        -       0x00000078   Zero   RW         3410    .bss                drv_can_receive.o
    0x20001ad0        -       0x00000060   Zero   RW         3776    .bss                c_w.l(libspace.o)
    0x20001b30        -       0x00000200   Zero   RW            2    HEAP                startup_stm32f407xx.o
    0x20001d30        -       0x00000400   Zero   RW            1    STACK               startup_stm32f407xx.o


    Execution Region RW_IRAM2 (Exec base: 0x2001c000, Load base: 0x0800511c, Size: 0x00000000, Max: 0x00004000, ABSOLUTE)

    **** No section assigned to this execution region ****


==============================================================================

Image component sizes


      Code (inc. data)   RO Data    RW Data    ZI Data      Debug   Object Name

       740          6          0          0          0       6393   alg_pid.o
        92          8          0          0          0        602   bsp_can.o
       156         14          0          0          0     594498   bsp_rc.o
        24          6          0          0          0        489   bsp_usart.o
       476         44          0          4         80       2542   can.o
       120          6          0          0          0        878   dma.o
       296         32          0         17        120       4096   drv_can_receive.o
        26          0          0          0          0        639   drv_math.o
       612        108          0          0       4192       4722   drv_uart.o
       288          0          0          0          0       3708   dvc_motor.o
       818         56          0          0          0      10051   dvc_serialplot.o
       160          4          0          0          0        987   gpio.o
      1566        212          4        554       1324     684292   main.o
       152          8          0          0        114     587137   remote_control.o
        64         26        392          0       1536        864   startup_stm32f407xx.o
       212         36          0          9          0       9557   stm32f4xx_hal.o
      2148          6          0          0          0      14767   stm32f4xx_hal_can.o
       312         22          0          0          0      34467   stm32f4xx_hal_cortex.o
      1436         16          8          0          0       7214   stm32f4xx_hal_dma.o
       500         46          0          0          0       1512   stm32f4xx_hal_gpio.o
        72          4          0          0          0        918   stm32f4xx_hal_msp.o
      1820         84          0          0          0       5756   stm32f4xx_hal_rcc.o
      2826         40          0          0          0      17415   stm32f4xx_hal_uart.o
       414         60          0          2          0       8371   stm32f4xx_it.o
        20          6         24          4          0       1203   system_stm32f4xx.o
       680         70          0          0        432       2844   usart.o

    ----------------------------------------------------------------------
     16054        920        462        600       7800    2005922   Object Totals
         0          0         32          0          0          0   (incl. Generated)
        24          0          2         10          2          0   (incl. Padding)

    ----------------------------------------------------------------------

      Code (inc. data)   RO Data    RW Data    ZI Data      Debug   Library Member Name

        58          0          0          0          0          0   __dczerorl.o
         8          0          0          0          0         68   __main.o
         0          0          0          0          0          0   __rtentry.o
        12          0          0          0          0          0   __rtentry2.o
         6          0          0          0          0          0   __rtentry4.o
        52          8          0          0          0          0   __scatter.o
        28          0          0          0          0          0   __scatter_zi.o
        22          0          0          0          0        100   _rserrno.o
        18          0          0          0          0         80   exit.o
         6          0          0          0          0        152   heapauxi.o
         0          0          0          0          0          0   indicate_semi.o
        36         10          0          0          0         80   init_aeabi.o
         2          0          0          0          0          0   libinit.o
        10          0          0          0          0          0   libinit2.o
         2          0          0          0          0          0   libshutdown.o
         2          0          0          0          0          0   libshutdown2.o
         8          4          0          0         96         68   libspace.o
       238          0          0          0          0        100   lludivv7m.o
         8          4          0          0          0         68   rt_errno_addr_intlibspace.o
        78          0          0          0          0         80   rt_memclr_w.o
         2          0          0          0          0          0   rtexit.o
        10          0          0          0          0          0   rtexit2.o
       128          0          0          0          0         68   strcmpv7m.o
        12          4          0          0          0         68   sys_exit.o
        74          0          0          0          0         80   sys_stackheap_outer.o
         2          0          0          0          0         68   use_no_semi.o
        98          4          0          0          0        140   d2f.o
       156          4          0          0          0        140   dnaninf.o
        12          0          0          0          0        116   dretinf.o
        86          4          0          0          0        132   f2d.o
       140          4          0          0          0        132   fnaninf.o
        10          0          0          0          0        116   fpinit.o
        10          0          0          0          0        116   fretinf.o
         0          0          0          0          0          0   usenofp.o
        38          0          0          0          0        116   fpclassifyf.o
        80         24          0          0          0        696   funder.o
      1636        110        320          0          0        372   powf.o
       340         24         32          0          0        160   rredf.o
       400         56          0          0          0        212   sinf.o

    ----------------------------------------------------------------------
      3840        260        352          0         96       3528   Library Totals
        12          0          0          0          0          0   (incl. Padding)

    ----------------------------------------------------------------------

      Code (inc. data)   RO Data    RW Data    ZI Data      Debug   Library Name

       822         30          0          0         96       1080   c_w.l
       512         16          0          0          0        892   fz_wm.l
      2494        214        352          0          0       1556   m_wm.l

    ----------------------------------------------------------------------
      3840        260        352          0         96       3528   Library Totals

    ----------------------------------------------------------------------

==============================================================================


      Code (inc. data)   RO Data    RW Data    ZI Data      Debug   

     19894       1180        814        600       7896    1995282   Grand Totals
     19894       1180        814         56       7896    1995282   ELF Image Totals (compressed)
     19894       1180        814         56          0          0   ROM Totals

==============================================================================

    Total RO  Size (Code + RO Data)                20708 (  20.22kB)
    Total RW  Size (RW Data + ZI Data)              8496 (   8.30kB)
    Total ROM Size (Code + RO Data + RW Data)      20764 (  20.28kB)

==============================================================================

