Component: ARM Compiler 5.06 update 6 (build 750) Tool: armlink [4d35ed]

==============================================================================

Section Cross References

    startup_stm32f407xx.o(STACK) refers (Special) to heapauxi.o(.text) for __use_two_region_memory
    startup_stm32f407xx.o(HEAP) refers (Special) to heapauxi.o(.text) for __use_two_region_memory
    startup_stm32f407xx.o(RESET) refers (Special) to heapauxi.o(.text) for __use_two_region_memory
    startup_stm32f407xx.o(RESET) refers to startup_stm32f407xx.o(STACK) for __initial_sp
    startup_stm32f407xx.o(RESET) refers to startup_stm32f407xx.o(.text) for Reset_Handler
    startup_stm32f407xx.o(RESET) refers to stm32f4xx_it.o(i.NMI_Handler) for NMI_Handler
    startup_stm32f407xx.o(RESET) refers to stm32f4xx_it.o(i.HardFault_Handler) for HardFault_Handler
    startup_stm32f407xx.o(RESET) refers to stm32f4xx_it.o(i.MemManage_Handler) for MemManage_Handler
    startup_stm32f407xx.o(RESET) refers to stm32f4xx_it.o(i.BusFault_Handler) for BusFault_Handler
    startup_stm32f407xx.o(RESET) refers to stm32f4xx_it.o(i.UsageFault_Handler) for UsageFault_Handler
    startup_stm32f407xx.o(RESET) refers to stm32f4xx_it.o(i.SVC_Handler) for SVC_Handler
    startup_stm32f407xx.o(RESET) refers to stm32f4xx_it.o(i.DebugMon_Handler) for DebugMon_Handler
    startup_stm32f407xx.o(RESET) refers to stm32f4xx_it.o(i.PendSV_Handler) for PendSV_Handler
    startup_stm32f407xx.o(RESET) refers to stm32f4xx_it.o(i.SysTick_Handler) for SysTick_Handler
    startup_stm32f407xx.o(RESET) refers to stm32f4xx_it.o(i.DMA1_Stream1_IRQHandler) for DMA1_Stream1_IRQHandler
    startup_stm32f407xx.o(RESET) refers to stm32f4xx_it.o(i.CAN1_RX0_IRQHandler) for CAN1_RX0_IRQHandler
    startup_stm32f407xx.o(RESET) refers to stm32f4xx_it.o(i.USART1_IRQHandler) for USART1_IRQHandler
    startup_stm32f407xx.o(RESET) refers to stm32f4xx_it.o(i.USART3_IRQHandler) for USART3_IRQHandler
    startup_stm32f407xx.o(RESET) refers to stm32f4xx_it.o(i.DMA2_Stream2_IRQHandler) for DMA2_Stream2_IRQHandler
    startup_stm32f407xx.o(RESET) refers to stm32f4xx_it.o(i.CAN2_RX0_IRQHandler) for CAN2_RX0_IRQHandler
    startup_stm32f407xx.o(RESET) refers to stm32f4xx_it.o(i.DMA2_Stream7_IRQHandler) for DMA2_Stream7_IRQHandler
    startup_stm32f407xx.o(.text) refers (Special) to heapauxi.o(.text) for __use_two_region_memory
    startup_stm32f407xx.o(.text) refers to system_stm32f4xx.o(i.SystemInit) for SystemInit
    startup_stm32f407xx.o(.text) refers to __main.o(!!!main) for __main
    startup_stm32f407xx.o(.text) refers to startup_stm32f407xx.o(HEAP) for Heap_Mem
    startup_stm32f407xx.o(.text) refers to startup_stm32f407xx.o(STACK) for Stack_Mem
    main.o(i._Z12usart_printfPKcz) refers to c89vsprintf.o(.text) for __c89vsprintf
    main.o(i._Z12usart_printfPKcz) refers to stm32f4xx_hal_uart.o(i.HAL_UART_Transmit_DMA) for HAL_UART_Transmit_DMA
    main.o(i._Z12usart_printfPKcz) refers to main.o(.data) for usart_printf(const char*, ...)::ap
    main.o(i._Z12usart_printfPKcz) refers to main.o(.bss) for usart_printf(const char*, ...)::tx_buf
    main.o(i._Z12usart_printfPKcz) refers to usart.o(.bss) for huart1
    main.o(i._Z18SystemClock_Configv) refers to rt_memclr_w.o(.text) for __aeabi_memclr4
    main.o(i._Z18SystemClock_Configv) refers to stm32f4xx_hal_rcc.o(i.HAL_RCC_OscConfig) for HAL_RCC_OscConfig
    main.o(i._Z18SystemClock_Configv) refers to main.o(i.Error_Handler) for Error_Handler
    main.o(i._Z18SystemClock_Configv) refers to stm32f4xx_hal_rcc.o(i.HAL_RCC_ClockConfig) for HAL_RCC_ClockConfig
    main.o(i._Z25UART_Serialplot_Call_BackPht) refers to dvc_serialplot.o(i._ZN16Class_Serialplot19UART_RxCpltCallbackEPh) for Class_Serialplot::UART_RxCpltCallback(unsigned char*)
    main.o(i._Z25UART_Serialplot_Call_BackPht) refers to dvc_serialplot.o(i._ZN16Class_Serialplot18Get_Variable_IndexEv) for Class_Serialplot::Get_Variable_Index()
    main.o(i._Z25UART_Serialplot_Call_BackPht) refers to dvc_serialplot.o(i._ZN16Class_Serialplot18Get_Variable_ValueEv) for Class_Serialplot::Get_Variable_Value()
    main.o(i._Z25UART_Serialplot_Call_BackPht) refers to d2f.o(x$fpl$d2f) for __aeabi_d2f
    main.o(i._Z25UART_Serialplot_Call_BackPht) refers to alg_pid.o(i._ZN9Class_PID7Set_K_PEf) for Class_PID::Set_K_P(float)
    main.o(i._Z25UART_Serialplot_Call_BackPht) refers to main.o(.bss) for serialplot
    main.o(i.__sti___6_main_c_18ce1bfb) refers to main.o(i._ZN9Class_PIDC1Ev) for Class_PID::Class_PID()
    main.o(i.__sti___6_main_c_18ce1bfb) refers to main.o(.bss) for serialplot
    main.o(i.main) refers to stm32f4xx_hal.o(i.HAL_Init) for HAL_Init
    main.o(i.main) refers to main.o(i._Z18SystemClock_Configv) for SystemClock_Config()
    main.o(i.main) refers to gpio.o(i.MX_GPIO_Init) for MX_GPIO_Init
    main.o(i.main) refers to dma.o(i.MX_DMA_Init) for MX_DMA_Init
    main.o(i.main) refers to usart.o(i.MX_USART1_UART_Init) for MX_USART1_UART_Init
[...]
    i._Z31get_chassis_motor_measure_pointh   0x08002ec0   Section        0  can_receive.o(i._Z31get_chassis_motor_measure_pointh)
    i._Z7RC_initPhS_t                        0x08002ed8   Section        0  bsp_rc.o(i._Z7RC_initPhS_t)
    i._Z9UART_InitP20__UART_HandleTypeDefPFvPhtEt 0x08002f74   Section        0  drv_uart.o(i._Z9UART_InitP20__UART_HandleTypeDefPFvPhtEt)
    i._ZN16Class_Serialplot18Get_Variable_IndexEv 0x08003084   Section        0  dvc_serialplot.o(i._ZN16Class_Serialplot18Get_Variable_IndexEv)
    i._ZN16Class_Serialplot18Get_Variable_ValueEv 0x0800308c   Section        0  dvc_serialplot.o(i._ZN16Class_Serialplot18Get_Variable_ValueEv)
    i._ZN16Class_Serialplot19Judge_Variable_NameEv 0x080030a4   Section        0  dvc_serialplot.o(i._ZN16Class_Serialplot19Judge_Variable_NameEv)
    i._ZN16Class_Serialplot19UART_RxCpltCallbackEPh 0x08003104   Section        0  dvc_serialplot.o(i._ZN16Class_Serialplot19UART_RxCpltCallbackEPh)
    i._ZN16Class_Serialplot20Judge_Variable_ValueEi 0x0800311c   Section        0  dvc_serialplot.o(i._ZN16Class_Serialplot20Judge_Variable_ValueEi)
    i._ZN16Class_Serialplot31TIM_Write_PeriodElapsedCallbackEv 0x080031f8   Section        0  dvc_serialplot.o(i._ZN16Class_Serialplot31TIM_Write_PeriodElapsedCallbackEv)
    i._ZN16Class_Serialplot4InitEP20__UART_HandleTypeDefhPPc25Enum_Serialplot_Data_Typeh 0x08003204   Section        0  dvc_serialplot.o(i._ZN16Class_Serialplot4InitEP20__UART_HandleTypeDefhPPc25Enum_Serialplot_Data_Typeh)
    i._ZN16Class_Serialplot6OutputEv         0x0800329c   Section        0  dvc_serialplot.o(i._ZN16Class_Serialplot6OutputEv)
    i._ZN16Class_Serialplot8Set_DataEhz      0x0800337c   Section        0  dvc_serialplot.o(i._ZN16Class_Serialplot8Set_DataEhz)
    i._ZN41_INTERNAL_19_stm32f4xx_hal_dma_c_c25f65ec13DMA_SetConfigEP19__DMA_HandleTypeDefjjj 0x080033b6   Section        0  stm32f4xx_hal_dma.o(i._ZN41_INTERNAL_19_stm32f4xx_hal_dma_c_c25f65ec13DMA_SetConfigEP19__DMA_HandleTypeDefjjj)
    [local to stm32f4xx_hal_dma_c]::DMA_SetConfig(__DMA_HandleTypeDef*, unsigned, unsigned, unsigned) 0x080033b7   Thumb Code    44  stm32f4xx_hal_dma.o(i._ZN41_INTERNAL_19_stm32f4xx_hal_dma_c_c25f65ec13DMA_SetConfigEP19__DMA_HandleTypeDefjjj)
    i._ZN41_INTERNAL_19_stm32f4xx_hal_dma_c_c25f65ec18DMA_CheckFifoParamEP19__DMA_HandleTypeDef 0x080033e2   Section        0  stm32f4xx_hal_dma.o(i._ZN41_INTERNAL_19_stm32f4xx_hal_dma_c_c25f65ec18DMA_CheckFifoParamEP19__DMA_HandleTypeDef)
    [local to stm32f4xx_hal_dma_c]::DMA_CheckFifoParam(__DMA_HandleTypeDef*) 0x080033e3   Thumb Code   170  stm32f4xx_hal_dma.o(i._ZN41_INTERNAL_19_stm32f4xx_hal_dma_c_c25f65ec18DMA_CheckFifoParamEP19__DMA_HandleTypeDef)
    i._ZN41_INTERNAL_19_stm32f4xx_hal_dma_c_c25f65ec23DMA_CalcBaseAndBitshiftEP19__DMA_HandleTypeDef 0x0800348c   Section        0  stm32f4xx_hal_dma.o(i._ZN41_INTERNAL_19_stm32f4xx_hal_dma_c_c25f65ec23DMA_CalcBaseAndBitshiftEP19__DMA_HandleTypeDef)
    [local to stm32f4xx_hal_dma_c]::DMA_CalcBaseAndBitshift(__DMA_HandleTypeDef*) 0x0800348d   Thumb Code    46  stm32f4xx_hal_dma.o(i._ZN41_INTERNAL_19_stm32f4xx_hal_dma_c_c25f65ec23DMA_CalcBaseAndBitshiftEP19__DMA_HandleTypeDef)
    i._ZN42_INTERNAL_20_stm32f4xx_hal_uart_c_d497114f13UART_DMAErrorEP19__DMA_HandleTypeDef 0x080034c0   Section        0  stm32f4xx_hal_uart.o(i._ZN42_INTERNAL_20_stm32f4xx_hal_uart_c_d497114f13UART_DMAErrorEP19__DMA_HandleTypeDef)
    [local to stm32f4xx_hal_uart_c]::UART_DMAError(__DMA_HandleTypeDef*) 0x080034c1   Thumb Code    80  stm32f4xx_hal_uart.o(i._ZN42_INTERNAL_20_stm32f4xx_hal_uart_c_d497114f13UART_DMAErrorEP19__DMA_HandleTypeDef)
    i._ZN42_INTERNAL_20_stm32f4xx_hal_uart_c_d497114f14UART_SetConfigEP20__UART_HandleTypeDef 0x08003510   Section        0  stm32f4xx_hal_uart.o(i._ZN42_INTERNAL_20_stm32f4xx_hal_uart_c_d497114f14UART_SetConfigEP20__UART_HandleTypeDef)
    [local to stm32f4xx_hal_uart_c]::UART_SetConfig(__UART_HandleTypeDef*) 0x08003511   Thumb Code   546  stm32f4xx_hal_uart.o(i._ZN42_INTERNAL_20_stm32f4xx_hal_uart_c_d497114f14UART_SetConfigEP20__UART_HandleTypeDef)
    i._ZN42_INTERNAL_20_stm32f4xx_hal_uart_c_d497114f15UART_Receive_ITEP20__UART_HandleTypeDef 0x0800373c   Section        0  stm32f4xx_hal_uart.o(i._ZN42_INTERNAL_20_stm32f4xx_hal_uart_c_d497114f15UART_Receive_ITEP20__UART_HandleTypeDef)
    [local to stm32f4xx_hal_uart_c]::UART_Receive_IT(__UART_HandleTypeDef*) 0x0800373d   Thumb Code   252  stm32f4xx_hal_uart.o(i._ZN42_INTERNAL_20_stm32f4xx_hal_uart_c_d497114f15UART_Receive_ITEP20__UART_HandleTypeDef)
    i._ZN42_INTERNAL_20_stm32f4xx_hal_uart_c_d497114f16UART_Transmit_ITEP20__UART_HandleTypeDef 0x08003838   Section        0  stm32f4xx_hal_uart.o(i._ZN42_INTERNAL_20_stm32f4xx_hal_uart_c_d497114f16UART_Transmit_ITEP20__UART_HandleTypeDef)
    [local to stm32f4xx_hal_uart_c]::UART_Transmit_IT(__UART_HandleTypeDef*) 0x08003839   Thumb Code    96  stm32f4xx_hal_uart.o(i._ZN42_INTERNAL_20_stm32f4xx_hal_uart_c_d497114f16UART_Transmit_ITEP20__UART_HandleTypeDef)
    i._ZN42_INTERNAL_20_stm32f4xx_hal_uart_c_d497114f18UART_DMARxHalfCpltEP19__DMA_HandleTypeDef 0x08003898   Section        0  stm32f4xx_hal_uart.o(i._ZN42_INTERNAL_20_stm32f4xx_hal_uart_c_d497114f18UART_DMARxHalfCpltEP19__DMA_HandleTypeDef)
    [local to stm32f4xx_hal_uart_c]::UART_DMARxHalfCplt(__DMA_HandleTypeDef*) 0x08003899   Thumb Code    36  stm32f4xx_hal_uart.o(i._ZN42_INTERNAL_20_stm32f4xx_hal_uart_c_d497114f18UART_DMARxHalfCpltEP19__DMA_HandleTypeDef)
    i._ZN42_INTERNAL_20_stm32f4xx_hal_uart_c_d497114f18UART_DMATxHalfCpltEP19__DMA_HandleTypeDef 0x080038bc   Section        0  stm32f4xx_hal_uart.o(i._ZN42_INTERNAL_20_stm32f4xx_hal_uart_c_d497114f18UART_DMATxHalfCpltEP19__DMA_HandleTypeDef)
    [local to stm32f4xx_hal_uart_c]::UART_DMATxHalfCplt(__DMA_HandleTypeDef*) 0x080038bd   Thumb Code    14  stm32f4xx_hal_uart.o(i._ZN42_INTERNAL_20_stm32f4xx_hal_uart_c_d497114f18UART_DMATxHalfCpltEP19__DMA_HandleTypeDef)
    i._ZN42_INTERNAL_20_stm32f4xx_hal_uart_c_d497114f18UART_EndRxTransferEP20__UART_HandleTypeDef 0x080038ca   Section        0  stm32f4xx_hal_uart.o(i._ZN42_INTERNAL_20_stm32f4xx_hal_uart_c_d497114f18UART_EndRxTransferEP20__UART_HandleTypeDef)
    [local to stm32f4xx_hal_uart_c]::UART_EndRxTransfer(__UART_HandleTypeDef*) 0x080038cb   Thumb Code   108  stm32f4xx_hal_uart.o(i._ZN42_INTERNAL_20_stm32f4xx_hal_uart_c_d497114f18UART_EndRxTransferEP20__UART_HandleTypeDef)
    i._ZN42_INTERNAL_20_stm32f4xx_hal_uart_c_d497114f18UART_EndTxTransferEP20__UART_HandleTypeDef 0x08003936   Section        0  stm32f4xx_hal_uart.o(i._ZN42_INTERNAL_20_stm32f4xx_hal_uart_c_d497114f18UART_EndTxTransferEP20__UART_HandleTypeDef)
    [local to stm32f4xx_hal_uart_c]::UART_EndTxTransfer(__UART_HandleTypeDef*) 0x08003937   Thumb Code    38  stm32f4xx_hal_uart.o(i._ZN42_INTERNAL_20_stm32f4xx_hal_uart_c_d497114f18UART_EndTxTransferEP20__UART_HandleTypeDef)
    i._ZN42_INTERNAL_20_stm32f4xx_hal_uart_c_d497114f19UART_DMAReceiveCpltEP19__DMA_HandleTypeDef 0x0800395c   Section        0  stm32f4xx_hal_uart.o(i._ZN42_INTERNAL_20_stm32f4xx_hal_uart_c_d497114f19UART_DMAReceiveCpltEP19__DMA_HandleTypeDef)
    [local to stm32f4xx_hal_uart_c]::UART_DMAReceiveCplt(__DMA_HandleTypeDef*) 0x0800395d   Thumb Code   180  stm32f4xx_hal_uart.o(i._ZN42_INTERNAL_20_stm32f4xx_hal_uart_c_d497114f19UART_DMAReceiveCpltEP19__DMA_HandleTypeDef)
    i._ZN42_INTERNAL_20_stm32f4xx_hal_uart_c_d497114f19UART_EndTransmit_ITEP20__UART_HandleTypeDef 0x08003a10   Section        0  stm32f4xx_hal_uart.o(i._ZN42_INTERNAL_20_stm32f4xx_hal_uart_c_d497114f19UART_EndTransmit_ITEP20__UART_HandleTypeDef)
    [local to stm32f4xx_hal_uart_c]::UART_EndTransmit_IT(__UART_HandleTypeDef*) 0x08003a11   Thumb Code    32  stm32f4xx_hal_uart.o(i._ZN42_INTERNAL_20_stm32f4xx_hal_uart_c_d497114f19UART_EndTransmit_ITEP20__UART_HandleTypeDef)
    i._ZN42_INTERNAL_20_stm32f4xx_hal_uart_c_d497114f20UART_DMAAbortOnErrorEP19__DMA_HandleTypeDef 0x08003a30   Section        0  stm32f4xx_hal_uart.o(i._ZN42_INTERNAL_20_stm32f4xx_hal_uart_c_d497114f20UART_DMAAbortOnErrorEP19__DMA_HandleTypeDef)
    [local to stm32f4xx_hal_uart_c]::UART_DMAAbortOnError(__DMA_HandleTypeDef*) 0x08003a31   Thumb Code    20  stm32f4xx_hal_uart.o(i._ZN42_INTERNAL_20_stm32f4xx_hal_uart_c_d497114f20UART_DMAAbortOnErrorEP19__DMA_HandleTypeDef)
    i._ZN42_INTERNAL_20_stm32f4xx_hal_uart_c_d497114f20UART_DMATransmitCpltEP19__DMA_HandleTypeDef 0x08003a44   Section        0  stm32f4xx_hal_uart.o(i._ZN42_INTERNAL_20_stm32f4xx_hal_uart_c_d497114f20UART_DMATransmitCpltEP19__DMA_HandleTypeDef)
    [local to stm32f4xx_hal_uart_c]::UART_DMATransmitCplt(__DMA_HandleTypeDef*) 0x08003a45   Thumb Code    88  stm32f4xx_hal_uart.o(i._ZN42_INTERNAL_20_stm32f4xx_hal_uart_c_d497114f20UART_DMATransmitCpltEP19__DMA_HandleTypeDef)
    i._ZN44_INTERNAL_22_stm32f4xx_hal_cortex_c_2992dbc018__NVIC_SetPriorityE9IRQn_Typej 0x08003a9c   Section        0  stm32f4xx_hal_cortex.o(i._ZN44_INTERNAL_22_stm32f4xx_hal_cortex_c_2992dbc018__NVIC_SetPriorityE9IRQn_Typej)
    [local to stm32f4xx_hal_cortex_c]::__NVIC_SetPriority(IRQn_Type, unsigned) 0x08003a9d   Thumb Code    32  stm32f4xx_hal_cortex.o(i._ZN44_INTERNAL_22_stm32f4xx_hal_cortex_c_2992dbc018__NVIC_SetPriorityE9IRQn_Typej)
    i._ZN44_INTERNAL_22_stm32f4xx_hal_cortex_c_2992dbc026__NVIC_GetPriorityGroupingEv 0x08003ac4   Section        0  stm32f4xx_hal_cortex.o(i._ZN44_INTERNAL_22_stm32f4xx_hal_cortex_c_2992dbc026__NVIC_GetPriorityGroupingEv)
    [local to stm32f4xx_hal_cortex_c]::__NVIC_GetPriorityGrouping() 0x08003ac5   Thumb Code    10  stm32f4xx_hal_cortex.o(i._ZN44_INTERNAL_22_stm32f4xx_hal_cortex_c_2992dbc026__NVIC_GetPriorityGroupingEv)
    i._ZN9Class_PID10Set_TargetEf            0x08003ad4   Section        0  alg_pid.o(i._ZN9Class_PID10Set_TargetEf)
    i._ZN9Class_PID32TIM_Adjust_PeriodElapsedCallbackEv 0x08003adc   Section        0  alg_pid.o(i._ZN9Class_PID32TIM_Adjust_PeriodElapsedCallbackEv)
    i._ZN9Class_PID4InitEfffffffffff16Enum_PID_D_First 0x08003d50   Section        0  alg_pid.o(i._ZN9Class_PID4InitEfffffffffff16Enum_PID_D_First)
    i._ZN9Class_PID7Get_OutEv                0x08003d80   Section        0  alg_pid.o(i._ZN9Class_PID7Get_OutEv)
    i._ZN9Class_PID7Set_K_PEf                0x08003d86   Section        0  alg_pid.o(i._ZN9Class_PID7Set_K_PEf)
    i._ZN9Class_PID7Set_NowEf                0x08003d8c   Section        0  alg_pid.o(i._ZN9Class_PID7Set_NowEf)
    i._ZN9Class_PIDC1Ev                      0x08003d94   Section        0  main.o(i._ZN9Class_PIDC1Ev)
    i.__ARM_fpclassifyf                      0x08003e24   Section        0  fpclassifyf.o(i.__ARM_fpclassifyf)
    i.__hardfp_powf                          0x08003e4c   Section        0  powf.o(i.__hardfp_powf)
    i.__mathlib_flt_divzero                  0x080044b0   Section        0  funder.o(i.__mathlib_flt_divzero)
    i.__mathlib_flt_infnan2                  0x080044c4   Section        0  funder.o(i.__mathlib_flt_infnan2)
    i.__mathlib_flt_invalid                  0x080044cc   Section        0  funder.o(i.__mathlib_flt_invalid)
    i.__mathlib_flt_overflow                 0x080044dc   Section        0  funder.o(i.__mathlib_flt_overflow)
    i.__mathlib_flt_underflow                0x080044ec   Section        0  funder.o(i.__mathlib_flt_underflow)
    i.__sti___6_main_c_18ce1bfb              0x080044fc   Section        0  main.o(i.__sti___6_main_c_18ce1bfb)
    __sti___6_main_c_18ce1bfb                0x080044fd   Thumb Code    48  main.o(i.__sti___6_main_c_18ce1bfb)
    i.main                                   0x08004544   Section        0  main.o(i.main)
    t._Z14Math_ConstrainIfEvPT_S0_S0_        0x08004b54   Section        0  alg_pid.o(t._Z14Math_ConstrainIfEvPT_S0_S0_)
    t._Z8Math_AbsIfET_S0_                    0x08004b7c   Section        0  alg_pid.o(t._Z8Math_AbsIfET_S0_)
    x$fpl$d2f                                0x08004b98   Section       98  d2f.o(x$fpl$d2f)
    $v0                                      0x08004b98   Number         0  d2f.o(x$fpl$d2f)
    x$fpl$dnaninf                            0x08004bfa   Section      156  dnaninf.o(x$fpl$dnaninf)
    $v0                                      0x08004bfa   Number         0  dnaninf.o(x$fpl$dnaninf)
    x$fpl$dretinf                            0x08004c96   Section       12  dretinf.o(x$fpl$dretinf)
    $v0                                      0x08004c96   Number         0  dretinf.o(x$fpl$dretinf)
    x$fpl$f2d                                0x08004ca4   Section       86  f2d.o(x$fpl$f2d)
    $v0                                      0x08004ca4   Number         0  f2d.o(x$fpl$f2d)
    x$fpl$fnaninf                            0x08004cfa   Section      140  fnaninf.o(x$fpl$fnaninf)
    $v0                                      0x08004cfa   Number         0  fnaninf.o(x$fpl$fnaninf)
    x$fpl$fpinit                             0x08004d86   Section       10  fpinit.o(x$fpl$fpinit)
    $v0                                      0x08004d86   Number         0  fpinit.o(x$fpl$fpinit)
    x$fpl$fretinf                            0x08004d90   Section       10  fretinf.o(x$fpl$fretinf)
    $v0                                      0x08004d90   Number         0  fretinf.o(x$fpl$fretinf)
    .constdata                               0x08004d9a   Section        8  stm32f4xx_hal_dma.o(.constdata)
    x$fpl$usenofp                            0x08004d9a   Section        0  usenofp.o(x$fpl$usenofp)
    [local to stm32f4xx_hal_dma_c]::DMA_CalcBaseAndBitshift(__DMA_HandleTypeDef*)::flagBitshiftOffset 0x08004d9a   Data           8  stm32f4xx_hal_dma.o(.constdata)
    .constdata                               0x08004da2   Section       24  system_stm32f4xx.o(.constdata)
    .constdata                               0x08004dbc   Section      320  powf.o(.constdata)
    table                                    0x08004dbc   Data         128  powf.o(.constdata)
    powersof2to1over16top                    0x08004e3c   Data          64  powf.o(.constdata)
    powersof2to1over16bot                    0x08004e7c   Data          64  powf.o(.constdata)
    powersof2to1over16all                    0x08004ebc   Data          64  powf.o(.constdata)
    .init_array                              0x08004f1c   Section        4  main.o(.init_array)
    .init_array                              0x08004f20   Section        0  init_aeabi.o(.init_array)
    .data                                    0x20000000   Section      546  main.o(.data)
    Variable_Assignment_List                 0x20000088   Data         400  main.o(.data)
    usart_printf(const char*, ...)::ap       0x2000021c   Data           4  main.o(.data)
    usart_printf(const char*, ...)::len      0x20000220   Data           2  main.o(.data)
    .data                                    0x20000224   Section        4  can.o(.data)
    HAL_RCC_CAN1_CLK_ENABLED                 0x20000224   Data           4  can.o(.data)
    .data                                    0x20000228   Section        2  stm32f4xx_it.o(.data)
    USART3_IRQHandler::this_time_rx_len      0x20000228   Data           2  stm32f4xx_it.o(.data)
    .data                                    0x2000022c   Section        9  stm32f4xx_hal.o(.data)
    .data                                    0x20000238   Section        4  system_stm32f4xx.o(.data)
    .data                                    0x2000023c   Section       17  can_receive.o(.data)
    gimbal_can_send_data                     0x2000023c   Data           8  can_receive.o(.data)
    chassis_can_send_data                    0x20000244   Data           8  can_receive.o(.data)
    HAL_CAN_RxFifo0MsgPendingCallback::i     0x2000024c   Data           1  can_receive.o(.data)
    .bss                                     0x20000250   Section      712  main.o(.bss)
    usart_printf(const char*, ...)::tx_buf   0x20000418   Data         256  main.o(.bss)
    .bss                                     0x20000518   Section       80  can.o(.bss)
    .bss                                     0x20000568   Section      432  usart.o(.bss)
    .bss                                     0x20000718   Section      114  remote_control.o(.bss)
    .bss                                     0x2000078c   Section      120  can_receive.o(.bss)
    motor_chassis                            0x2000078c   Data          70  can_receive.o(.bss)
    gimbal_tx_message                        0x200007d4   Data          24  can_receive.o(.bss)
    chassis_tx_message                       0x200007ec   Data          24  can_receive.o(.bss)
    .bss                                     0x20000804   Section     4192  drv_uart.o(.bss)
    .bss                                     0x20001864   Section       96  libspace.o(.bss)
    HEAP                                     0x200018c8   Section      512  startup_stm32f407xx.o(HEAP)
    Heap_Mem                                 0x200018c8   Data         512  startup_stm32f407xx.o(HEAP)
    STACK                                    0x20001ac8   Section     1024  startup_stm32f407xx.o(STACK)
    Stack_Mem                                0x20001ac8   Data        1024  startup_stm32f407xx.o(STACK)
    __initial_sp                             0x20001ec8   Data           0  startup_stm32f407xx.o(STACK)

    Global Symbols

    Symbol Name                              Value     Ov Type        Size  Object(Section)

    BuildAttributes$$THM_ISAv4$E$P$D$K$B$S$7EM$VFPi3$EXTD16$VFPS$VFMA$PE$A:L22UL41UL21$X:L11$S22US41US21$IEEE1$IW$USESV6$~STKCKD$USESV7$~SHL$OTIME$ROPI$IEEEX$EBA8$UX$STANDARDLIB$REQ8$PRES8$EABIv2 0x00000000   Number         0  anon$$obj.o ABSOLUTE
    __ARM_use_no_argv                        0x00000000   Number         0  main.o ABSOLUTE
    _printf_flags                            0x00000000   Number         0  printf_stubs.o ABSOLUTE
    _printf_return_value                     0x00000000   Number         0  printf_stubs.o ABSOLUTE
    _printf_sizespec                         0x00000000   Number         0  printf_stubs.o ABSOLUTE
    _printf_widthprec                        0x00000000   Number         0  printf_stubs.o ABSOLUTE
    __ARM_exceptions_init                     - Undefined Weak Reference
    __alloca_initialize                       - Undefined Weak Reference
    __arm_preinit_                            - Undefined Weak Reference
    __cxa_finalize                            - Undefined Weak Reference
    __sigvec_lookup                           - Undefined Weak Reference
    _atexit_init                              - Undefined Weak Reference
    _call_atexit_fns                          - Undefined Weak Reference
    _clock_init                               - Undefined Weak Reference
    _fp_trap_init                             - Undefined Weak Reference
    _fp_trap_shutdown                         - Undefined Weak Reference
    _get_lc_collate                           - Undefined Weak Reference
    _get_lc_monetary                          - Undefined Weak Reference
    _get_lc_time                              - Undefined Weak Reference
    _getenv_init                              - Undefined Weak Reference
    _handle_redirection                       - Undefined Weak Reference
    _init_alloc                               - Undefined Weak Reference
    _init_user_alloc                          - Undefined Weak Reference
    _initio                                   - Undefined Weak Reference
    _printf_fp_hex                            - Undefined Weak Reference
    _printf_mbtowc                            - Undefined Weak Reference
    _printf_wc                                - Undefined Weak Reference
    _rand_init                                - Undefined Weak Reference
    _signal_finish                            - Undefined Weak Reference
    _signal_init                              - Undefined Weak Reference
    _terminate_alloc                          - Undefined Weak Reference
    _terminate_user_alloc                     - Undefined Weak Reference
    _terminateio                              - Undefined Weak Reference
    __Vectors_Size                           0x00000188   Number         0  startup_stm32f407xx.o ABSOLUTE
    __Vectors                                0x08000000   Data           4  startup_stm32f407xx.o(RESET)
    __Vectors_End                            0x08000188   Data           0  startup_stm32f407xx.o(RESET)
    __main                                   0x08000189   Thumb Code     8  __main.o(!!!main)
    __scatterload                            0x08000191   Thumb Code     0  __scatter.o(!!!scatter)
    __scatterload_rt2                        0x08000191   Thumb Code    44  __scatter.o(!!!scatter)
    __scatterload_rt2_thumb_only             0x08000191   Thumb Code     0  __scatter.o(!!!scatter)
    __scatterload_null                       0x0800019f   Thumb Code     0  __scatter.o(!!!scatter)
    __decompress                             0x080001c5   Thumb Code    90  __dczerorl2.o(!!dczerorl2)
    __decompress1                            0x080001c5   Thumb Code     0  __dczerorl2.o(!!dczerorl2)
    __scatterload_zeroinit                   0x08000221   Thumb Code    28  __scatter_zi.o(!!handler_zi)
    __rt_lib_init                            0x0800023d   Thumb Code     0  libinit.o(.ARM.Collect$$libinit$$00000000)
    __rt_lib_init_fp_1                       0x0800023f   Thumb Code     0  libinit2.o(.ARM.Collect$$libinit$$00000001)
    __rt_lib_init_alloca_1                   0x08000243   Thumb Code     0  libinit2.o(.ARM.Collect$$libinit$$0000002E)
    __rt_lib_init_argv_1                     0x08000243   Thumb Code     0  libinit2.o(.ARM.Collect$$libinit$$0000002C)
    __rt_lib_init_atexit_1                   0x08000243   Thumb Code     0  libinit2.o(.ARM.Collect$$libinit$$0000001B)
    __rt_lib_init_clock_1                    0x08000243   Thumb Code     0  libinit2.o(.ARM.Collect$$libinit$$00000021)
    __rt_lib_init_cpp_2                      0x08000243   Thumb Code     0  libinit2.o(.ARM.Collect$$libinit$$00000031)
    __rt_lib_init_exceptions_1               0x08000243   Thumb Code     0  libinit2.o(.ARM.Collect$$libinit$$00000030)
    __rt_lib_init_fp_trap_1                  0x08000243   Thumb Code     0  libinit2.o(.ARM.Collect$$libinit$$0000001F)
    __rt_lib_init_getenv_1                   0x08000243   Thumb Code     0  libinit2.o(.ARM.Collect$$libinit$$00000023)
    __rt_lib_init_heap_1                     0x08000243   Thumb Code     0  libinit2.o(.ARM.Collect$$libinit$$0000000A)
    __rt_lib_init_lc_collate_1               0x08000243   Thumb Code     0  libinit2.o(.ARM.Collect$$libinit$$00000011)
    __rt_lib_init_lc_ctype_1                 0x08000243   Thumb Code     0  libinit2.o(.ARM.Collect$$libinit$$00000013)
    __rt_lib_init_lc_monetary_1              0x08000243   Thumb Code     0  libinit2.o(.ARM.Collect$$libinit$$00000015)
    __rt_lib_init_lc_numeric_1               0x08000243   Thumb Code     0  libinit2.o(.ARM.Collect$$libinit$$00000017)
    __rt_lib_init_lc_time_1                  0x08000243   Thumb Code     0  libinit2.o(.ARM.Collect$$libinit$$00000019)
    __rt_lib_init_preinit_1                  0x08000243   Thumb Code     0  libinit2.o(.ARM.Collect$$libinit$$00000004)
    __rt_lib_init_rand_1                     0x08000243   Thumb Code     0  libinit2.o(.ARM.Collect$$libinit$$0000000E)
    __rt_lib_init_signal_1                   0x08000243   Thumb Code     0  libinit2.o(.ARM.Collect$$libinit$$0000001D)
    __rt_lib_init_stdio_1                    0x08000243   Thumb Code     0  libinit2.o(.ARM.Collect$$libinit$$00000025)
    __rt_lib_init_user_alloc_1               0x08000243   Thumb Code     0  libinit2.o(.ARM.Collect$$libinit$$0000000C)
    __rt_lib_init_cpp_1                      0x08000247   Thumb Code     0  libinit2.o(.ARM.Collect$$libinit$$00000032)
    __rt_lib_init_return                     0x08000247   Thumb Code     0  libinit2.o(.ARM.Collect$$libinit$$00000033)
    __rt_lib_shutdown                        0x08000249   Thumb Code     0  libshutdown.o(.ARM.Collect$$libshutdown$$00000000)
    __rt_lib_shutdown_cpp_1                  0x0800024b   Thumb Code     0  libshutdown2.o(.ARM.Collect$$libshutdown$$00000002)
    __rt_lib_shutdown_fp_trap_1              0x0800024b   Thumb Code     0  libshutdown2.o(.ARM.Collect$$libshutdown$$00000007)
    __rt_lib_shutdown_heap_1                 0x0800024b   Thumb Code     0  libshutdown2.o(.ARM.Collect$$libshutdown$$0000000F)
    __rt_lib_shutdown_return                 0x0800024b   Thumb Code     0  libshutdown2.o(.ARM.Collect$$libshutdown$$00000010)
    __rt_lib_shutdown_signal_1               0x0800024b   Thumb Code     0  libshutdown2.o(.ARM.Collect$$libshutdown$$0000000A)
    __rt_lib_shutdown_stdio_1                0x0800024b   Thumb Code     0  libshutdown2.o(.ARM.Collect$$libshutdown$$00000004)
    __rt_lib_shutdown_user_alloc_1           0x0800024b   Thumb Code     0  libshutdown2.o(.ARM.Collect$$libshutdown$$0000000C)
    __rt_entry                               0x0800024d   Thumb Code     0  __rtentry.o(.ARM.Collect$$rtentry$$00000000)
    __rt_entry_presh_1                       0x0800024d   Thumb Code     0  __rtentry2.o(.ARM.Collect$$rtentry$$00000002)
    __rt_entry_sh                            0x0800024d   Thumb Code     0  __rtentry4.o(.ARM.Collect$$rtentry$$00000004)
    __rt_entry_li                            0x08000253   Thumb Code     0  __rtentry2.o(.ARM.Collect$$rtentry$$0000000A)
    __rt_entry_postsh_1                      0x08000253   Thumb Code     0  __rtentry2.o(.ARM.Collect$$rtentry$$00000009)
    __rt_entry_main                          0x08000257   Thumb Code     0  __rtentry2.o(.ARM.Collect$$rtentry$$0000000D)
    __rt_entry_postli_1                      0x08000257   Thumb Code     0  __rtentry2.o(.ARM.Collect$$rtentry$$0000000C)
    __rt_exit                                0x0800025f   Thumb Code     0  rtexit.o(.ARM.Collect$$rtexit$$00000000)
    __rt_exit_ls                             0x08000261   Thumb Code     0  rtexit2.o(.ARM.Collect$$rtexit$$00000003)
    __rt_exit_prels_1                        0x08000261   Thumb Code     0  rtexit2.o(.ARM.Collect$$rtexit$$00000002)
    __rt_exit_exit                           0x08000265   Thumb Code     0  rtexit2.o(.ARM.Collect$$rtexit$$00000004)
    Reset_Handler                            0x0800026d   Thumb Code     8  startup_stm32f407xx.o(.text)
    ADC_IRQHandler                           0x08000287   Thumb Code     0  startup_stm32f407xx.o(.text)
    CAN1_RX1_IRQHandler                      0x08000287   Thumb Code     0  startup_stm32f407xx.o(.text)
    CAN1_SCE_IRQHandler                      0x08000287   Thumb Code     0  startup_stm32f407xx.o(.text)
    CAN1_TX_IRQHandler                       0x08000287   Thumb Code     0  startup_stm32f407xx.o(.text)
    CAN2_RX1_IRQHandler                      0x08000287   Thumb Code     0  startup_stm32f407xx.o(.text)
    CAN2_SCE_IRQHandler                      0x08000287   Thumb Code     0  startup_stm32f407xx.o(.text)
    CAN2_TX_IRQHandler                       0x08000287   Thumb Code     0  startup_stm32f407xx.o(.text)
    DCMI_IRQHandler                          0x08000287   Thumb Code     0  startup_stm32f407xx.o(.text)
    DMA1_Stream0_IRQHandler                  0x08000287   Thumb Code     0  startup_stm32f407xx.o(.text)
    DMA1_Stream2_IRQHandler                  0x08000287   Thumb Code     0  startup_stm32f407xx.o(.text)
    DMA1_Stream3_IRQHandler                  0x08000287   Thumb Code     0  startup_stm32f407xx.o(.text)
    DMA1_Stream4_IRQHandler                  0x08000287   Thumb Code     0  startup_stm32f407xx.o(.text)
    DMA1_Stream5_IRQHandler                  0x08000287   Thumb Code     0  startup_stm32f407xx.o(.text)
    DMA1_Stream6_IRQHandler                  0x08000287   Thumb Code     0  startup_stm32f407xx.o(.text)
    DMA1_Stream7_IRQHandler                  0x08000287   Thumb Code     0  startup_stm32f407xx.o(.text)
    DMA2_Stream0_IRQHandler                  0x08000287   Thumb Code     0  startup_stm32f407xx.o(.text)
    DMA2_Stream1_IRQHandler                  0x08000287   Thumb Code     0  startup_stm32f407xx.o(.text)
    DMA2_Stream3_IRQHandler                  0x08000287   Thumb Code     0  startup_stm32f407xx.o(.text)
    DMA2_Stream4_IRQHandler                  0x08000287   Thumb Code     0  startup_stm32f407xx.o(.text)
    DMA2_Stream5_IRQHandler                  0x08000287   Thumb Code     0  startup_stm32f407xx.o(.text)
    DMA2_Stream6_IRQHandler                  0x08000287   Thumb Code     0  startup_stm32f407xx.o(.text)
    ETH_IRQHandler                           0x08000287   Thumb Code     0  startup_stm32f407xx.o(.text)
    ETH_WKUP_IRQHandler                      0x08000287   Thumb Code     0  startup_stm32f407xx.o(.text)
    EXTI0_IRQHandler                         0x08000287   Thumb Code     0  startup_stm32f407xx.o(.text)
    EXTI15_10_IRQHandler                     0x08000287   Thumb Code     0  startup_stm32f407xx.o(.text)
    EXTI1_IRQHandler                         0x08000287   Thumb Code     0  startup_stm32f407xx.o(.text)
    EXTI2_IRQHandler                         0x08000287   Thumb Code     0  startup_stm32f407xx.o(.text)
    EXTI3_IRQHandler                         0x08000287   Thumb Code     0  startup_stm32f407xx.o(.text)
    EXTI4_IRQHandler                         0x08000287   Thumb Code     0  startup_stm32f407xx.o(.text)
    EXTI9_5_IRQHandler                       0x08000287   Thumb Code     0  startup_stm32f407xx.o(.text)
    FLASH_IRQHandler                         0x08000287   Thumb Code     0  startup_stm32f407xx.o(.text)
    FMC_IRQHandler                           0x08000287   Thumb Code     0  startup_stm32f407xx.o(.text)
    FPU_IRQHandler                           0x08000287   Thumb Code     0  startup_stm32f407xx.o(.text)
    HASH_RNG_IRQHandler                      0x08000287   Thumb Code     0  startup_stm32f407xx.o(.text)
    I2C1_ER_IRQHandler                       0x08000287   Thumb Code     0  startup_stm32f407xx.o(.text)
    I2C1_EV_IRQHandler                       0x08000287   Thumb Code     0  startup_stm32f407xx.o(.text)
    I2C2_ER_IRQHandler                       0x08000287   Thumb Code     0  startup_stm32f407xx.o(.text)
    I2C2_EV_IRQHandler                       0x08000287   Thumb Code     0  startup_stm32f407xx.o(.text)
    I2C3_ER_IRQHandler                       0x08000287   Thumb Code     0  startup_stm32f407xx.o(.text)
    I2C3_EV_IRQHandler                       0x08000287   Thumb Code     0  startup_stm32f407xx.o(.text)
    OTG_FS_IRQHandler                        0x08000287   Thumb Code     0  startup_stm32f407xx.o(.text)
    OTG_FS_WKUP_IRQHandler                   0x08000287   Thumb Code     0  startup_stm32f407xx.o(.text)
    OTG_HS_EP1_IN_IRQHandler                 0x08000287   Thumb Code     0  startup_stm32f407xx.o(.text)
    OTG_HS_EP1_OUT_IRQHandler                0x08000287   Thumb Code     0  startup_stm32f407xx.o(.text)
    OTG_HS_IRQHandler                        0x08000287   Thumb Code     0  startup_stm32f407xx.o(.text)
    OTG_HS_WKUP_IRQHandler                   0x08000287   Thumb Code     0  startup_stm32f407xx.o(.text)
    PVD_IRQHandler                           0x08000287   Thumb Code     0  startup_stm32f407xx.o(.text)
    RCC_IRQHandler                           0x08000287   Thumb Code     0  startup_stm32f407xx.o(.text)
    RTC_Alarm_IRQHandler                     0x08000287   Thumb Code     0  startup_stm32f407xx.o(.text)
    RTC_WKUP_IRQHandler                      0x08000287   Thumb Code     0  startup_stm32f407xx.o(.text)
    SDIO_IRQHandler                          0x08000287   Thumb Code     0  startup_stm32f407xx.o(.text)
    SPI1_IRQHandler                          0x08000287   Thumb Code     0  startup_stm32f407xx.o(.text)
    SPI2_IRQHandler                          0x08000287   Thumb Code     0  startup_stm32f407xx.o(.text)
    SPI3_IRQHandler                          0x08000287   Thumb Code     0  startup_stm32f407xx.o(.text)
    TAMP_STAMP_IRQHandler                    0x08000287   Thumb Code     0  startup_stm32f407xx.o(.text)
    TIM1_BRK_TIM9_IRQHandler                 0x08000287   Thumb Code     0  startup_stm32f407xx.o(.text)
    TIM1_CC_IRQHandler                       0x08000287   Thumb Code     0  startup_stm32f407xx.o(.text)
    TIM1_TRG_COM_TIM11_IRQHandler            0x08000287   Thumb Code     0  startup_stm32f407xx.o(.text)
    TIM1_UP_TIM10_IRQHandler                 0x08000287   Thumb Code     0  startup_stm32f407xx.o(.text)
    TIM2_IRQHandler                          0x08000287   Thumb Code     0  startup_stm32f407xx.o(.text)
    TIM3_IRQHandler                          0x08000287   Thumb Code     0  startup_stm32f407xx.o(.text)
    TIM4_IRQHandler                          0x08000287   Thumb Code     0  startup_stm32f407xx.o(.text)
    TIM5_IRQHandler                          0x08000287   Thumb Code     0  startup_stm32f407xx.o(.text)
    TIM6_DAC_IRQHandler                      0x08000287   Thumb Code     0  startup_stm32f407xx.o(.text)
    TIM7_IRQHandler                          0x08000287   Thumb Code     0  startup_stm32f407xx.o(.text)
    TIM8_BRK_TIM12_IRQHandler                0x08000287   Thumb Code     0  startup_stm32f407xx.o(.text)
    TIM8_CC_IRQHandler                       0x08000287   Thumb Code     0  startup_stm32f407xx.o(.text)
    TIM8_TRG_COM_TIM14_IRQHandler            0x08000287   Thumb Code     0  startup_stm32f407xx.o(.text)
    TIM8_UP_TIM13_IRQHandler                 0x08000287   Thumb Code     0  startup_stm32f407xx.o(.text)
    UART4_IRQHandler                         0x08000287   Thumb Code     0  startup_stm32f407xx.o(.text)
    UART5_IRQHandler                         0x08000287   Thumb Code     0  startup_stm32f407xx.o(.text)
    USART2_IRQHandler                        0x08000287   Thumb Code     0  startup_stm32f407xx.o(.text)
    USART6_IRQHandler                        0x08000287   Thumb Code     0  startup_stm32f407xx.o(.text)
    WWDG_IRQHandler                          0x08000287   Thumb Code     0  startup_stm32f407xx.o(.text)
    __user_initial_stackheap                 0x08000289   Thumb Code     0  startup_stm32f407xx.o(.text)
    __aeabi_uldivmod                         0x080002ad   Thumb Code     0  lludivv7m.o(.text)
    _ll_udiv                                 0x080002ad   Thumb Code   238  lludivv7m.o(.text)
    __aeabi_memclr4                          0x0800039b   Thumb Code     0  rt_memclr_w.o(.text)
    __aeabi_memclr8                          0x0800039b   Thumb Code     0  rt_memclr_w.o(.text)
    __rt_memclr_w                            0x0800039b   Thumb Code    78  rt_memclr_w.o(.text)
    _memset_w                                0x0800039f   Thumb Code     0  rt_memclr_w.o(.text)
    strcmp                                   0x080003e9   Thumb Code   128  strcmpv7m.o(.text)
    __use_two_region_memory                  0x08000469   Thumb Code     2  heapauxi.o(.text)
    __rt_heap_escrow$2region                 0x0800046b   Thumb Code     2  heapauxi.o(.text)
    __rt_heap_expand$2region                 0x0800046d   Thumb Code     2  heapauxi.o(.text)
    __cpp_initialize__aeabi_                 0x08000471   Thumb Code    26  init_aeabi.o(.text)
    __read_errno                             0x08000495   Thumb Code    10  _rserrno.o(.text)
    __set_errno                              0x0800049f   Thumb Code    12  _rserrno.o(.text)
    __aeabi_errno_addr                       0x080004ad   Thumb Code     8  rt_errno_addr_intlibspace.o(.text)
    __errno$intlibspace                      0x080004ad   Thumb Code     0  rt_errno_addr_intlibspace.o(.text)
    __rt_errno_addr$intlibspace              0x080004ad   Thumb Code     0  rt_errno_addr_intlibspace.o(.text)
    __user_libspace                          0x080004b5   Thumb Code     8  libspace.o(.text)
    __user_perproc_libspace                  0x080004b5   Thumb Code     0  libspace.o(.text)
    __user_perthread_libspace                0x080004b5   Thumb Code     0  libspace.o(.text)
    __user_setup_stackheap                   0x080004bd   Thumb Code    74  sys_stackheap_outer.o(.text)
    exit                                     0x08000507   Thumb Code    18  exit.o(.text)
    _sys_exit                                0x08000519   Thumb Code     8  sys_exit.o(.text)
    __I$use$semihosting                      0x08000525   Thumb Code     0  use_no_semi.o(.text)
    __use_no_semihosting_swi                 0x08000525   Thumb Code     2  use_no_semi.o(.text)
    BusFault_Handler                         0x08000527   Thumb Code     4  stm32f4xx_it.o(i.BusFault_Handler)
    __semihosting_library_function           0x08000527   Thumb Code     0  indicate_semi.o(.text)
    CAN1_RX0_IRQHandler                      0x0800052d   Thumb Code    10  stm32f4xx_it.o(i.CAN1_RX0_IRQHandler)
    CAN2_RX0_IRQHandler                      0x0800053d   Thumb Code    10  stm32f4xx_it.o(i.CAN2_RX0_IRQHandler)
    DMA1_Stream1_IRQHandler                  0x0800054d   Thumb Code    10  stm32f4xx_it.o(i.DMA1_Stream1_IRQHandler)
    DMA2_Stream2_IRQHandler                  0x0800055d   Thumb Code    10  stm32f4xx_it.o(i.DMA2_Stream2_IRQHandler)
    DMA2_Stream7_IRQHandler                  0x0800056d   Thumb Code    10  stm32f4xx_it.o(i.DMA2_Stream7_IRQHandler)
    DebugMon_Handler                         0x0800057d   Thumb Code     2  stm32f4xx_it.o(i.DebugMon_Handler)
    Error_Handler                            0x0800057f   Thumb Code     6  main.o(i.Error_Handler)
    HAL_CAN_ActivateNotification             0x08000585   Thumb Code    42  stm32f4xx_hal_can.o(i.HAL_CAN_ActivateNotification)
    HAL_CAN_AddTxMessage                     0x080005af   Thumb Code   330  stm32f4xx_hal_can.o(i.HAL_CAN_AddTxMessage)
    HAL_CAN_ConfigFilter                     0x080006f9   Thumb Code   286  stm32f4xx_hal_can.o(i.HAL_CAN_ConfigFilter)
    HAL_CAN_ErrorCallback                    0x0800081d   Thumb Code     2  stm32f4xx_hal_can.o(i.HAL_CAN_ErrorCallback)
    HAL_CAN_GetRxMessage                     0x0800081f   Thumb Code   404  stm32f4xx_hal_can.o(i.HAL_CAN_GetRxMessage)
    HAL_CAN_IRQHandler                       0x080009b3   Thumb Code   590  stm32f4xx_hal_can.o(i.HAL_CAN_IRQHandler)
    HAL_CAN_Init                             0x08000c01   Thumb Code   372  stm32f4xx_hal_can.o(i.HAL_CAN_Init)
    HAL_CAN_MspInit                          0x08000d75   Thumb Code   328  can.o(i.HAL_CAN_MspInit)
    HAL_CAN_RxFifo0FullCallback              0x08000ed5   Thumb Code     2  stm32f4xx_hal_can.o(i.HAL_CAN_RxFifo0FullCallback)
    HAL_CAN_RxFifo0MsgPendingCallback        0x08000ed9   Thumb Code   200  can_receive.o(i.HAL_CAN_RxFifo0MsgPendingCallback)
    HAL_CAN_RxFifo1FullCallback              0x08000fa9   Thumb Code     2  stm32f4xx_hal_can.o(i.HAL_CAN_RxFifo1FullCallback)
    HAL_CAN_RxFifo1MsgPendingCallback        0x08000fab   Thumb Code     2  stm32f4xx_hal_can.o(i.HAL_CAN_RxFifo1MsgPendingCallback)
    HAL_CAN_SleepCallback                    0x08000fad   Thumb Code     2  stm32f4xx_hal_can.o(i.HAL_CAN_SleepCallback)
    HAL_CAN_Start                            0x08000faf   Thumb Code    94  stm32f4xx_hal_can.o(i.HAL_CAN_Start)
    HAL_CAN_TxMailbox0AbortCallback          0x0800100d   Thumb Code     2  stm32f4xx_hal_can.o(i.HAL_CAN_TxMailbox0AbortCallback)
    HAL_CAN_TxMailbox0CompleteCallback       0x0800100f   Thumb Code     2  stm32f4xx_hal_can.o(i.HAL_CAN_TxMailbox0CompleteCallback)
    HAL_CAN_TxMailbox1AbortCallback          0x08001011   Thumb Code     2  stm32f4xx_hal_can.o(i.HAL_CAN_TxMailbox1AbortCallback)
    HAL_CAN_TxMailbox1CompleteCallback       0x08001013   Thumb Code     2  stm32f4xx_hal_can.o(i.HAL_CAN_TxMailbox1CompleteCallback)
    HAL_CAN_TxMailbox2AbortCallback          0x08001015   Thumb Code     2  stm32f4xx_hal_can.o(i.HAL_CAN_TxMailbox2AbortCallback)
    HAL_CAN_TxMailbox2CompleteCallback       0x08001017   Thumb Code     2  stm32f4xx_hal_can.o(i.HAL_CAN_TxMailbox2CompleteCallback)
    HAL_CAN_WakeUpFromRxMsgCallback          0x08001019   Thumb Code     2  stm32f4xx_hal_can.o(i.HAL_CAN_WakeUpFromRxMsgCallback)
    HAL_DMA_Abort                            0x0800101b   Thumb Code   172  stm32f4xx_hal_dma.o(i.HAL_DMA_Abort)
    HAL_DMA_Abort_IT                         0x080010c7   Thumb Code    40  stm32f4xx_hal_dma.o(i.HAL_DMA_Abort_IT)
    HAL_DMA_IRQHandler                       0x080010f1   Thumb Code   570  stm32f4xx_hal_dma.o(i.HAL_DMA_IRQHandler)
    HAL_DMA_Init                             0x08001331   Thumb Code   232  stm32f4xx_hal_dma.o(i.HAL_DMA_Init)
    HAL_DMA_Start_IT                         0x0800141d   Thumb Code   146  stm32f4xx_hal_dma.o(i.HAL_DMA_Start_IT)
    HAL_Delay                                0x080014b1   Thumb Code    36  stm32f4xx_hal.o(i.HAL_Delay)
    HAL_GPIO_Init                            0x080014d9   Thumb Code   454  stm32f4xx_hal_gpio.o(i.HAL_GPIO_Init)
    HAL_GetTick                              0x080016cd   Thumb Code     6  stm32f4xx_hal.o(i.HAL_GetTick)
    HAL_IncTick                              0x080016d9   Thumb Code    16  stm32f4xx_hal.o(i.HAL_IncTick)
    HAL_Init                                 0x080016f1   Thumb Code    54  stm32f4xx_hal.o(i.HAL_Init)
    HAL_InitTick                             0x0800172d   Thumb Code    64  stm32f4xx_hal.o(i.HAL_InitTick)
    HAL_MspInit                              0x08001779   Thumb Code    68  stm32f4xx_hal_msp.o(i.HAL_MspInit)
    HAL_NVIC_EnableIRQ                       0x080017c1   Thumb Code    40  stm32f4xx_hal_cortex.o(i.HAL_NVIC_EnableIRQ)
    HAL_NVIC_SetPriority                     0x080017e9   Thumb Code   124  stm32f4xx_hal_cortex.o(i.HAL_NVIC_SetPriority)
    HAL_NVIC_SetPriorityGrouping             0x08001865   Thumb Code    32  stm32f4xx_hal_cortex.o(i.HAL_NVIC_SetPriorityGrouping)
    HAL_RCC_ClockConfig                      0x0800188d   Thumb Code   368  stm32f4xx_hal_rcc.o(i.HAL_RCC_ClockConfig)
    HAL_RCC_GetHCLKFreq                      0x08001a11   Thumb Code     6  stm32f4xx_hal_rcc.o(i.HAL_RCC_GetHCLKFreq)
    HAL_RCC_GetPCLK1Freq                     0x08001a1d   Thumb Code    22  stm32f4xx_hal_rcc.o(i.HAL_RCC_GetPCLK1Freq)
    HAL_RCC_GetPCLK2Freq                     0x08001a3d   Thumb Code    22  stm32f4xx_hal_rcc.o(i.HAL_RCC_GetPCLK2Freq)
    HAL_RCC_GetSysClockFreq                  0x08001a5d   Thumb Code   162  stm32f4xx_hal_rcc.o(i.HAL_RCC_GetSysClockFreq)
    HAL_RCC_OscConfig                        0x08001b0d   Thumb Code  1172  stm32f4xx_hal_rcc.o(i.HAL_RCC_OscConfig)
    HAL_SYSTICK_Config                       0x08001fa9   Thumb Code    52  stm32f4xx_hal_cortex.o(i.HAL_SYSTICK_Config)
    HAL_UARTEx_ReceiveToIdle_DMA             0x08001fdd   Thumb Code   114  stm32f4xx_hal_uart.o(i.HAL_UARTEx_ReceiveToIdle_DMA)
    HAL_UARTEx_RxEventCallback               0x08002051   Thumb Code   246  drv_uart.o(i.HAL_UARTEx_RxEventCallback)
    HAL_UART_ErrorCallback                   0x08002179   Thumb Code     2  stm32f4xx_hal_uart.o(i.HAL_UART_ErrorCallback)
    HAL_UART_IRQHandler                      0x0800217d   Thumb Code   740  stm32f4xx_hal_uart.o(i.HAL_UART_IRQHandler)
    HAL_UART_Init                            0x08002465   Thumb Code   118  stm32f4xx_hal_uart.o(i.HAL_UART_Init)
    HAL_UART_MspInit                         0x080024dd   Thumb Code   514  usart.o(i.HAL_UART_MspInit)
    HAL_UART_RxCpltCallback                  0x0800270d   Thumb Code     2  stm32f4xx_hal_uart.o(i.HAL_UART_RxCpltCallback)
    HAL_UART_RxHalfCpltCallback              0x0800270f   Thumb Code     2  stm32f4xx_hal_uart.o(i.HAL_UART_RxHalfCpltCallback)
    HAL_UART_Transmit_DMA                    0x08002711   Thumb Code   128  stm32f4xx_hal_uart.o(i.HAL_UART_Transmit_DMA)
    HAL_UART_TxCpltCallback                  0x0800279d   Thumb Code     2  stm32f4xx_hal_uart.o(i.HAL_UART_TxCpltCallback)
    HAL_UART_TxHalfCpltCallback              0x0800279f   Thumb Code     2  stm32f4xx_hal_uart.o(i.HAL_UART_TxHalfCpltCallback)
    HardFault_Handler                        0x080027a1   Thumb Code     4  stm32f4xx_it.o(i.HardFault_Handler)
    MX_CAN2_Init                             0x080027a5   Thumb Code    58  can.o(i.MX_CAN2_Init)
    MX_DMA_Init                              0x080027e9   Thumb Code   114  dma.o(i.MX_DMA_Init)
    MX_GPIO_Init                             0x08002861   Thumb Code   156  gpio.o(i.MX_GPIO_Init)
    MX_USART1_UART_Init                      0x08002901   Thumb Code    46  usart.o(i.MX_USART1_UART_Init)
    MX_USART3_UART_Init                      0x08002939   Thumb Code    50  usart.o(i.MX_USART3_UART_Init)
    MemManage_Handler                        0x08002979   Thumb Code     4  stm32f4xx_it.o(i.MemManage_Handler)
    NMI_Handler                              0x0800297d   Thumb Code     4  stm32f4xx_it.o(i.NMI_Handler)
    PendSV_Handler                           0x08002981   Thumb Code     2  stm32f4xx_it.o(i.PendSV_Handler)
    SVC_Handler                              0x08002983   Thumb Code     2  stm32f4xx_it.o(i.SVC_Handler)
    SysTick_Handler                          0x08002985   Thumb Code     8  stm32f4xx_it.o(i.SysTick_Handler)
    SystemInit                               0x0800298d   Thumb Code    14  system_stm32f4xx.o(i.SystemInit)
    UART_Start_Receive_DMA                   0x080029a1   Thumb Code   186  stm32f4xx_hal_uart.o(i.UART_Start_Receive_DMA)
    USART1_IRQHandler                        0x08002a69   Thumb Code    10  stm32f4xx_it.o(i.USART1_IRQHandler)
    USART3_IRQHandler                        0x08002a79   Thumb Code   270  stm32f4xx_it.o(i.USART3_IRQHandler)
    UsageFault_Handler                       0x08002ba5   Thumb Code     4  stm32f4xx_it.o(i.UsageFault_Handler)
    sbus_to_rc(const volatile unsigned char*, RC_ctrl_t*) 0x08002ba9   Thumb Code   124  remote_control.o(i._Z10sbus_to_rcPVKhP9RC_ctrl_t)
    UART_Send_Data(__UART_HandleTypeDef*, unsigned char*, unsigned short) 0x08002c25   Thumb Code    20  drv_uart.o(i._Z14UART_Send_DataP20__UART_HandleTypeDefPht)
    CAN_cmd_chassis(short, short, short, short) 0x08002c39   Thumb Code    68  can_receive.o(i._Z15CAN_cmd_chassisssss)
    can_filter_init()                        0x08002c89   Thumb Code    84  bsp_can.o(i._Z15can_filter_initv)
    SystemClock_Config()                     0x08002ce5   Thumb Code   170  main.o(i._Z18SystemClock_Configv)
    usart1_tx_dma_init()                     0x08002d99   Thumb Code    18  bsp_usart.o(i._Z18usart1_tx_dma_initv)
    remote_control_init()                    0x08002db1   Thumb Code    16  remote_control.o(i._Z19remote_control_initv)
    get_remote_control_point()               0x08002dc5   Thumb Code     4  remote_control.o(i._Z24get_remote_control_pointv)
    UART_Serialplot_Call_Back(unsigned char*, unsigned short) 0x08002dcd   Thumb Code   200  main.o(i._Z25UART_Serialplot_Call_BackPht)
    TIM_UART_PeriodElapsedCallback()         0x08002ea9   Thumb Code    14  drv_uart.o(i._Z30TIM_UART_PeriodElapsedCallbackv)
    get_chassis_motor_measure_point(unsigned char) 0x08002ec1   Thumb Code    18  can_receive.o(i._Z31get_chassis_motor_measure_pointh)
    RC_init(unsigned char*, unsigned char*, unsigned short) 0x08002ed9   Thumb Code   142  bsp_rc.o(i._Z7RC_initPhS_t)
    UART_Init(__UART_HandleTypeDef*, void(*)(unsigned char*, unsigned short), unsigned short) 0x08002f75   Thumb Code   224  drv_uart.o(i._Z9UART_InitP20__UART_HandleTypeDefPFvPhtEt)
    Class_Serialplot::Get_Variable_Index()   0x08003085   Thumb Code     8  dvc_serialplot.o(i._ZN16Class_Serialplot18Get_Variable_IndexEv)
    Class_Serialplot::Get_Variable_Value()   0x0800308d   Thumb Code    24  dvc_serialplot.o(i._ZN16Class_Serialplot18Get_Variable_ValueEv)
    Class_Serialplot::Judge_Variable_Name()  0x080030a5   Thumb Code    96  dvc_serialplot.o(i._ZN16Class_Serialplot19Judge_Variable_NameEv)
    Class_Serialplot::UART_RxCpltCallback(unsigned char*) 0x08003105   Thumb Code    24  dvc_serialplot.o(i._ZN16Class_Serialplot19UART_RxCpltCallbackEPh)
    Class_Serialplot::Judge_Variable_Value(int) 0x0800311d   Thumb Code   214  dvc_serialplot.o(i._ZN16Class_Serialplot20Judge_Variable_ValueEi)
    Class_Serialplot::TIM_Write_PeriodElapsedCallback() 0x080031f9   Thumb Code    12  dvc_serialplot.o(i._ZN16Class_Serialplot31TIM_Write_PeriodElapsedCallbackEv)
    Class_Serialplot::Init(__UART_HandleTypeDef*, unsigned char, char**, Enum_Serialplot_Data_Type, unsigned char) 0x08003205   Thumb Code   102  dvc_serialplot.o(i._ZN16Class_Serialplot4InitEP20__UART_HandleTypeDefhPPc25Enum_Serialplot_Data_Typeh)
    Class_Serialplot::Output()               0x0800329d   Thumb Code   224  dvc_serialplot.o(i._ZN16Class_Serialplot6OutputEv)
    Class_Serialplot::Set_Data(unsigned char, ...) 0x0800337d   Thumb Code    58  dvc_serialplot.o(i._ZN16Class_Serialplot8Set_DataEhz)
    Class_PID::Set_Target(float)             0x08003ad5   Thumb Code     6  alg_pid.o(i._ZN9Class_PID10Set_TargetEf)
    Class_PID::TIM_Adjust_PeriodElapsedCallback() 0x08003add   Thumb Code   622  alg_pid.o(i._ZN9Class_PID32TIM_Adjust_PeriodElapsedCallbackEv)
    Class_PID::Init(float, float, float, float, float, float, float, float, float, float, float, Enum_PID_D_First) 0x08003d51   Thumb Code    48  alg_pid.o(i._ZN9Class_PID4InitEfffffffffff16Enum_PID_D_First)
    Class_PID::Get_Out()                     0x08003d81   Thumb Code     6  alg_pid.o(i._ZN9Class_PID7Get_OutEv)
    Class_PID::Set_K_P(float)                0x08003d87   Thumb Code     6  alg_pid.o(i._ZN9Class_PID7Set_K_PEf)
    Class_PID::Set_Now(float)                0x08003d8d   Thumb Code     6  alg_pid.o(i._ZN9Class_PID7Set_NowEf)
    Class_PID::Class_PID()                   0x08003d95   Thumb Code   138  main.o(i._ZN9Class_PIDC1Ev)
    Class_PID::Class_PID__sub_object()       0x08003d95   Thumb Code     0  main.o(i._ZN9Class_PIDC1Ev)
    __ARM_fpclassifyf                        0x08003e25   Thumb Code    38  fpclassifyf.o(i.__ARM_fpclassifyf)
    __hardfp_powf                            0x08003e4d   Thumb Code  1606  powf.o(i.__hardfp_powf)
    __mathlib_powf                           0x08003e4d   Thumb Code     0  powf.o(i.__hardfp_powf)
    __mathlib_flt_divzero                    0x080044b1   Thumb Code    14  funder.o(i.__mathlib_flt_divzero)
    __mathlib_flt_infnan2                    0x080044c5   Thumb Code     6  funder.o(i.__mathlib_flt_infnan2)
    __mathlib_flt_invalid                    0x080044cd   Thumb Code    10  funder.o(i.__mathlib_flt_invalid)
    __mathlib_flt_overflow                   0x080044dd   Thumb Code    10  funder.o(i.__mathlib_flt_overflow)
    __mathlib_flt_underflow                  0x080044ed   Thumb Code    10  funder.o(i.__mathlib_flt_underflow)
    main                                     0x08004545   Thumb Code  1484  main.o(i.main)
    void Math_Constrain<float>(T1*, T1, T1)  0x08004b55   Thumb Code    40  alg_pid.o(t._Z14Math_ConstrainIfEvPT_S0_S0_)
    T1 Math_Abs<float>(T1)                   0x08004b7d   Thumb Code    26  alg_pid.o(t._Z8Math_AbsIfET_S0_)
    __aeabi_d2f                              0x08004b99   Thumb Code     0  d2f.o(x$fpl$d2f)
    _d2f                                     0x08004b99   Thumb Code    98  d2f.o(x$fpl$d2f)
    __fpl_dnaninf                            0x08004bfb   Thumb Code   156  dnaninf.o(x$fpl$dnaninf)
    __fpl_dretinf                            0x08004c97   Thumb Code    12  dretinf.o(x$fpl$dretinf)
    __aeabi_f2d                              0x08004ca5   Thumb Code     0  f2d.o(x$fpl$f2d)
    _f2d                                     0x08004ca5   Thumb Code    86  f2d.o(x$fpl$f2d)
    __fpl_fnaninf                            0x08004cfb   Thumb Code   140  fnaninf.o(x$fpl$fnaninf)
    _fp_init                                 0x08004d87   Thumb Code    10  fpinit.o(x$fpl$fpinit)
    __fplib_config_fpu_vfp                   0x08004d8f   Thumb Code     0  fpinit.o(x$fpl$fpinit)
    __fplib_config_pureend_doubles           0x08004d8f   Thumb Code     0  fpinit.o(x$fpl$fpinit)
    __fpl_fretinf                            0x08004d91   Thumb Code    10  fretinf.o(x$fpl$fretinf)
    __I$use$fp                               0x08004d9a   Number         0  usenofp.o(x$fpl$usenofp)
    AHBPrescTable                            0x08004da2   Data          16  system_stm32f4xx.o(.constdata)
    APBPrescTable                            0x08004db2   Data           8  system_stm32f4xx.o(.constdata)
    Region$$Table$$Base                      0x08004efc   Number         0  anon$$obj.o(Region$$Table)
    Region$$Table$$Limit                     0x08004f1c   Number         0  anon$$obj.o(Region$$Table)
    SHT$$INIT_ARRAY$$Base                    0x08004f1c   Number         0  main.o(.init_array)
    SHT$$INIT_ARRAY$$Limit                   0x08004f20   Number         0  init_aeabi.o(.init_array)
    Now_Omega_0                              0x20000000   Data           4  main.o(.data)
    Target_Omega_0                           0x20000004   Data           4  main.o(.data)
    Now_Omega_1                              0x20000008   Data           4  main.o(.data)
    Target_Omega_1                           0x2000000c   Data           4  main.o(.data)
    Now_Omega_2                              0x20000010   Data           4  main.o(.data)
    Target_Omega_2                           0x20000014   Data           4  main.o(.data)
    Now_Omega_3                              0x20000018   Data           4  main.o(.data)
    Target_Omega_3                           0x2000001c   Data           4  main.o(.data)
    Target_Omega_c0                          0x20000020   Data           4  main.o(.data)
    Target_Omega_c1                          0x20000024   Data           4  main.o(.data)
    Target_Omega_c2                          0x20000028   Data           4  main.o(.data)
    Target_Omega_c3                          0x2000002c   Data           4  main.o(.data)
    vx_set                                   0x20000030   Data           4  main.o(.data)
    vy_set                                   0x20000034   Data           4  main.o(.data)
    omega_set                                0x20000038   Data           4  main.o(.data)
    Counter                                  0x2000003c   Data           4  main.o(.data)
    Output_val_0                             0x20000040   Data           4  main.o(.data)
    Output_val_1                             0x20000044   Data           4  main.o(.data)
    Output_val_2                             0x20000048   Data           4  main.o(.data)
    Output_val_3                             0x2000004c   Data           4  main.o(.data)
    test_val                                 0x20000050   Data           4  main.o(.data)
    Right_X                                  0x20000054   Data           4  main.o(.data)
    Right_Y                                  0x20000058   Data           4  main.o(.data)
    Left_X                                   0x2000005c   Data           4  main.o(.data)
    Left_Y                                   0x20000060   Data           4  main.o(.data)
    Switch_2                                 0x20000064   Data           4  main.o(.data)
    Rocker_Offset                            0x20000068   Data           4  main.o(.data)
    Switch_Offset                            0x2000006c   Data           4  main.o(.data)
    Rocker_Num                               0x20000070   Data           4  main.o(.data)
    Switch_Num                               0x20000074   Data           4  main.o(.data)
    velocity_x_max                           0x20000078   Data           4  main.o(.data)
    velocity_y_max                           0x2000007c   Data           4  main.o(.data)
    omega_max                                0x20000080   Data           4  main.o(.data)
    r_wheel_to_core                          0x20000084   Data           4  main.o(.data)
    local_rc_ctrl                            0x20000218   Data           4  main.o(.data)
    uwTick                                   0x2000022c   Data           4  stm32f4xx_hal.o(.data)
    uwTickPrio                               0x20000230   Data           4  stm32f4xx_hal.o(.data)
    uwTickFreq                               0x20000234   Data           1  stm32f4xx_hal.o(.data)
    SystemCoreClock                          0x20000238   Data           4  system_stm32f4xx.o(.data)
    serialplot                               0x20000250   Data          72  main.o(.bss)
    pid_omega                                0x20000298   Data          80  main.o(.bss)
    pid_omega_1                              0x200002e8   Data          80  main.o(.bss)
    pid_omega_2                              0x20000338   Data          80  main.o(.bss)
    pid_omega_3                              0x20000388   Data          80  main.o(.bss)
    Rx_Omega                                 0x200003d8   Data          16  main.o(.bss)
    Rx_Torque                                0x200003e8   Data          16  main.o(.bss)
    Rx_Encoder                               0x200003f8   Data          16  main.o(.bss)
    Rx_Temperature                           0x20000408   Data          16  main.o(.bss)
    hcan1                                    0x20000518   Data          40  can.o(.bss)
    hcan2                                    0x20000540   Data          40  can.o(.bss)
    huart1                                   0x20000568   Data          72  usart.o(.bss)
    huart3                                   0x200005b0   Data          72  usart.o(.bss)
    hdma_usart1_tx                           0x200005f8   Data          96  usart.o(.bss)
    hdma_usart1_rx                           0x20000658   Data          96  usart.o(.bss)
    hdma_usart3_rx                           0x200006b8   Data          96  usart.o(.bss)
    rc_ctrl                                  0x20000718   Data          14  remote_control.o(.bss)
    sbus_rx_buf                              0x20000726   Data         100  remote_control.o(.bss)
    UART1_Manage_Object                      0x20000804   Data         524  drv_uart.o(.bss)
    UART2_Manage_Object                      0x20000a10   Data         524  drv_uart.o(.bss)
    UART3_Manage_Object                      0x20000c1c   Data         524  drv_uart.o(.bss)
    UART4_Manage_Object                      0x20000e28   Data         524  drv_uart.o(.bss)
    UART5_Manage_Object                      0x20001034   Data         524  drv_uart.o(.bss)
    UART6_Manage_Object                      0x20001240   Data         524  drv_uart.o(.bss)
    UART7_Manage_Object                      0x2000144c   Data         524  drv_uart.o(.bss)
    UART8_Manage_Object                      0x20001658   Data         524  drv_uart.o(.bss)
    __libspace_start                         0x20001864   Data          96  libspace.o(.bss)
    __temporary_stack_top$libspace           0x200018c4   Data           0  libspace.o(.bss)



==============================================================================

Memory Map of the image

  Image Entry point : 0x08000189

  Load Region LR_IROM1 (Base: 0x08000000, Size: 0x00005170, Max: 0x00100000, ABSOLUTE, COMPRESSED[0x00004f58])

    Execution Region ER_IROM1 (Exec base: 0x08000000, Load base: 0x08000000, Size: 0x00004f20, Max: 0x00100000, ABSOLUTE)

    Exec Addr    Load Addr    Size         Type   Attr      Idx    E Section Name        Object

    0x08000000   0x08000000   0x00000188   Data   RO            3    RESET               startup_stm32f407xx.o
    0x08000188   0x08000188   0x00000008   Code   RO         3644  * !!!main             c_w.l(__main.o)
    0x08000190   0x08000190   0x00000034   Code   RO         4036    !!!scatter          c_w.l(__scatter.o)
    0x080001c4   0x080001c4   0x0000005a   Code   RO         4034    !!dczerorl2         c_w.l(__dczerorl2.o)
    0x0800021e   0x0800021e   0x00000002   PAD
    0x08000220   0x08000220   0x0000001c   Code   RO         4038    !!handler_zi        c_w.l(__scatter_zi.o)
    0x0800023c   0x0800023c   0x00000002   Code   RO         3955    .ARM.Collect$$libinit$$00000000  c_w.l(libinit.o)
    0x0800023e   0x0800023e   0x00000004   Code   RO         3780    .ARM.Collect$$libinit$$00000001  c_w.l(libinit2.o)
    0x08000242   0x08000242   0x00000000   Code   RO         3783    .ARM.Collect$$libinit$$00000004  c_w.l(libinit2.o)
    0x08000242   0x08000242   0x00000000   Code   RO         3786    .ARM.Collect$$libinit$$0000000A  c_w.l(libinit2.o)
    0x08000242   0x08000242   0x00000000   Code   RO         3788    .ARM.Collect$$libinit$$0000000C  c_w.l(libinit2.o)
    0x08000242   0x08000242   0x00000000   Code   RO         3790    .ARM.Collect$$libinit$$0000000E  c_w.l(libinit2.o)
    0x08000242   0x08000242   0x00000000   Code   RO         3793    .ARM.Collect$$libinit$$00000011  c_w.l(libinit2.o)
    0x08000242   0x08000242   0x00000000   Code   RO         3795    .ARM.Collect$$libinit$$00000013  c_w.l(libinit2.o)
    0x08000242   0x08000242   0x00000000   Code   RO         3797    .ARM.Collect$$libinit$$00000015  c_w.l(libinit2.o)
    0x08000242   0x08000242   0x00000000   Code   RO         3799    .ARM.Collect$$libinit$$00000017  c_w.l(libinit2.o)
    0x08000242   0x08000242   0x00000000   Code   RO         3801    .ARM.Collect$$libinit$$00000019  c_w.l(libinit2.o)
    0x08000242   0x08000242   0x00000000   Code   RO         3803    .ARM.Collect$$libinit$$0000001B  c_w.l(libinit2.o)
    0x08000242   0x08000242   0x00000000   Code   RO         3805    .ARM.Collect$$libinit$$0000001D  c_w.l(libinit2.o)
    0x08000242   0x08000242   0x00000000   Code   RO         3807    .ARM.Collect$$libinit$$0000001F  c_w.l(libinit2.o)
    0x08000242   0x08000242   0x00000000   Code   RO         3809    .ARM.Collect$$libinit$$00000021  c_w.l(libinit2.o)
    0x08000242   0x08000242   0x00000000   Code   RO         3811    .ARM.Collect$$libinit$$00000023  c_w.l(libinit2.o)
    0x08000242   0x08000242   0x00000000   Code   RO         3813    .ARM.Collect$$libinit$$00000025  c_w.l(libinit2.o)
    0x08000242   0x08000242   0x00000000   Code   RO         3817    .ARM.Collect$$libinit$$0000002C  c_w.l(libinit2.o)
    0x08000242   0x08000242   0x00000000   Code   RO         3819    .ARM.Collect$$libinit$$0000002E  c_w.l(libinit2.o)
    0x08000242   0x08000242   0x00000000   Code   RO         3821    .ARM.Collect$$libinit$$00000030  c_w.l(libinit2.o)
    0x08000242   0x08000242   0x00000004   Code   RO         3822    .ARM.Collect$$libinit$$00000031  c_w.l(libinit2.o)
    0x08000246   0x08000246   0x00000000   Code   RO         3823    .ARM.Collect$$libinit$$00000032  c_w.l(libinit2.o)
    0x08000246   0x08000246   0x00000002   Code   RO         3824    .ARM.Collect$$libinit$$00000033  c_w.l(libinit2.o)
    0x08000248   0x08000248   0x00000002   Code   RO         4001    .ARM.Collect$$libshutdown$$00000000  c_w.l(libshutdown.o)
    0x0800024a   0x0800024a   0x00000000   Code   RO         4017    .ARM.Collect$$libshutdown$$00000002  c_w.l(libshutdown2.o)
    0x0800024a   0x0800024a   0x00000000   Code   RO         4019    .ARM.Collect$$libshutdown$$00000004  c_w.l(libshutdown2.o)
    0x0800024a   0x0800024a   0x00000000   Code   RO         4022    .ARM.Collect$$libshutdown$$00000007  c_w.l(libshutdown2.o)
    0x0800024a   0x0800024a   0x00000000   Code   RO         4025    .ARM.Collect$$libshutdown$$0000000A  c_w.l(libshutdown2.o)
    0x0800024a   0x0800024a   0x00000000   Code   RO         4027    .ARM.Collect$$libshutdown$$0000000C  c_w.l(libshutdown2.o)
    0x0800024a   0x0800024a   0x00000000   Code   RO         4030    .ARM.Collect$$libshutdown$$0000000F  c_w.l(libshutdown2.o)
    0x0800024a   0x0800024a   0x00000002   Code   RO         4031    .ARM.Collect$$libshutdown$$00000010  c_w.l(libshutdown2.o)
    0x0800024c   0x0800024c   0x00000000   Code   RO         3682    .ARM.Collect$$rtentry$$00000000  c_w.l(__rtentry.o)
    0x0800024c   0x0800024c   0x00000000   Code   RO         3858    .ARM.Collect$$rtentry$$00000002  c_w.l(__rtentry2.o)
    0x0800024c   0x0800024c   0x00000006   Code   RO         3870    .ARM.Collect$$rtentry$$00000004  c_w.l(__rtentry4.o)
    0x08000252   0x08000252   0x00000000   Code   RO         3860    .ARM.Collect$$rtentry$$00000009  c_w.l(__rtentry2.o)
    0x08000252   0x08000252   0x00000004   Code   RO         3861    .ARM.Collect$$rtentry$$0000000A  c_w.l(__rtentry2.o)
    0x08000256   0x08000256   0x00000000   Code   RO         3863    .ARM.Collect$$rtentry$$0000000C  c_w.l(__rtentry2.o)
    0x08000256   0x08000256   0x00000008   Code   RO         3864    .ARM.Collect$$rtentry$$0000000D  c_w.l(__rtentry2.o)
    0x0800025e   0x0800025e   0x00000002   Code   RO         3960    .ARM.Collect$$rtexit$$00000000  c_w.l(rtexit.o)
    0x08000260   0x08000260   0x00000000   Code   RO         3983    .ARM.Collect$$rtexit$$00000002  c_w.l(rtexit2.o)
    0x08000260   0x08000260   0x00000004   Code   RO         3984    .ARM.Collect$$rtexit$$00000003  c_w.l(rtexit2.o)
    0x08000264   0x08000264   0x00000006   Code   RO         3985    .ARM.Collect$$rtexit$$00000004  c_w.l(rtexit2.o)
    0x0800026a   0x0800026a   0x00000002   PAD
    0x0800026c   0x0800026c   0x00000040   Code   RO            4    .text               startup_stm32f407xx.o
    0x080002ac   0x080002ac   0x000000ee   Code   RO         3634    .text               c_w.l(lludivv7m.o)
    0x0800039a   0x0800039a   0x0000004e   Code   RO         3638    .text               c_w.l(rt_memclr_w.o)
    0x080003e8   0x080003e8   0x00000080   Code   RO         3640    .text               c_w.l(strcmpv7m.o)
    0x08000468   0x08000468   0x00000006   Code   RO         3642    .text               c_w.l(heapauxi.o)
    0x0800046e   0x0800046e   0x00000002   PAD
    0x08000470   0x08000470   0x00000024   Code   RO         3649    .text               c_w.l(init_aeabi.o)
    0x08000494   0x08000494   0x00000016   Code   RO         3687    .text               c_w.l(_rserrno.o)
    0x080004aa   0x080004aa   0x00000002   PAD
    0x080004ac   0x080004ac   0x00000008   Code   RO         3877    .text               c_w.l(rt_errno_addr_intlibspace.o)
    0x080004b4   0x080004b4   0x00000008   Code   RO         3898    .text               c_w.l(libspace.o)
    0x080004bc   0x080004bc   0x0000004a   Code   RO         3901    .text               c_w.l(sys_stackheap_outer.o)
    0x08000506   0x08000506   0x00000012   Code   RO         3940    .text               c_w.l(exit.o)
    0x08000518   0x08000518   0x0000000c   Code   RO         3977    .text               c_w.l(sys_exit.o)
    0x08000524   0x08000524   0x00000002   Code   RO         3979    .text               c_w.l(use_no_semi.o)
    0x08000526   0x08000526   0x00000000   Code   RO         3981    .text               c_w.l(indicate_semi.o)
    0x08000526   0x08000526   0x00000004   Code   RO          488    i.BusFault_Handler  stm32f4xx_it.o
    0x0800052a   0x0800052a   0x00000002   PAD
    0x0800052c   0x0800052c   0x00000010   Code   RO          489    i.CAN1_RX0_IRQHandler  stm32f4xx_it.o
    0x0800053c   0x0800053c   0x00000010   Code   RO          490    i.CAN2_RX0_IRQHandler  stm32f4xx_it.o
    0x0800054c   0x0800054c   0x00000010   Code   RO          491    i.DMA1_Stream1_IRQHandler  stm32f4xx_it.o
    0x0800055c   0x0800055c   0x00000010   Code   RO          492    i.DMA2_Stream2_IRQHandler  stm32f4xx_it.o
    0x0800056c   0x0800056c   0x00000010   Code   RO          493    i.DMA2_Stream7_IRQHandler  stm32f4xx_it.o
    0x0800057c   0x0800057c   0x00000002   Code   RO          494    i.DebugMon_Handler  stm32f4xx_it.o
    0x0800057e   0x0800057e   0x00000006   Code   RO           13    i.Error_Handler     main.o
    0x08000584   0x08000584   0x0000002a   Code   RO          649    i.HAL_CAN_ActivateNotification  stm32f4xx_hal_can.o
    0x080005ae   0x080005ae   0x0000014a   Code   RO          650    i.HAL_CAN_AddTxMessage  stm32f4xx_hal_can.o
    0x080006f8   0x080006f8   0x00000124   Code   RO          651    i.HAL_CAN_ConfigFilter  stm32f4xx_hal_can.o
    0x0800081c   0x0800081c   0x00000002   Code   RO          654    i.HAL_CAN_ErrorCallback  stm32f4xx_hal_can.o
    0x0800081e   0x0800081e   0x00000194   Code   RO          657    i.HAL_CAN_GetRxMessage  stm32f4xx_hal_can.o
    0x080009b2   0x080009b2   0x0000024e   Code   RO          661    i.HAL_CAN_IRQHandler  stm32f4xx_hal_can.o
    0x08000c00   0x08000c00   0x00000174   Code   RO          662    i.HAL_CAN_Init      stm32f4xx_hal_can.o
    0x08000d74   0x08000d74   0x00000160   Code   RO          356    i.HAL_CAN_MspInit   can.o
    0x08000ed4   0x08000ed4   0x00000002   Code   RO          669    i.HAL_CAN_RxFifo0FullCallback  stm32f4xx_hal_can.o
    0x08000ed6   0x08000ed6   0x00000002   PAD
    0x08000ed8   0x08000ed8   0x000000d0   Code   RO         3026    i.HAL_CAN_RxFifo0MsgPendingCallback  can_receive.o
    0x08000fa8   0x08000fa8   0x00000002   Code   RO          671    i.HAL_CAN_RxFifo1FullCallback  stm32f4xx_hal_can.o
    0x08000faa   0x08000faa   0x00000002   Code   RO          672    i.HAL_CAN_RxFifo1MsgPendingCallback  stm32f4xx_hal_can.o
    0x08000fac   0x08000fac   0x00000002   Code   RO          673    i.HAL_CAN_SleepCallback  stm32f4xx_hal_can.o
    0x08000fae   0x08000fae   0x0000005e   Code   RO          674    i.HAL_CAN_Start     stm32f4xx_hal_can.o
    0x0800100c   0x0800100c   0x00000002   Code   RO          676    i.HAL_CAN_TxMailbox0AbortCallback  stm32f4xx_hal_can.o
    0x0800100e   0x0800100e   0x00000002   Code   RO          677    i.HAL_CAN_TxMailbox0CompleteCallback  stm32f4xx_hal_can.o
    0x08001010   0x08001010   0x00000002   Code   RO          678    i.HAL_CAN_TxMailbox1AbortCallback  stm32f4xx_hal_can.o
    0x08001012   0x08001012   0x00000002   Code   RO          679    i.HAL_CAN_TxMailbox1CompleteCallback  stm32f4xx_hal_can.o
    0x08001014   0x08001014   0x00000002   Code   RO          680    i.HAL_CAN_TxMailbox2AbortCallback  stm32f4xx_hal_can.o
    0x08001016   0x08001016   0x00000002   Code   RO          681    i.HAL_CAN_TxMailbox2CompleteCallback  stm32f4xx_hal_can.o
    0x08001018   0x08001018   0x00000002   Code   RO          683    i.HAL_CAN_WakeUpFromRxMsgCallback  stm32f4xx_hal_can.o
    0x0800101a   0x0800101a   0x000000ac   Code   RO         1487    i.HAL_DMA_Abort     stm32f4xx_hal_dma.o
    0x080010c6   0x080010c6   0x00000028   Code   RO         1488    i.HAL_DMA_Abort_IT  stm32f4xx_hal_dma.o
    0x080010ee   0x080010ee   0x00000002   PAD
    0x080010f0   0x080010f0   0x00000240   Code   RO         1492    i.HAL_DMA_IRQHandler  stm32f4xx_hal_dma.o
    0x08001330   0x08001330   0x000000ec   Code   RO         1493    i.HAL_DMA_Init      stm32f4xx_hal_dma.o
    0x0800141c   0x0800141c   0x00000092   Code   RO         1496    i.HAL_DMA_Start_IT  stm32f4xx_hal_dma.o
    0x080014ae   0x080014ae   0x00000002   PAD
    0x080014b0   0x080014b0   0x00000028   Code   RO         1993    i.HAL_Delay         stm32f4xx_hal.o
    0x080014d8   0x080014d8   0x000001f4   Code   RO         1371    i.HAL_GPIO_Init     stm32f4xx_hal_gpio.o
    0x080016cc   0x080016cc   0x0000000c   Code   RO         1999    i.HAL_GetTick       stm32f4xx_hal.o
    0x080016d8   0x080016d8   0x00000018   Code   RO         2005    i.HAL_IncTick       stm32f4xx_hal.o
    0x080016f0   0x080016f0   0x0000003c   Code   RO         2006    i.HAL_Init          stm32f4xx_hal.o
    0x0800172c   0x0800172c   0x0000004c   Code   RO         2007    i.HAL_InitTick      stm32f4xx_hal.o
    0x08001778   0x08001778   0x00000048   Code   RO          623    i.HAL_MspInit       stm32f4xx_hal_msp.o
    0x080017c0   0x080017c0   0x00000028   Code   RO         1813    i.HAL_NVIC_EnableIRQ  stm32f4xx_hal_cortex.o
    0x080017e8   0x080017e8   0x0000007c   Code   RO         1819    i.HAL_NVIC_SetPriority  stm32f4xx_hal_cortex.o
    0x08001864   0x08001864   0x00000028   Code   RO         1820    i.HAL_NVIC_SetPriorityGrouping  stm32f4xx_hal_cortex.o
    0x0800188c   0x0800188c   0x00000184   Code   RO          919    i.HAL_RCC_ClockConfig  stm32f4xx_hal_rcc.o
    0x08001a10   0x08001a10   0x0000000c   Code   RO          924    i.HAL_RCC_GetHCLKFreq  stm32f4xx_hal_rcc.o
    0x08001a1c   0x08001a1c   0x00000020   Code   RO          926    i.HAL_RCC_GetPCLK1Freq  stm32f4xx_hal_rcc.o
    0x08001a3c   0x08001a3c   0x00000020   Code   RO          927    i.HAL_RCC_GetPCLK2Freq  stm32f4xx_hal_rcc.o
    0x08001a5c   0x08001a5c   0x000000b0   Code   RO          928    i.HAL_RCC_GetSysClockFreq  stm32f4xx_hal_rcc.o
    0x08001b0c   0x08001b0c   0x0000049c   Code   RO          931    i.HAL_RCC_OscConfig  stm32f4xx_hal_rcc.o
    0x08001fa8   0x08001fa8   0x00000034   Code   RO         1824    i.HAL_SYSTICK_Config  stm32f4xx_hal_cortex.o
    0x08001fdc   0x08001fdc   0x00000072   Code   RO         2290    i.HAL_UARTEx_ReceiveToIdle_DMA  stm32f4xx_hal_uart.o
    0x0800204e   0x0800204e   0x00000002   PAD
    0x08002050   0x08002050   0x00000128   Code   RO         3485    i.HAL_UARTEx_RxEventCallback  drv_uart.o
    0x08002178   0x08002178   0x00000002   Code   RO         2306    i.HAL_UART_ErrorCallback  stm32f4xx_hal_uart.o
    0x0800217a   0x0800217a   0x00000002   PAD
    0x0800217c   0x0800217c   0x000002e8   Code   RO         2309    i.HAL_UART_IRQHandler  stm32f4xx_hal_uart.o
    0x08002464   0x08002464   0x00000076   Code   RO         2310    i.HAL_UART_Init     stm32f4xx_hal_uart.o
    0x080024da   0x080024da   0x00000002   PAD
    0x080024dc   0x080024dc   0x00000230   Code   RO          437    i.HAL_UART_MspInit  usart.o
    0x0800270c   0x0800270c   0x00000002   Code   RO         2316    i.HAL_UART_RxCpltCallback  stm32f4xx_hal_uart.o
    0x0800270e   0x0800270e   0x00000002   Code   RO         2317    i.HAL_UART_RxHalfCpltCallback  stm32f4xx_hal_uart.o
    0x08002710   0x08002710   0x0000008c   Code   RO         2319    i.HAL_UART_Transmit_DMA  stm32f4xx_hal_uart.o
    0x0800279c   0x0800279c   0x00000002   Code   RO         2321    i.HAL_UART_TxCpltCallback  stm32f4xx_hal_uart.o
    0x0800279e   0x0800279e   0x00000002   Code   RO         2322    i.HAL_UART_TxHalfCpltCallback  stm32f4xx_hal_uart.o
    0x080027a0   0x080027a0   0x00000004   Code   RO          495    i.HardFault_Handler  stm32f4xx_it.o
    0x080027a4   0x080027a4   0x00000044   Code   RO          358    i.MX_CAN2_Init      can.o
    0x080027e8   0x080027e8   0x00000078   Code   RO          408    i.MX_DMA_Init       dma.o
    0x08002860   0x08002860   0x000000a0   Code   RO          240    i.MX_GPIO_Init      gpio.o
    0x08002900   0x08002900   0x00000038   Code   RO          438    i.MX_USART1_UART_Init  usart.o
    0x08002938   0x08002938   0x00000040   Code   RO          439    i.MX_USART3_UART_Init  usart.o
    0x08002978   0x08002978   0x00000004   Code   RO          496    i.MemManage_Handler  stm32f4xx_it.o
    0x0800297c   0x0800297c   0x00000004   Code   RO          497    i.NMI_Handler       stm32f4xx_it.o
    0x08002980   0x08002980   0x00000002   Code   RO          498    i.PendSV_Handler    stm32f4xx_it.o
    0x08002982   0x08002982   0x00000002   Code   RO          499    i.SVC_Handler       stm32f4xx_it.o
    0x08002984   0x08002984   0x00000008   Code   RO          500    i.SysTick_Handler   stm32f4xx_it.o
    0x0800298c   0x0800298c   0x00000014   Code   RO         2716    i.SystemInit        system_stm32f4xx.o
    0x080029a0   0x080029a0   0x000000c8   Code   RO         2323    i.UART_Start_Receive_DMA  stm32f4xx_hal_uart.o
    0x08002a68   0x08002a68   0x00000010   Code   RO          501    i.USART1_IRQHandler  stm32f4xx_it.o
    0x08002a78   0x08002a78   0x0000012c   Code   RO          502    i.USART3_IRQHandler  stm32f4xx_it.o
    0x08002ba4   0x08002ba4   0x00000004   Code   RO          503    i.UsageFault_Handler  stm32f4xx_it.o
    0x08002ba8   0x08002ba8   0x0000007c   Code   RO         2908    i._Z10sbus_to_rcPVKhP9RC_ctrl_t  remote_control.o
    0x08002c24   0x08002c24   0x00000014   Code   RO         3486    i._Z14UART_Send_DataP20__UART_HandleTypeDefPht  drv_uart.o
    0x08002c38   0x08002c38   0x00000050   Code   RO         3028    i._Z15CAN_cmd_chassisssss  can_receive.o
    0x08002c88   0x08002c88   0x0000005c   Code   RO         2879    i._Z15can_filter_initv  bsp_can.o
    0x08002ce4   0x08002ce4   0x000000b4   Code   RO           15    i._Z18SystemClock_Configv  main.o
    0x08002d98   0x08002d98   0x00000018   Code   RO         2843    i._Z18usart1_tx_dma_initv  bsp_usart.o
    0x08002db0   0x08002db0   0x00000014   Code   RO         2910    i._Z19remote_control_initv  remote_control.o
    0x08002dc4   0x08002dc4   0x00000008   Code   RO         2911    i._Z24get_remote_control_pointv  remote_control.o
    0x08002dcc   0x08002dcc   0x000000dc   Code   RO           16    i._Z25UART_Serialplot_Call_BackPht  main.o
    0x08002ea8   0x08002ea8   0x00000018   Code   RO         3487    i._Z30TIM_UART_PeriodElapsedCallbackv  drv_uart.o
    0x08002ec0   0x08002ec0   0x00000018   Code   RO         3030    i._Z31get_chassis_motor_measure_pointh  can_receive.o
    0x08002ed8   0x08002ed8   0x0000009c   Code   RO         2754    i._Z7RC_initPhS_t   bsp_rc.o
    0x08002f74   0x08002f74   0x00000110   Code   RO         3488    i._Z9UART_InitP20__UART_HandleTypeDefPFvPhtEt  drv_uart.o
    0x08003084   0x08003084   0x00000008   Code   RO         3538    i._ZN16Class_Serialplot18Get_Variable_IndexEv  dvc_serialplot.o
    0x0800308c   0x0800308c   0x00000018   Code   RO         3539    i._ZN16Class_Serialplot18Get_Variable_ValueEv  dvc_serialplot.o
    0x080030a4   0x080030a4   0x00000060   Code   RO         3540    i._ZN16Class_Serialplot19Judge_Variable_NameEv  dvc_serialplot.o
    0x08003104   0x08003104   0x00000018   Code   RO         3541    i._ZN16Class_Serialplot19UART_RxCpltCallbackEPh  dvc_serialplot.o
    0x0800311c   0x0800311c   0x000000dc   Code   RO         3542    i._ZN16Class_Serialplot20Judge_Variable_ValueEi  dvc_serialplot.o
    0x080031f8   0x080031f8   0x0000000c   Code   RO         3543    i._ZN16Class_Serialplot31TIM_Write_PeriodElapsedCallbackEv  dvc_serialplot.o
    0x08003204   0x08003204   0x00000098   Code   RO         3544    i._ZN16Class_Serialplot4InitEP20__UART_HandleTypeDefhPPc25Enum_Serialplot_Data_Typeh  dvc_serialplot.o
    0x0800329c   0x0800329c   0x000000e0   Code   RO         3545    i._ZN16Class_Serialplot6OutputEv  dvc_serialplot.o
    0x0800337c   0x0800337c   0x0000003a   Code   RO         3546    i._ZN16Class_Serialplot8Set_DataEhz  dvc_serialplot.o
    0x080033b6   0x080033b6   0x0000002c   Code   RO         1499    i._ZN41_INTERNAL_19_stm32f4xx_hal_dma_c_c25f65ec13DMA_SetConfigEP19__DMA_HandleTypeDefjjj  stm32f4xx_hal_dma.o
    0x080033e2   0x080033e2   0x000000aa   Code   RO         1500    i._ZN41_INTERNAL_19_stm32f4xx_hal_dma_c_c25f65ec18DMA_CheckFifoParamEP19__DMA_HandleTypeDef  stm32f4xx_hal_dma.o
    0x0800348c   0x0800348c   0x00000034   Code   RO         1501    i._ZN41_INTERNAL_19_stm32f4xx_hal_dma_c_c25f65ec23DMA_CalcBaseAndBitshiftEP19__DMA_HandleTypeDef  stm32f4xx_hal_dma.o
    0x080034c0   0x080034c0   0x00000050   Code   RO         2325    i._ZN42_INTERNAL_20_stm32f4xx_hal_uart_c_d497114f13UART_DMAErrorEP19__DMA_HandleTypeDef  stm32f4xx_hal_uart.o
    0x08003510   0x08003510   0x0000022c   Code   RO         2326    i._ZN42_INTERNAL_20_stm32f4xx_hal_uart_c_d497114f14UART_SetConfigEP20__UART_HandleTypeDef  stm32f4xx_hal_uart.o
    0x0800373c   0x0800373c   0x000000fc   Code   RO         2327    i._ZN42_INTERNAL_20_stm32f4xx_hal_uart_c_d497114f15UART_Receive_ITEP20__UART_HandleTypeDef  stm32f4xx_hal_uart.o
    0x08003838   0x08003838   0x00000060   Code   RO         2328    i._ZN42_INTERNAL_20_stm32f4xx_hal_uart_c_d497114f16UART_Transmit_ITEP20__UART_HandleTypeDef  stm32f4xx_hal_uart.o
    0x08003898   0x08003898   0x00000024   Code   RO         2329    i._ZN42_INTERNAL_20_stm32f4xx_hal_uart_c_d497114f18UART_DMARxHalfCpltEP19__DMA_HandleTypeDef  stm32f4xx_hal_uart.o
    0x080038bc   0x080038bc   0x0000000e   Code   RO         2330    i._ZN42_INTERNAL_20_stm32f4xx_hal_uart_c_d497114f18UART_DMATxHalfCpltEP19__DMA_HandleTypeDef  stm32f4xx_hal_uart.o
    0x080038ca   0x080038ca   0x0000006c   Code   RO         2331    i._ZN42_INTERNAL_20_stm32f4xx_hal_uart_c_d497114f18UART_EndRxTransferEP20__UART_HandleTypeDef  stm32f4xx_hal_uart.o
    0x08003936   0x08003936   0x00000026   Code   RO         2332    i._ZN42_INTERNAL_20_stm32f4xx_hal_uart_c_d497114f18UART_EndTxTransferEP20__UART_HandleTypeDef  stm32f4xx_hal_uart.o
    0x0800395c   0x0800395c   0x000000b4   Code   RO         2333    i._ZN42_INTERNAL_20_stm32f4xx_hal_uart_c_d497114f19UART_DMAReceiveCpltEP19__DMA_HandleTypeDef  stm32f4xx_hal_uart.o
    0x08003a10   0x08003a10   0x00000020   Code   RO         2334    i._ZN42_INTERNAL_20_stm32f4xx_hal_uart_c_d497114f19UART_EndTransmit_ITEP20__UART_HandleTypeDef  stm32f4xx_hal_uart.o
    0x08003a30   0x08003a30   0x00000014   Code   RO         2335    i._ZN42_INTERNAL_20_stm32f4xx_hal_uart_c_d497114f20UART_DMAAbortOnErrorEP19__DMA_HandleTypeDef  stm32f4xx_hal_uart.o
    0x08003a44   0x08003a44   0x00000058   Code   RO         2336    i._ZN42_INTERNAL_20_stm32f4xx_hal_uart_c_d497114f20UART_DMATransmitCpltEP19__DMA_HandleTypeDef  stm32f4xx_hal_uart.o
    0x08003a9c   0x08003a9c   0x00000028   Code   RO         1826    i._ZN44_INTERNAL_22_stm32f4xx_hal_cortex_c_2992dbc018__NVIC_SetPriorityE9IRQn_Typej  stm32f4xx_hal_cortex.o
    0x08003ac4   0x08003ac4   0x00000010   Code   RO         1827    i._ZN44_INTERNAL_22_stm32f4xx_hal_cortex_c_2992dbc026__NVIC_GetPriorityGroupingEv  stm32f4xx_hal_cortex.o
    0x08003ad4   0x08003ad4   0x00000006   Code   RO         3158    i._ZN9Class_PID10Set_TargetEf  alg_pid.o
    0x08003ada   0x08003ada   0x00000002   PAD
    0x08003adc   0x08003adc   0x00000274   Code   RO         3166    i._ZN9Class_PID32TIM_Adjust_PeriodElapsedCallbackEv  alg_pid.o
    0x08003d50   0x08003d50   0x00000030   Code   RO         3167    i._ZN9Class_PID4InitEfffffffffff16Enum_PID_D_First  alg_pid.o
    0x08003d80   0x08003d80   0x00000006   Code   RO         3168    i._ZN9Class_PID7Get_OutEv  alg_pid.o
    0x08003d86   0x08003d86   0x00000006   Code   RO         3172    i._ZN9Class_PID7Set_K_PEf  alg_pid.o
    0x08003d8c   0x08003d8c   0x00000006   Code   RO         3173    i._ZN9Class_PID7Set_NowEf  alg_pid.o
    0x08003d92   0x08003d92   0x00000002   PAD
    0x08003d94   0x08003d94   0x00000090   Code   RO           68    i._ZN9Class_PIDC1Ev  main.o
    0x08003e24   0x08003e24   0x00000026   Code   RO         3838    i.__ARM_fpclassifyf  m_wm.l(fpclassifyf.o)
    0x08003e4a   0x08003e4a   0x00000002   PAD
    0x08003e4c   0x08003e4c   0x00000664   Code   RO         3656    i.__hardfp_powf     m_wm.l(powf.o)
    0x080044b0   0x080044b0   0x00000014   Code   RO         3840    i.__mathlib_flt_divzero  m_wm.l(funder.o)
    0x080044c4   0x080044c4   0x00000006   Code   RO         3842    i.__mathlib_flt_infnan2  m_wm.l(funder.o)
    0x080044ca   0x080044ca   0x00000002   PAD
    0x080044cc   0x080044cc   0x00000010   Code   RO         3843    i.__mathlib_flt_invalid  m_wm.l(funder.o)
    0x080044dc   0x080044dc   0x00000010   Code   RO         3844    i.__mathlib_flt_overflow  m_wm.l(funder.o)
    0x080044ec   0x080044ec   0x00000010   Code   RO         3846    i.__mathlib_flt_underflow  m_wm.l(funder.o)
    0x080044fc   0x080044fc   0x00000048   Code   RO           17    i.__sti___6_main_c_18ce1bfb  main.o
    0x08004544   0x08004544   0x00000610   Code   RO           18    i.main              main.o
    0x08004b54   0x08004b54   0x00000028   Code   RO         3264    t._Z14Math_ConstrainIfEvPT_S0_S0_  alg_pid.o
    0x08004b7c   0x08004b7c   0x0000001a   Code   RO         3257    t._Z8Math_AbsIfET_S0_  alg_pid.o
    0x08004b96   0x08004b96   0x00000002   PAD
    0x08004b98   0x08004b98   0x00000062   Code   RO         3652    x$fpl$d2f           fz_wm.l(d2f.o)
    0x08004bfa   0x08004bfa   0x0000009c   Code   RO         3825    x$fpl$dnaninf       fz_wm.l(dnaninf.o)
    0x08004c96   0x08004c96   0x0000000c   Code   RO         3827    x$fpl$dretinf       fz_wm.l(dretinf.o)
    0x08004ca2   0x08004ca2   0x00000002   PAD
    0x08004ca4   0x08004ca4   0x00000056   Code   RO         3654    x$fpl$f2d           fz_wm.l(f2d.o)
    0x08004cfa   0x08004cfa   0x0000008c   Code   RO         3829    x$fpl$fnaninf       fz_wm.l(fnaninf.o)
    0x08004d86   0x08004d86   0x0000000a   Code   RO         3896    x$fpl$fpinit        fz_wm.l(fpinit.o)
    0x08004d90   0x08004d90   0x0000000a   Code   RO         3831    x$fpl$fretinf       fz_wm.l(fretinf.o)
    0x08004d9a   0x08004d9a   0x00000000   Code   RO         3837    x$fpl$usenofp       fz_wm.l(usenofp.o)
    0x08004d9a   0x08004d9a   0x00000008   Data   RO         1517    .constdata          stm32f4xx_hal_dma.o
    0x08004da2   0x08004da2   0x00000018   Data   RO         2719    .constdata          system_stm32f4xx.o
    0x08004dba   0x08004dba   0x00000002   PAD
    0x08004dbc   0x08004dbc   0x00000140   Data   RO         3659    .constdata          m_wm.l(powf.o)
    0x08004efc   0x08004efc   0x00000020   Data   RO         4032    Region$$Table       anon$$obj.o
    0x08004f1c   0x08004f1c   0x00000004   Data   RO           27    .init_array         main.o
    0x08004f20   0x08004f1c   0x00000000   Data   RO         3647    .init_array         c_w.l(init_aeabi.o)


    Execution Region RW_IRAM1 (Exec base: 0x20000000, Load base: 0x08004f20, Size: 0x00001ec8, Max: 0x0001c000, ABSOLUTE, COMPRESSED[0x00000038])

    Exec Addr    Load Addr    Size         Type   Attr      Idx    E Section Name        Object

    0x20000000   COMPRESSED   0x00000222   Data   RW           26    .data               main.o
    0x20000222   COMPRESSED   0x00000002   PAD
    0x20000224   COMPRESSED   0x00000004   Data   RW          364    .data               can.o
    0x20000228   COMPRESSED   0x00000002   Data   RW          520    .data               stm32f4xx_it.o
    0x2000022a   COMPRESSED   0x00000002   PAD
    0x2000022c   COMPRESSED   0x00000009   Data   RW         2040    .data               stm32f4xx_hal.o
    0x20000235   COMPRESSED   0x00000003   PAD
    0x20000238   COMPRESSED   0x00000004   Data   RW         2720    .data               system_stm32f4xx.o
    0x2000023c   COMPRESSED   0x00000011   Data   RW         3043    .data               can_receive.o
    0x2000024d   COMPRESSED   0x00000003   PAD
    0x20000250        -       0x000002c8   Zero   RW           25    .bss                main.o
    0x20000518        -       0x00000050   Zero   RW          363    .bss                can.o
    0x20000568        -       0x000001b0   Zero   RW          444    .bss                usart.o
    0x20000718        -       0x00000072   Zero   RW         2916    .bss                remote_control.o
    0x2000078a   COMPRESSED   0x00000002   PAD
    0x2000078c        -       0x00000078   Zero   RW         3042    .bss                can_receive.o
    0x20000804        -       0x00001060   Zero   RW         3493    .bss                drv_uart.o
    0x20001864        -       0x00000060   Zero   RW         3899    .bss                c_w.l(libspace.o)
    0x200018c4   COMPRESSED   0x00000004   PAD
    0x200018c8        -       0x00000200   Zero   RW            2    HEAP                startup_stm32f407xx.o
    0x20001ac8        -       0x00000400   Zero   RW            1    STACK               startup_stm32f407xx.o


    Execution Region RW_IRAM2 (Exec base: 0x2001c000, Load base: 0x08004f58, Size: 0x00000000, Max: 0x00004000, ABSOLUTE)

    **** No section assigned to this execution region ****


==============================================================================

Image component sizes


      Code (inc. data)   RO Data    RW Data    ZI Data      Debug   Object Name

       766          6          0          0          0       6508   alg_pid.o
        92          8          0          0          0        606   bsp_can.o
       156         14          0          0          0     594510   bsp_rc.o
        24          6          0          0          0        489   bsp_usart.o
       420         34          0          4         80       2019   can.o
       312         34          0         17        120     573978   can_receive.o
       120          6          0          0          0        882   dma.o
       612        108          0          0       4192       4362   drv_uart.o
       818         56          0          0          0       9519   dvc_serialplot.o
       160          4          0          0          0     664631   gpio.o
      2174        304          4        546        712     679912   main.o
       152          8          0          0        114     577029   remote_control.o
        64         26        392          0       1536        860   startup_stm32f407xx.o
       212         36          0          9          0       9573   stm32f4xx_hal.o
      2148          6          0          0          0      14791   stm32f4xx_hal_can.o
       312         22          0          0          0      34483   stm32f4xx_hal_cortex.o
      1436         16          8          0          0       7226   stm32f4xx_hal_dma.o
       500         46          0          0          0       1516   stm32f4xx_hal_gpio.o
        72          4          0          0          0        922   stm32f4xx_hal_msp.o
      1820         84          0          0          0       5772   stm32f4xx_hal_rcc.o
      2826         40          0          0          0      17471   stm32f4xx_hal_uart.o
       430         66          0          2          0       8851   stm32f4xx_it.o
        20          6         24          4          0       1211   system_stm32f4xx.o
       680         70          0          0        432       2844   usart.o

    ----------------------------------------------------------------------
     16346       1010        462        592       7188    3219965   Object Totals
         0          0         32          0          0          0   (incl. Generated)
        20          0          2         10          2          0   (incl. Padding)

    ----------------------------------------------------------------------

      Code (inc. data)   RO Data    RW Data    ZI Data      Debug   Library Member Name

        90          0          0          0          0          0   __dczerorl2.o
         8          0          0          0          0         68   __main.o
         0          0          0          0          0          0   __rtentry.o
        12          0          0          0          0          0   __rtentry2.o
         6          0          0          0          0          0   __rtentry4.o
        52          8          0          0          0          0   __scatter.o
        28          0          0          0          0          0   __scatter_zi.o
        22          0          0          0          0        100   _rserrno.o
        18          0          0          0          0         80   exit.o
         6          0          0          0          0        152   heapauxi.o
         0          0          0          0          0          0   indicate_semi.o
        36         10          0          0          0         80   init_aeabi.o
         2          0          0          0          0          0   libinit.o
        10          0          0          0          0          0   libinit2.o
         2          0          0          0          0          0   libshutdown.o
         2          0          0          0          0          0   libshutdown2.o
         8          4          0          0         96         68   libspace.o
       238          0          0          0          0        100   lludivv7m.o
         8          4          0          0          0         68   rt_errno_addr_intlibspace.o
        78          0          0          0          0         80   rt_memclr_w.o
         2          0          0          0          0          0   rtexit.o
        10          0          0          0          0          0   rtexit2.o
       128          0          0          0          0         68   strcmpv7m.o
        12          4          0          0          0         68   sys_exit.o
        74          0          0          0          0         80   sys_stackheap_outer.o
         2          0          0          0          0         68   use_no_semi.o
        98          4          0          0          0        140   d2f.o
       156          4          0          0          0        140   dnaninf.o
        12          0          0          0          0        116   dretinf.o
        86          4          0          0          0        132   f2d.o
       140          4          0          0          0        132   fnaninf.o
        10          0          0          0          0        116   fpinit.o
        10          0          0          0          0        116   fretinf.o
         0          0          0          0          0          0   usenofp.o
        38          0          0          0          0        116   fpclassifyf.o
        74         24          0          0          0        580   funder.o
      1636        110        320          0          0        372   powf.o

    ----------------------------------------------------------------------
      3128        180        320          0        100       3040   Library Totals
        14          0          0          0          4          0   (incl. Padding)

    ----------------------------------------------------------------------

      Code (inc. data)   RO Data    RW Data    ZI Data      Debug   Library Name

       854         30          0          0         96       1080   c_w.l
       512         16          0          0          0        892   fz_wm.l
      1748        134        320          0          0       1068   m_wm.l

    ----------------------------------------------------------------------
      3128        180        320          0        100       3040   Library Totals

    ----------------------------------------------------------------------

==============================================================================


      Code (inc. data)   RO Data    RW Data    ZI Data      Debug   

     19474       1190        782        592       7288    3209337   Grand Totals
     19474       1190        782         56       7288    3209337   ELF Image Totals (compressed)
     19474       1190        782         56          0          0   ROM Totals

==============================================================================

    Total RO  Size (Code + RO Data)                20256 (  19.78kB)
    Total RW  Size (RW Data + ZI Data)              7880 (   7.70kB)
    Total ROM Size (Code + RO Data + RW Data)      20312 (  19.84kB)

==============================================================================

