Component: ARM Compiler 5.06 update 6 (build 750) Tool: armlink [4d35ed]

==============================================================================

Section Cross References

    startup_stm32f407xx.o(STACK) refers (Special) to heapauxi.o(.text) for __use_two_region_memory
    startup_stm32f407xx.o(HEAP) refers (Special) to heapauxi.o(.text) for __use_two_region_memory
    startup_stm32f407xx.o(RESET) refers (Special) to heapauxi.o(.text) for __use_two_region_memory
    startup_stm32f407xx.o(RESET) refers to startup_stm32f407xx.o(STACK) for __initial_sp
    startup_stm32f407xx.o(RESET) refers to startup_stm32f407xx.o(.text) for Reset_Handler
    startup_stm32f407xx.o(RESET) refers to stm32f4xx_it.o(i.NMI_Handler) for NMI_Handler
    startup_stm32f407xx.o(RESET) refers to stm32f4xx_it.o(i.HardFault_Handler) for HardFault_Handler
    startup_stm32f407xx.o(RESET) refers to stm32f4xx_it.o(i.MemManage_Handler) for MemManage_Handler
    startup_stm32f407xx.o(RESET) refers to stm32f4xx_it.o(i.BusFault_Handler) for BusFault_Handler
    startup_stm32f407xx.o(RESET) refers to stm32f4xx_it.o(i.UsageFault_Handler) for UsageFault_Handler
    startup_stm32f407xx.o(RESET) refers to stm32f4xx_it.o(i.SVC_Handler) for SVC_Handler
    startup_stm32f407xx.o(RESET) refers to stm32f4xx_it.o(i.DebugMon_Handler) for DebugMon_Handler
    startup_stm32f407xx.o(RESET) refers to stm32f4xx_it.o(i.PendSV_Handler) for PendSV_Handler
    startup_stm32f407xx.o(RESET) refers to stm32f4xx_it.o(i.SysTick_Handler) for SysTick_Handler
    startup_stm32f407xx.o(RESET) refers to stm32f4xx_it.o(i.DMA1_Stream1_IRQHandler) for DMA1_Stream1_IRQHandler
    startup_stm32f407xx.o(RESET) refers to stm32f4xx_it.o(i.CAN1_RX0_IRQHandler) for CAN1_RX0_IRQHandler
    startup_stm32f407xx.o(RESET) refers to stm32f4xx_it.o(i.USART1_IRQHandler) for USART1_IRQHandler
    startup_stm32f407xx.o(RESET) refers to stm32f4xx_it.o(i.USART3_IRQHandler) for USART3_IRQHandler
    startup_stm32f407xx.o(RESET) refers to stm32f4xx_it.o(i.DMA2_Stream2_IRQHandler) for DMA2_Stream2_IRQHandler
    startup_stm32f407xx.o(RESET) refers to stm32f4xx_it.o(i.CAN2_RX0_IRQHandler) for CAN2_RX0_IRQHandler
    startup_stm32f407xx.o(RESET) refers to stm32f4xx_it.o(i.DMA2_Stream7_IRQHandler) for DMA2_Stream7_IRQHandler
    startup_stm32f407xx.o(.text) refers (Special) to heapauxi.o(.text) for __use_two_region_memory
    startup_stm32f407xx.o(.text) refers to system_stm32f4xx.o(i.SystemInit) for SystemInit
    startup_stm32f407xx.o(.text) refers to __main.o(!!!main) for __main
    startup_stm32f407xx.o(.text) refers to startup_stm32f407xx.o(HEAP) for Heap_Mem
    startup_stm32f407xx.o(.text) refers to startup_stm32f407xx.o(STACK) for Stack_Mem
    main.o(i._Z12usart_printfPKcz) refers to c89vsprintf.o(.text) for __c89vsprintf
    main.o(i._Z12usart_printfPKcz) refers to stm32f4xx_hal_uart.o(i.HAL_UART_Transmit_DMA) for HAL_UART_Transmit_DMA
    main.o(i._Z12usart_printfPKcz) refers to main.o(.data) for usart_printf(const char*, ...)::ap
    main.o(i._Z12usart_printfPKcz) refers to main.o(.bss) for usart_printf(const char*, ...)::tx_buf
    main.o(i._Z12usart_printfPKcz) refers to usart.o(.bss) for huart1
    main.o(i._Z18SystemClock_Configv) refers to rt_memclr_w.o(.text) for __aeabi_memclr4
    main.o(i._Z18SystemClock_Configv) refers to stm32f4xx_hal_rcc.o(i.HAL_RCC_OscConfig) for HAL_RCC_OscConfig
    main.o(i._Z18SystemClock_Configv) refers to main.o(i.Error_Handler) for Error_Handler
    main.o(i._Z18SystemClock_Configv) refers to stm32f4xx_hal_rcc.o(i.HAL_RCC_ClockConfig) for HAL_RCC_ClockConfig
    main.o(i._Z25UART_Serialplot_Call_BackPht) refers to dvc_serialplot.o(i._ZN16Class_Serialplot19UART_RxCpltCallbackEPh) for Class_Serialplot::UART_RxCpltCallback(unsigned char*)
    main.o(i._Z25UART_Serialplot_Call_BackPht) refers to dvc_serialplot.o(i._ZN16Class_Serialplot18Get_Variable_IndexEv) for Class_Serialplot::Get_Variable_Index()
    main.o(i._Z25UART_Serialplot_Call_BackPht) refers to dvc_serialplot.o(i._ZN16Class_Serialplot18Get_Variable_ValueEv) for Class_Serialplot::Get_Variable_Value()
    main.o(i._Z25UART_Serialplot_Call_BackPht) refers to d2f.o(x$fpl$d2f) for __aeabi_d2f
    main.o(i._Z25UART_Serialplot_Call_BackPht) refers to alg_pid.o(i._ZN9Class_PID7Set_K_PEf) for Class_PID::Set_K_P(float)
    main.o(i._Z25UART_Serialplot_Call_BackPht) refers to main.o(.bss) for serialplot
    main.o(i.__sti___6_main_c_18ce1bfb) refers to main.o(i._ZN9Class_PIDC1Ev) for Class_PID::Class_PID()
    main.o(i.__sti___6_main_c_18ce1bfb) refers to main.o(i._ZN18Class_Motor_GM6020C1Ev) for Class_Motor_GM6020::Class_Motor_GM6020()
    main.o(i.__sti___6_main_c_18ce1bfb) refers to main.o(i._ZN20Class_Motor_DJI_C620C1Ev) for Class_Motor_DJI_C620::Class_Motor_DJI_C620()
    main.o(i.__sti___6_main_c_18ce1bfb) refers to aeabi_vec_ctor_nocookie_nodtor.o(i.__aeabi_vec_ctor_nocookie_nodtor) for __aeabi_vec_ctor_nocookie_nodtor
[...]
    i._ZN9Class_PID7Set_NowEf                0x0800448c   Section        0  alg_pid.o(i._ZN9Class_PID7Set_NowEf)
    i._ZN9Class_PIDC1Ev                      0x08004494   Section        0  main.o(i._ZN9Class_PIDC1Ev)
    i.__ARM_fpclassifyf                      0x08004524   Section        0  fpclassifyf.o(i.__ARM_fpclassifyf)
    i.__aeabi_vec_ctor_nocookie_nodtor       0x0800454a   Section        0  aeabi_vec_ctor_nocookie_nodtor.o(i.__aeabi_vec_ctor_nocookie_nodtor)
    i.__hardfp_powf                          0x08004570   Section        0  powf.o(i.__hardfp_powf)
    i.__mathlib_flt_divzero                  0x08004bd4   Section        0  funder.o(i.__mathlib_flt_divzero)
    i.__mathlib_flt_infnan2                  0x08004be8   Section        0  funder.o(i.__mathlib_flt_infnan2)
    i.__mathlib_flt_invalid                  0x08004bf0   Section        0  funder.o(i.__mathlib_flt_invalid)
    i.__mathlib_flt_overflow                 0x08004c00   Section        0  funder.o(i.__mathlib_flt_overflow)
    i.__mathlib_flt_underflow                0x08004c10   Section        0  funder.o(i.__mathlib_flt_underflow)
    i.__sti___6_main_c_18ce1bfb              0x08004c20   Section        0  main.o(i.__sti___6_main_c_18ce1bfb)
    __sti___6_main_c_18ce1bfb                0x08004c21   Thumb Code   210  main.o(i.__sti___6_main_c_18ce1bfb)
    i.main                                   0x08004d38   Section        0  main.o(i.main)
    t._Z14Math_ConstrainIfEvPT_S0_S0_        0x08005afc   Section        0  main.o(t._Z14Math_ConstrainIfEvPT_S0_S0_)
    t._Z8Math_AbsIfET_S0_                    0x08005b24   Section        0  drv_math.o(t._Z8Math_AbsIfET_S0_)
    x$fpl$d2f                                0x08005b40   Section       98  d2f.o(x$fpl$d2f)
    $v0                                      0x08005b40   Number         0  d2f.o(x$fpl$d2f)
    x$fpl$dnaninf                            0x08005ba2   Section      156  dnaninf.o(x$fpl$dnaninf)
    $v0                                      0x08005ba2   Number         0  dnaninf.o(x$fpl$dnaninf)
    x$fpl$dretinf                            0x08005c3e   Section       12  dretinf.o(x$fpl$dretinf)
    $v0                                      0x08005c3e   Number         0  dretinf.o(x$fpl$dretinf)
    x$fpl$f2d                                0x08005c4c   Section       86  f2d.o(x$fpl$f2d)
    $v0                                      0x08005c4c   Number         0  f2d.o(x$fpl$f2d)
    x$fpl$fnaninf                            0x08005ca2   Section      140  fnaninf.o(x$fpl$fnaninf)
    $v0                                      0x08005ca2   Number         0  fnaninf.o(x$fpl$fnaninf)
    x$fpl$fpinit                             0x08005d2e   Section       10  fpinit.o(x$fpl$fpinit)
    $v0                                      0x08005d2e   Number         0  fpinit.o(x$fpl$fpinit)
    x$fpl$fretinf                            0x08005d38   Section       10  fretinf.o(x$fpl$fretinf)
    $v0                                      0x08005d38   Number         0  fretinf.o(x$fpl$fretinf)
    .constdata                               0x08005d42   Section        8  stm32f4xx_hal_dma.o(.constdata)
    x$fpl$usenofp                            0x08005d42   Section        0  usenofp.o(x$fpl$usenofp)
    [local to stm32f4xx_hal_dma_c]::DMA_CalcBaseAndBitshift(__DMA_HandleTypeDef*)::flagBitshiftOffset 0x08005d42   Data           8  stm32f4xx_hal_dma.o(.constdata)
    .constdata                               0x08005d4a   Section       24  system_stm32f4xx.o(.constdata)
    .constdata                               0x08005d64   Section      320  powf.o(.constdata)
    table                                    0x08005d64   Data         128  powf.o(.constdata)
    powersof2to1over16top                    0x08005de4   Data          64  powf.o(.constdata)
    powersof2to1over16bot                    0x08005e24   Data          64  powf.o(.constdata)
    powersof2to1over16all                    0x08005e64   Data          64  powf.o(.constdata)
    .init_array                              0x08005ec4   Section        4  main.o(.init_array)
    .init_array                              0x08005ec8   Section        0  init_aeabi.o(.init_array)
    .data                                    0x20000000   Section      666  main.o(.data)
    Variable_Assignment_List                 0x20000100   Data         400  main.o(.data)
    usart_printf(const char*, ...)::ap       0x20000294   Data           4  main.o(.data)
    usart_printf(const char*, ...)::len      0x20000298   Data           2  main.o(.data)
    .data                                    0x2000029c   Section        4  can.o(.data)
    HAL_RCC_CAN1_CLK_ENABLED                 0x2000029c   Data           4  can.o(.data)
    .data                                    0x200002a0   Section        2  stm32f4xx_it.o(.data)
    USART3_IRQHandler::this_time_rx_len      0x200002a0   Data           2  stm32f4xx_it.o(.data)
    .data                                    0x200002a4   Section        9  stm32f4xx_hal.o(.data)
    .data                                    0x200002b0   Section        4  system_stm32f4xx.o(.data)
    .data                                    0x200002b4   Section       18  drv_can_receive.o(.data)
    gimbal_can_send_data                     0x200002b4   Data           8  drv_can_receive.o(.data)
    chassis_can_send_data                    0x200002bc   Data           8  drv_can_receive.o(.data)
    HAL_CAN_RxFifo0MsgPendingCallback::i     0x200002c4   Data           1  drv_can_receive.o(.data)
    HAL_CAN_RxFifo0MsgPendingCallback::i (instance 2) 0x200002c5   Data           1  drv_can_receive.o(.data)
    .bss                                     0x200002c8   Section     4132  main.o(.bss)
    usart_printf(const char*, ...)::tx_buf   0x200011ec   Data         256  main.o(.bss)
    .bss                                     0x200012ec   Section       80  can.o(.bss)
    .bss                                     0x2000133c   Section      432  usart.o(.bss)
    .bss                                     0x200014ec   Section     4192  drv_uart.o(.bss)
    .bss                                     0x2000254c   Section      114  remote_control.o(.bss)
    .bss                                     0x200025c0   Section      188  drv_can_receive.o(.bss)
    motor_chassis_can1                       0x200025c0   Data          70  drv_can_receive.o(.bss)
    motor_chassis_can2                       0x20002606   Data          70  drv_can_receive.o(.bss)
    gimbal_tx_message                        0x2000264c   Data          24  drv_can_receive.o(.bss)
    chassis_tx_message                       0x20002664   Data          24  drv_can_receive.o(.bss)
    .bss                                     0x2000267c   Section       96  libspace.o(.bss)
    HEAP                                     0x200026e0   Section      512  startup_stm32f407xx.o(HEAP)
    Heap_Mem                                 0x200026e0   Data         512  startup_stm32f407xx.o(HEAP)
    STACK                                    0x200028e0   Section     1024  startup_stm32f407xx.o(STACK)
    Stack_Mem                                0x200028e0   Data        1024  startup_stm32f407xx.o(STACK)
    __initial_sp                             0x20002ce0   Data           0  startup_stm32f407xx.o(STACK)

    Global Symbols

    Symbol Name                              Value     Ov Type        Size  Object(Section)

    BuildAttributes$$THM_ISAv4$E$P$D$K$B$S$7EM$VFPi3$EXTD16$VFPS$VFMA$PE$A:L22UL41UL21$X:L11$S22US41US21$IEEE1$IW$USESV6$~STKCKD$USESV7$~SHL$OTIME$ROPI$IEEEX$EBA8$UX$STANDARDLIB$REQ8$PRES8$EABIv2 0x00000000   Number         0  anon$$obj.o ABSOLUTE
    __ARM_use_no_argv                        0x00000000   Number         0  main.o ABSOLUTE
    _printf_flags                            0x00000000   Number         0  printf_stubs.o ABSOLUTE
    _printf_return_value                     0x00000000   Number         0  printf_stubs.o ABSOLUTE
    _printf_sizespec                         0x00000000   Number         0  printf_stubs.o ABSOLUTE
    _printf_widthprec                        0x00000000   Number         0  printf_stubs.o ABSOLUTE
    SHT$$ARM_EXIDX$$Base                      - Undefined Reference
    SHT$$ARM_EXIDX$$Limit                     - Undefined Reference
    __ARM_exceptions_init                     - Undefined Weak Reference
    __aeabi_unwind_cpp_pr1                    - Undefined Weak Reference
    __aeabi_unwind_cpp_pr2                    - Undefined Weak Reference
    __alloca_initialize                       - Undefined Weak Reference
    __arm_preinit_                            - Undefined Weak Reference
    __cxa_begin_cleanup                       - Undefined Weak Reference
    __cxa_call_unexpected                     - Undefined Weak Reference
    __cxa_finalize                            - Undefined Weak Reference
    __cxa_type_match                          - Undefined Weak Reference
    __sigvec_lookup                           - Undefined Weak Reference
    __user_heap_extent                        - Undefined Weak Reference
    _atexit_init                              - Undefined Weak Reference
    _call_atexit_fns                          - Undefined Weak Reference
    _clock_init                               - Undefined Weak Reference
    _fp_trap_init                             - Undefined Weak Reference
    _fp_trap_shutdown                         - Undefined Weak Reference
    _get_lc_collate                           - Undefined Weak Reference
    _get_lc_monetary                          - Undefined Weak Reference
    _get_lc_time                              - Undefined Weak Reference
    _getenv_init                              - Undefined Weak Reference
    _handle_redirection                       - Undefined Weak Reference
    _initio                                   - Undefined Weak Reference
    _mutex_acquire                            - Undefined Weak Reference
    _mutex_free                               - Undefined Weak Reference
    _mutex_release                            - Undefined Weak Reference
    _printf_fp_hex                            - Undefined Weak Reference
    _printf_mbtowc                            - Undefined Weak Reference
    _printf_wc                                - Undefined Weak Reference
    _rand_init                                - Undefined Weak Reference
    _signal_finish                            - Undefined Weak Reference
    _signal_init                              - Undefined Weak Reference
    _terminateio                              - Undefined Weak Reference
    __Vectors_Size                           0x00000188   Number         0  startup_stm32f407xx.o ABSOLUTE
    __Vectors                                0x08000000   Data           4  startup_stm32f407xx.o(RESET)
    __Vectors_End                            0x08000188   Data           0  startup_stm32f407xx.o(RESET)
    __main                                   0x08000189   Thumb Code     8  __main.o(!!!main)
    __scatterload                            0x08000191   Thumb Code     0  __scatter.o(!!!scatter)
    __scatterload_rt2                        0x08000191   Thumb Code    44  __scatter.o(!!!scatter)
    __scatterload_rt2_thumb_only             0x08000191   Thumb Code     0  __scatter.o(!!!scatter)
    __scatterload_null                       0x0800019f   Thumb Code     0  __scatter.o(!!!scatter)
    __decompress                             0x080001c5   Thumb Code    58  __dczerorl.o(!!dczerorl)
    __decompress0                            0x080001c5   Thumb Code     0  __dczerorl.o(!!dczerorl)
    __scatterload_zeroinit                   0x08000201   Thumb Code    28  __scatter_zi.o(!!handler_zi)
    __rt_lib_init                            0x0800021d   Thumb Code     0  libinit.o(.ARM.Collect$$libinit$$00000000)
    __rt_lib_init_fp_1                       0x0800021f   Thumb Code     0  libinit2.o(.ARM.Collect$$libinit$$00000001)
    __rt_lib_init_alloca_1                   0x08000223   Thumb Code     0  libinit2.o(.ARM.Collect$$libinit$$0000002E)
    __rt_lib_init_argv_1                     0x08000223   Thumb Code     0  libinit2.o(.ARM.Collect$$libinit$$0000002C)
    __rt_lib_init_atexit_1                   0x08000223   Thumb Code     0  libinit2.o(.ARM.Collect$$libinit$$0000001B)
    __rt_lib_init_clock_1                    0x08000223   Thumb Code     0  libinit2.o(.ARM.Collect$$libinit$$00000021)
    __rt_lib_init_cpp_2                      0x08000223   Thumb Code     0  libinit2.o(.ARM.Collect$$libinit$$00000031)
    __rt_lib_init_exceptions_1               0x08000223   Thumb Code     0  libinit2.o(.ARM.Collect$$libinit$$00000030)
    __rt_lib_init_fp_trap_1                  0x08000223   Thumb Code     0  libinit2.o(.ARM.Collect$$libinit$$0000001F)
    __rt_lib_init_getenv_1                   0x08000223   Thumb Code     0  libinit2.o(.ARM.Collect$$libinit$$00000023)
    __rt_lib_init_heap_1                     0x08000223   Thumb Code     0  libinit2.o(.ARM.Collect$$libinit$$0000000A)
    __rt_lib_init_lc_collate_1               0x08000223   Thumb Code     0  libinit2.o(.ARM.Collect$$libinit$$00000011)
    __rt_lib_init_lc_ctype_1                 0x08000223   Thumb Code     0  libinit2.o(.ARM.Collect$$libinit$$00000013)
    __rt_lib_init_lc_monetary_1              0x08000223   Thumb Code     0  libinit2.o(.ARM.Collect$$libinit$$00000015)
    __rt_lib_init_lc_numeric_1               0x08000223   Thumb Code     0  libinit2.o(.ARM.Collect$$libinit$$00000017)
    __rt_lib_init_lc_time_1                  0x08000223   Thumb Code     0  libinit2.o(.ARM.Collect$$libinit$$00000019)
    __rt_lib_init_preinit_1                  0x08000223   Thumb Code     0  libinit2.o(.ARM.Collect$$libinit$$00000004)
    __rt_lib_init_rand_1                     0x08000223   Thumb Code     0  libinit2.o(.ARM.Collect$$libinit$$0000000E)
    __rt_lib_init_signal_1                   0x08000223   Thumb Code     0  libinit2.o(.ARM.Collect$$libinit$$0000001D)
    __rt_lib_init_stdio_1                    0x08000223   Thumb Code     0  libinit2.o(.ARM.Collect$$libinit$$00000025)
    __rt_lib_init_user_alloc_1               0x08000223   Thumb Code     0  libinit2.o(.ARM.Collect$$libinit$$0000000C)
    __rt_lib_init_cpp_1                      0x08000227   Thumb Code     0  libinit2.o(.ARM.Collect$$libinit$$00000032)
    __rt_lib_init_return                     0x08000227   Thumb Code     0  libinit2.o(.ARM.Collect$$libinit$$00000033)
    __rt_lib_shutdown                        0x08000229   Thumb Code     0  libshutdown.o(.ARM.Collect$$libshutdown$$00000000)
    __rt_lib_shutdown_cpp_1                  0x0800022b   Thumb Code     0  libshutdown2.o(.ARM.Collect$$libshutdown$$00000002)
    __rt_lib_shutdown_fp_trap_1              0x0800022b   Thumb Code     0  libshutdown2.o(.ARM.Collect$$libshutdown$$00000007)
    __rt_lib_shutdown_heap_1                 0x0800022b   Thumb Code     0  libshutdown2.o(.ARM.Collect$$libshutdown$$0000000F)
    __rt_lib_shutdown_return                 0x0800022b   Thumb Code     0  libshutdown2.o(.ARM.Collect$$libshutdown$$00000010)
    __rt_lib_shutdown_signal_1               0x0800022b   Thumb Code     0  libshutdown2.o(.ARM.Collect$$libshutdown$$0000000A)
    __rt_lib_shutdown_stdio_1                0x0800022b   Thumb Code     0  libshutdown2.o(.ARM.Collect$$libshutdown$$00000004)
    __rt_lib_shutdown_user_alloc_1           0x0800022b   Thumb Code     0  libshutdown2.o(.ARM.Collect$$libshutdown$$0000000C)
    __rt_entry                               0x0800022d   Thumb Code     0  __rtentry.o(.ARM.Collect$$rtentry$$00000000)
    __rt_entry_presh_1                       0x0800022d   Thumb Code     0  __rtentry2.o(.ARM.Collect$$rtentry$$00000002)
    __rt_entry_sh                            0x0800022d   Thumb Code     0  __rtentry4.o(.ARM.Collect$$rtentry$$00000004)
    __rt_entry_li                            0x08000233   Thumb Code     0  __rtentry2.o(.ARM.Collect$$rtentry$$0000000A)
    __rt_entry_postsh_1                      0x08000233   Thumb Code     0  __rtentry2.o(.ARM.Collect$$rtentry$$00000009)
    __rt_entry_main                          0x08000237   Thumb Code     0  __rtentry2.o(.ARM.Collect$$rtentry$$0000000D)
    __rt_entry_postli_1                      0x08000237   Thumb Code     0  __rtentry2.o(.ARM.Collect$$rtentry$$0000000C)
    __rt_exit                                0x0800023f   Thumb Code     0  rtexit.o(.ARM.Collect$$rtexit$$00000000)
    __rt_exit_ls                             0x08000241   Thumb Code     0  rtexit2.o(.ARM.Collect$$rtexit$$00000003)
    __rt_exit_prels_1                        0x08000241   Thumb Code     0  rtexit2.o(.ARM.Collect$$rtexit$$00000002)
    __rt_exit_exit                           0x08000245   Thumb Code     0  rtexit2.o(.ARM.Collect$$rtexit$$00000004)
    Reset_Handler                            0x0800024d   Thumb Code     8  startup_stm32f407xx.o(.text)
    ADC_IRQHandler                           0x08000267   Thumb Code     0  startup_stm32f407xx.o(.text)
    CAN1_RX1_IRQHandler                      0x08000267   Thumb Code     0  startup_stm32f407xx.o(.text)
    CAN1_SCE_IRQHandler                      0x08000267   Thumb Code     0  startup_stm32f407xx.o(.text)
    CAN1_TX_IRQHandler                       0x08000267   Thumb Code     0  startup_stm32f407xx.o(.text)
    CAN2_RX1_IRQHandler                      0x08000267   Thumb Code     0  startup_stm32f407xx.o(.text)
    CAN2_SCE_IRQHandler                      0x08000267   Thumb Code     0  startup_stm32f407xx.o(.text)
    CAN2_TX_IRQHandler                       0x08000267   Thumb Code     0  startup_stm32f407xx.o(.text)
    DCMI_IRQHandler                          0x08000267   Thumb Code     0  startup_stm32f407xx.o(.text)
    DMA1_Stream0_IRQHandler                  0x08000267   Thumb Code     0  startup_stm32f407xx.o(.text)
    DMA1_Stream2_IRQHandler                  0x08000267   Thumb Code     0  startup_stm32f407xx.o(.text)
    DMA1_Stream3_IRQHandler                  0x08000267   Thumb Code     0  startup_stm32f407xx.o(.text)
    DMA1_Stream4_IRQHandler                  0x08000267   Thumb Code     0  startup_stm32f407xx.o(.text)
    DMA1_Stream5_IRQHandler                  0x08000267   Thumb Code     0  startup_stm32f407xx.o(.text)
    DMA1_Stream6_IRQHandler                  0x08000267   Thumb Code     0  startup_stm32f407xx.o(.text)
    DMA1_Stream7_IRQHandler                  0x08000267   Thumb Code     0  startup_stm32f407xx.o(.text)
    DMA2_Stream0_IRQHandler                  0x08000267   Thumb Code     0  startup_stm32f407xx.o(.text)
    DMA2_Stream1_IRQHandler                  0x08000267   Thumb Code     0  startup_stm32f407xx.o(.text)
    DMA2_Stream3_IRQHandler                  0x08000267   Thumb Code     0  startup_stm32f407xx.o(.text)
    DMA2_Stream4_IRQHandler                  0x08000267   Thumb Code     0  startup_stm32f407xx.o(.text)
    DMA2_Stream5_IRQHandler                  0x08000267   Thumb Code     0  startup_stm32f407xx.o(.text)
    DMA2_Stream6_IRQHandler                  0x08000267   Thumb Code     0  startup_stm32f407xx.o(.text)
    ETH_IRQHandler                           0x08000267   Thumb Code     0  startup_stm32f407xx.o(.text)
    ETH_WKUP_IRQHandler                      0x08000267   Thumb Code     0  startup_stm32f407xx.o(.text)
    EXTI0_IRQHandler                         0x08000267   Thumb Code     0  startup_stm32f407xx.o(.text)
    EXTI15_10_IRQHandler                     0x08000267   Thumb Code     0  startup_stm32f407xx.o(.text)
    EXTI1_IRQHandler                         0x08000267   Thumb Code     0  startup_stm32f407xx.o(.text)
    EXTI2_IRQHandler                         0x08000267   Thumb Code     0  startup_stm32f407xx.o(.text)
    EXTI3_IRQHandler                         0x08000267   Thumb Code     0  startup_stm32f407xx.o(.text)
    EXTI4_IRQHandler                         0x08000267   Thumb Code     0  startup_stm32f407xx.o(.text)
    EXTI9_5_IRQHandler                       0x08000267   Thumb Code     0  startup_stm32f407xx.o(.text)
    FLASH_IRQHandler                         0x08000267   Thumb Code     0  startup_stm32f407xx.o(.text)
    FMC_IRQHandler                           0x08000267   Thumb Code     0  startup_stm32f407xx.o(.text)
    FPU_IRQHandler                           0x08000267   Thumb Code     0  startup_stm32f407xx.o(.text)
    HASH_RNG_IRQHandler                      0x08000267   Thumb Code     0  startup_stm32f407xx.o(.text)
    I2C1_ER_IRQHandler                       0x08000267   Thumb Code     0  startup_stm32f407xx.o(.text)
    I2C1_EV_IRQHandler                       0x08000267   Thumb Code     0  startup_stm32f407xx.o(.text)
    I2C2_ER_IRQHandler                       0x08000267   Thumb Code     0  startup_stm32f407xx.o(.text)
    I2C2_EV_IRQHandler                       0x08000267   Thumb Code     0  startup_stm32f407xx.o(.text)
    I2C3_ER_IRQHandler                       0x08000267   Thumb Code     0  startup_stm32f407xx.o(.text)
    I2C3_EV_IRQHandler                       0x08000267   Thumb Code     0  startup_stm32f407xx.o(.text)
    OTG_FS_IRQHandler                        0x08000267   Thumb Code     0  startup_stm32f407xx.o(.text)
    OTG_FS_WKUP_IRQHandler                   0x08000267   Thumb Code     0  startup_stm32f407xx.o(.text)
    OTG_HS_EP1_IN_IRQHandler                 0x08000267   Thumb Code     0  startup_stm32f407xx.o(.text)
    OTG_HS_EP1_OUT_IRQHandler                0x08000267   Thumb Code     0  startup_stm32f407xx.o(.text)
    OTG_HS_IRQHandler                        0x08000267   Thumb Code     0  startup_stm32f407xx.o(.text)
    OTG_HS_WKUP_IRQHandler                   0x08000267   Thumb Code     0  startup_stm32f407xx.o(.text)
    PVD_IRQHandler                           0x08000267   Thumb Code     0  startup_stm32f407xx.o(.text)
    RCC_IRQHandler                           0x08000267   Thumb Code     0  startup_stm32f407xx.o(.text)
    RTC_Alarm_IRQHandler                     0x08000267   Thumb Code     0  startup_stm32f407xx.o(.text)
    RTC_WKUP_IRQHandler                      0x08000267   Thumb Code     0  startup_stm32f407xx.o(.text)
    SDIO_IRQHandler                          0x08000267   Thumb Code     0  startup_stm32f407xx.o(.text)
    SPI1_IRQHandler                          0x08000267   Thumb Code     0  startup_stm32f407xx.o(.text)
    SPI2_IRQHandler                          0x08000267   Thumb Code     0  startup_stm32f407xx.o(.text)
    SPI3_IRQHandler                          0x08000267   Thumb Code     0  startup_stm32f407xx.o(.text)
    TAMP_STAMP_IRQHandler                    0x08000267   Thumb Code     0  startup_stm32f407xx.o(.text)
    TIM1_BRK_TIM9_IRQHandler                 0x08000267   Thumb Code     0  startup_stm32f407xx.o(.text)
    TIM1_CC_IRQHandler                       0x08000267   Thumb Code     0  startup_stm32f407xx.o(.text)
    TIM1_TRG_COM_TIM11_IRQHandler            0x08000267   Thumb Code     0  startup_stm32f407xx.o(.text)
    TIM1_UP_TIM10_IRQHandler                 0x08000267   Thumb Code     0  startup_stm32f407xx.o(.text)
    TIM2_IRQHandler                          0x08000267   Thumb Code     0  startup_stm32f407xx.o(.text)
    TIM3_IRQHandler                          0x08000267   Thumb Code     0  startup_stm32f407xx.o(.text)
    TIM4_IRQHandler                          0x08000267   Thumb Code     0  startup_stm32f407xx.o(.text)
    TIM5_IRQHandler                          0x08000267   Thumb Code     0  startup_stm32f407xx.o(.text)
    TIM6_DAC_IRQHandler                      0x08000267   Thumb Code     0  startup_stm32f407xx.o(.text)
    TIM7_IRQHandler                          0x08000267   Thumb Code     0  startup_stm32f407xx.o(.text)
    TIM8_BRK_TIM12_IRQHandler                0x08000267   Thumb Code     0  startup_stm32f407xx.o(.text)
    TIM8_CC_IRQHandler                       0x08000267   Thumb Code     0  startup_stm32f407xx.o(.text)
    TIM8_TRG_COM_TIM14_IRQHandler            0x08000267   Thumb Code     0  startup_stm32f407xx.o(.text)
    TIM8_UP_TIM13_IRQHandler                 0x08000267   Thumb Code     0  startup_stm32f407xx.o(.text)
    UART4_IRQHandler                         0x08000267   Thumb Code     0  startup_stm32f407xx.o(.text)
    UART5_IRQHandler                         0x08000267   Thumb Code     0  startup_stm32f407xx.o(.text)
    USART2_IRQHandler                        0x08000267   Thumb Code     0  startup_stm32f407xx.o(.text)
    USART6_IRQHandler                        0x08000267   Thumb Code     0  startup_stm32f407xx.o(.text)
    WWDG_IRQHandler                          0x08000267   Thumb Code     0  startup_stm32f407xx.o(.text)
    __user_initial_stackheap                 0x08000269   Thumb Code     0  startup_stm32f407xx.o(.text)
    __aeabi_uldivmod                         0x0800028d   Thumb Code     0  lludivv7m.o(.text)
    _ll_udiv                                 0x0800028d   Thumb Code   238  lludivv7m.o(.text)
    __aeabi_memclr4                          0x0800037b   Thumb Code     0  rt_memclr_w.o(.text)
    __aeabi_memclr8                          0x0800037b   Thumb Code     0  rt_memclr_w.o(.text)
    __rt_memclr_w                            0x0800037b   Thumb Code    78  rt_memclr_w.o(.text)
    _memset_w                                0x0800037f   Thumb Code     0  rt_memclr_w.o(.text)
    strcmp                                   0x080003c9   Thumb Code   128  strcmpv7m.o(.text)
    __use_two_region_memory                  0x08000449   Thumb Code     2  heapauxi.o(.text)
    __rt_heap_escrow                         0x0800044b   Thumb Code     2  heapauxi.o(.text)
    __rt_heap_expand                         0x0800044d   Thumb Code     2  heapauxi.o(.text)
    __cpp_initialize__aeabi_                 0x08000451   Thumb Code    26  init_aeabi.o(.text)
    __read_errno                             0x08000475   Thumb Code    10  _rserrno.o(.text)
    __set_errno                              0x0800047f   Thumb Code    12  _rserrno.o(.text)
    __aeabi_errno_addr                       0x0800048d   Thumb Code     8  rt_errno_addr_intlibspace.o(.text)
    __errno$intlibspace                      0x0800048d   Thumb Code     0  rt_errno_addr_intlibspace.o(.text)
    __rt_errno_addr$intlibspace              0x0800048d   Thumb Code     0  rt_errno_addr_intlibspace.o(.text)
    __user_libspace                          0x08000495   Thumb Code     8  libspace.o(.text)
    __user_perproc_libspace                  0x08000495   Thumb Code     0  libspace.o(.text)
    __user_perthread_libspace                0x08000495   Thumb Code     0  libspace.o(.text)
    __user_setup_stackheap                   0x0800049d   Thumb Code    74  sys_stackheap_outer.o(.text)
    exit                                     0x080004e7   Thumb Code    18  exit.o(.text)
    _sys_exit                                0x080004f9   Thumb Code     8  sys_exit.o(.text)
    __I$use$semihosting                      0x08000505   Thumb Code     0  use_no_semi.o(.text)
    __use_no_semihosting_swi                 0x08000505   Thumb Code     2  use_no_semi.o(.text)
    BusFault_Handler                         0x08000507   Thumb Code     4  stm32f4xx_it.o(i.BusFault_Handler)
    __semihosting_library_function           0x08000507   Thumb Code     0  indicate_semi.o(.text)
    CAN1_RX0_IRQHandler                      0x0800050d   Thumb Code    10  stm32f4xx_it.o(i.CAN1_RX0_IRQHandler)
    CAN2_RX0_IRQHandler                      0x0800051d   Thumb Code    10  stm32f4xx_it.o(i.CAN2_RX0_IRQHandler)
    DMA1_Stream1_IRQHandler                  0x0800052d   Thumb Code    10  stm32f4xx_it.o(i.DMA1_Stream1_IRQHandler)
    DMA2_Stream2_IRQHandler                  0x0800053d   Thumb Code    10  stm32f4xx_it.o(i.DMA2_Stream2_IRQHandler)
    DMA2_Stream7_IRQHandler                  0x0800054d   Thumb Code    10  stm32f4xx_it.o(i.DMA2_Stream7_IRQHandler)
    DebugMon_Handler                         0x0800055d   Thumb Code     2  stm32f4xx_it.o(i.DebugMon_Handler)
    Error_Handler                            0x0800055f   Thumb Code     6  main.o(i.Error_Handler)
    HAL_CAN_ActivateNotification             0x08000565   Thumb Code    42  stm32f4xx_hal_can.o(i.HAL_CAN_ActivateNotification)
    HAL_CAN_AddTxMessage                     0x0800058f   Thumb Code   330  stm32f4xx_hal_can.o(i.HAL_CAN_AddTxMessage)
    HAL_CAN_ConfigFilter                     0x080006d9   Thumb Code   286  stm32f4xx_hal_can.o(i.HAL_CAN_ConfigFilter)
    HAL_CAN_ErrorCallback                    0x080007fd   Thumb Code     2  stm32f4xx_hal_can.o(i.HAL_CAN_ErrorCallback)
    HAL_CAN_GetRxMessage                     0x080007ff   Thumb Code   404  stm32f4xx_hal_can.o(i.HAL_CAN_GetRxMessage)
    HAL_CAN_IRQHandler                       0x08000993   Thumb Code   590  stm32f4xx_hal_can.o(i.HAL_CAN_IRQHandler)
    HAL_CAN_Init                             0x08000be1   Thumb Code   372  stm32f4xx_hal_can.o(i.HAL_CAN_Init)
    HAL_CAN_MspInit                          0x08000d55   Thumb Code   328  can.o(i.HAL_CAN_MspInit)
    HAL_CAN_RxFifo0FullCallback              0x08000eb5   Thumb Code     2  stm32f4xx_hal_can.o(i.HAL_CAN_RxFifo0FullCallback)
    HAL_CAN_RxFifo0MsgPendingCallback        0x08000eb9   Thumb Code   406  drv_can_receive.o(i.HAL_CAN_RxFifo0MsgPendingCallback)
    HAL_CAN_RxFifo1FullCallback              0x08001069   Thumb Code     2  stm32f4xx_hal_can.o(i.HAL_CAN_RxFifo1FullCallback)
    HAL_CAN_RxFifo1MsgPendingCallback        0x0800106b   Thumb Code     2  stm32f4xx_hal_can.o(i.HAL_CAN_RxFifo1MsgPendingCallback)
    HAL_CAN_SleepCallback                    0x0800106d   Thumb Code     2  stm32f4xx_hal_can.o(i.HAL_CAN_SleepCallback)
    HAL_CAN_Start                            0x0800106f   Thumb Code    94  stm32f4xx_hal_can.o(i.HAL_CAN_Start)
    HAL_CAN_TxMailbox0AbortCallback          0x080010cd   Thumb Code     2  stm32f4xx_hal_can.o(i.HAL_CAN_TxMailbox0AbortCallback)
    HAL_CAN_TxMailbox0CompleteCallback       0x080010cf   Thumb Code     2  stm32f4xx_hal_can.o(i.HAL_CAN_TxMailbox0CompleteCallback)
    HAL_CAN_TxMailbox1AbortCallback          0x080010d1   Thumb Code     2  stm32f4xx_hal_can.o(i.HAL_CAN_TxMailbox1AbortCallback)
    HAL_CAN_TxMailbox1CompleteCallback       0x080010d3   Thumb Code     2  stm32f4xx_hal_can.o(i.HAL_CAN_TxMailbox1CompleteCallback)
    HAL_CAN_TxMailbox2AbortCallback          0x080010d5   Thumb Code     2  stm32f4xx_hal_can.o(i.HAL_CAN_TxMailbox2AbortCallback)
    HAL_CAN_TxMailbox2CompleteCallback       0x080010d7   Thumb Code     2  stm32f4xx_hal_can.o(i.HAL_CAN_TxMailbox2CompleteCallback)
    HAL_CAN_WakeUpFromRxMsgCallback          0x080010d9   Thumb Code     2  stm32f4xx_hal_can.o(i.HAL_CAN_WakeUpFromRxMsgCallback)
    HAL_DMA_Abort                            0x080010db   Thumb Code   172  stm32f4xx_hal_dma.o(i.HAL_DMA_Abort)
    HAL_DMA_Abort_IT                         0x08001187   Thumb Code    40  stm32f4xx_hal_dma.o(i.HAL_DMA_Abort_IT)
    HAL_DMA_IRQHandler                       0x080011b1   Thumb Code   570  stm32f4xx_hal_dma.o(i.HAL_DMA_IRQHandler)
    HAL_DMA_Init                             0x080013f1   Thumb Code   232  stm32f4xx_hal_dma.o(i.HAL_DMA_Init)
    HAL_DMA_Start_IT                         0x080014dd   Thumb Code   146  stm32f4xx_hal_dma.o(i.HAL_DMA_Start_IT)
    HAL_Delay                                0x08001571   Thumb Code    36  stm32f4xx_hal.o(i.HAL_Delay)
    HAL_GPIO_Init                            0x08001599   Thumb Code   454  stm32f4xx_hal_gpio.o(i.HAL_GPIO_Init)
    HAL_GetTick                              0x0800178d   Thumb Code     6  stm32f4xx_hal.o(i.HAL_GetTick)
    HAL_IncTick                              0x08001799   Thumb Code    16  stm32f4xx_hal.o(i.HAL_IncTick)
    HAL_Init                                 0x080017b1   Thumb Code    54  stm32f4xx_hal.o(i.HAL_Init)
    HAL_InitTick                             0x080017ed   Thumb Code    64  stm32f4xx_hal.o(i.HAL_InitTick)
    HAL_MspInit                              0x08001839   Thumb Code    68  stm32f4xx_hal_msp.o(i.HAL_MspInit)
    HAL_NVIC_EnableIRQ                       0x08001881   Thumb Code    40  stm32f4xx_hal_cortex.o(i.HAL_NVIC_EnableIRQ)
    HAL_NVIC_SetPriority                     0x080018a9   Thumb Code   124  stm32f4xx_hal_cortex.o(i.HAL_NVIC_SetPriority)
    HAL_NVIC_SetPriorityGrouping             0x08001925   Thumb Code    32  stm32f4xx_hal_cortex.o(i.HAL_NVIC_SetPriorityGrouping)
    HAL_RCC_ClockConfig                      0x0800194d   Thumb Code   368  stm32f4xx_hal_rcc.o(i.HAL_RCC_ClockConfig)
    HAL_RCC_GetHCLKFreq                      0x08001ad1   Thumb Code     6  stm32f4xx_hal_rcc.o(i.HAL_RCC_GetHCLKFreq)
    HAL_RCC_GetPCLK1Freq                     0x08001add   Thumb Code    22  stm32f4xx_hal_rcc.o(i.HAL_RCC_GetPCLK1Freq)
    HAL_RCC_GetPCLK2Freq                     0x08001afd   Thumb Code    22  stm32f4xx_hal_rcc.o(i.HAL_RCC_GetPCLK2Freq)
    HAL_RCC_GetSysClockFreq                  0x08001b1d   Thumb Code   162  stm32f4xx_hal_rcc.o(i.HAL_RCC_GetSysClockFreq)
    HAL_RCC_OscConfig                        0x08001bcd   Thumb Code  1172  stm32f4xx_hal_rcc.o(i.HAL_RCC_OscConfig)
    HAL_SYSTICK_Config                       0x08002069   Thumb Code    52  stm32f4xx_hal_cortex.o(i.HAL_SYSTICK_Config)
    HAL_UARTEx_ReceiveToIdle_DMA             0x0800209d   Thumb Code   114  stm32f4xx_hal_uart.o(i.HAL_UARTEx_ReceiveToIdle_DMA)
    HAL_UARTEx_RxEventCallback               0x08002111   Thumb Code   246  drv_uart.o(i.HAL_UARTEx_RxEventCallback)
    HAL_UART_ErrorCallback                   0x08002239   Thumb Code     2  stm32f4xx_hal_uart.o(i.HAL_UART_ErrorCallback)
    HAL_UART_IRQHandler                      0x0800223d   Thumb Code   740  stm32f4xx_hal_uart.o(i.HAL_UART_IRQHandler)
    HAL_UART_Init                            0x08002525   Thumb Code   118  stm32f4xx_hal_uart.o(i.HAL_UART_Init)
    HAL_UART_MspInit                         0x0800259d   Thumb Code   514  usart.o(i.HAL_UART_MspInit)
    HAL_UART_RxCpltCallback                  0x080027cd   Thumb Code     2  stm32f4xx_hal_uart.o(i.HAL_UART_RxCpltCallback)
    HAL_UART_RxHalfCpltCallback              0x080027cf   Thumb Code     2  stm32f4xx_hal_uart.o(i.HAL_UART_RxHalfCpltCallback)
    HAL_UART_Transmit_DMA                    0x080027d1   Thumb Code   128  stm32f4xx_hal_uart.o(i.HAL_UART_Transmit_DMA)
    HAL_UART_TxCpltCallback                  0x0800285d   Thumb Code     2  stm32f4xx_hal_uart.o(i.HAL_UART_TxCpltCallback)
    HAL_UART_TxHalfCpltCallback              0x0800285f   Thumb Code     2  stm32f4xx_hal_uart.o(i.HAL_UART_TxHalfCpltCallback)
    HardFault_Handler                        0x08002861   Thumb Code     4  stm32f4xx_it.o(i.HardFault_Handler)
    MX_CAN1_Init                             0x08002865   Thumb Code    62  can.o(i.MX_CAN1_Init)
    MX_CAN2_Init                             0x080028ad   Thumb Code    58  can.o(i.MX_CAN2_Init)
    MX_DMA_Init                              0x080028f1   Thumb Code   114  dma.o(i.MX_DMA_Init)
    MX_GPIO_Init                             0x08002969   Thumb Code   156  gpio.o(i.MX_GPIO_Init)
    MX_USART1_UART_Init                      0x08002a09   Thumb Code    46  usart.o(i.MX_USART1_UART_Init)
    MX_USART3_UART_Init                      0x08002a41   Thumb Code    50  usart.o(i.MX_USART3_UART_Init)
    MemManage_Handler                        0x08002a81   Thumb Code     4  stm32f4xx_it.o(i.MemManage_Handler)
    NMI_Handler                              0x08002a85   Thumb Code     4  stm32f4xx_it.o(i.NMI_Handler)
    PendSV_Handler                           0x08002a89   Thumb Code     2  stm32f4xx_it.o(i.PendSV_Handler)
    SVC_Handler                              0x08002a8b   Thumb Code     2  stm32f4xx_it.o(i.SVC_Handler)
    SysTick_Handler                          0x08002a8d   Thumb Code     8  stm32f4xx_it.o(i.SysTick_Handler)
    SystemInit                               0x08002a95   Thumb Code    14  system_stm32f4xx.o(i.SystemInit)
    UART_Start_Receive_DMA                   0x08002aa9   Thumb Code   186  stm32f4xx_hal_uart.o(i.UART_Start_Receive_DMA)
    USART1_IRQHandler                        0x08002b71   Thumb Code    10  stm32f4xx_it.o(i.USART1_IRQHandler)
    USART3_IRQHandler                        0x08002b81   Thumb Code   270  stm32f4xx_it.o(i.USART3_IRQHandler)
    UsageFault_Handler                       0x08002cad   Thumb Code     4  stm32f4xx_it.o(i.UsageFault_Handler)
    sbus_to_rc(const volatile unsigned char*, RC_ctrl_t*) 0x08002cb1   Thumb Code   124  remote_control.o(i._Z10sbus_to_rcPVKhP9RC_ctrl_t)
    CAN_cmd_shoot(short, short, short, short) 0x08002d2d   Thumb Code    68  drv_can_receive.o(i._Z13CAN_cmd_shootssss)
    UART_Send_Data(__UART_HandleTypeDef*, unsigned char*, unsigned short) 0x08002d7d   Thumb Code    20  drv_uart.o(i._Z14UART_Send_DataP20__UART_HandleTypeDefPht)
    CAN_cmd_chassis(short, short, short, short) 0x08002d91   Thumb Code    68  drv_can_receive.o(i._Z15CAN_cmd_chassisssss)
    can_filter_init()                        0x08002de1   Thumb Code    84  bsp_can.o(i._Z15can_filter_initv)
    CAN_cmd_friction(short, short, short, short) 0x08002e3d   Thumb Code    68  drv_can_receive.o(i._Z16CAN_cmd_frictionssss)
    SystemClock_Config()                     0x08002e8d   Thumb Code   170  main.o(i._Z18SystemClock_Configv)
    usart1_tx_dma_init()                     0x08002f41   Thumb Code    18  bsp_usart.o(i._Z18usart1_tx_dma_initv)
    remote_control_init()                    0x08002f59   Thumb Code    16  remote_control.o(i._Z19remote_control_initv)
    get_remote_control_point()               0x08002f6d   Thumb Code     4  remote_control.o(i._Z24get_remote_control_pointv)
    UART_Serialplot_Call_Back(unsigned char*, unsigned short) 0x08002f75   Thumb Code   200  main.o(i._Z25UART_Serialplot_Call_BackPht)
    TIM_UART_PeriodElapsedCallback()         0x08003051   Thumb Code    14  drv_uart.o(i._Z30TIM_UART_PeriodElapsedCallbackv)
    get_chassis_motor_measure_point(unsigned char) 0x08003069   Thumb Code    18  drv_can_receive.o(i._Z31get_chassis_motor_measure_pointh)
    get_trigger_motor_measure_point()        0x08003081   Thumb Code     4  drv_can_receive.o(i._Z31get_trigger_motor_measure_pointv)
    get_friction_motor_measure_point(unsigned char) 0x08003089   Thumb Code    18  drv_can_receive.o(i._Z32get_friction_motor_measure_pointh)
    get_yaw_gimbal_motor_measure_point()     0x080030a1   Thumb Code     4  drv_can_receive.o(i._Z34get_yaw_gimbal_motor_measure_pointv)
    get_pitch_gimbal_motor_measure_point()   0x080030a9   Thumb Code     4  drv_can_receive.o(i._Z36get_pitch_gimbal_motor_measure_pointv)
    RC_init(unsigned char*, unsigned char*, unsigned short) 0x080030b1   Thumb Code   142  bsp_rc.o(i._Z7RC_initPhS_t)
    UART_Init(__UART_HandleTypeDef*, void(*)(unsigned char*, unsigned short), unsigned short) 0x0800314d   Thumb Code   224  drv_uart.o(i._Z9UART_InitP20__UART_HandleTypeDefPFvPhtEt)
    Class_Serialplot::Get_Variable_Index()   0x0800325d   Thumb Code     8  dvc_serialplot.o(i._ZN16Class_Serialplot18Get_Variable_IndexEv)
    Class_Serialplot::Get_Variable_Value()   0x08003265   Thumb Code    24  dvc_serialplot.o(i._ZN16Class_Serialplot18Get_Variable_ValueEv)
    Class_Serialplot::Judge_Variable_Name()  0x0800327d   Thumb Code    96  dvc_serialplot.o(i._ZN16Class_Serialplot19Judge_Variable_NameEv)
    Class_Serialplot::UART_RxCpltCallback(unsigned char*) 0x080032dd   Thumb Code    24  dvc_serialplot.o(i._ZN16Class_Serialplot19UART_RxCpltCallbackEPh)
    Class_Serialplot::Judge_Variable_Value(int) 0x080032f5   Thumb Code   214  dvc_serialplot.o(i._ZN16Class_Serialplot20Judge_Variable_ValueEi)
    Class_Serialplot::TIM_Write_PeriodElapsedCallback() 0x080033d1   Thumb Code    12  dvc_serialplot.o(i._ZN16Class_Serialplot31TIM_Write_PeriodElapsedCallbackEv)
    Class_Serialplot::Init(__UART_HandleTypeDef*, unsigned char, char**, Enum_Serialplot_Data_Type, unsigned char) 0x080033dd   Thumb Code   102  dvc_serialplot.o(i._ZN16Class_Serialplot4InitEP20__UART_HandleTypeDefhPPc25Enum_Serialplot_Data_Typeh)
    Class_Serialplot::Output()               0x08003475   Thumb Code   224  dvc_serialplot.o(i._ZN16Class_Serialplot6OutputEv)
    Class_Serialplot::Set_Data(unsigned char, ...) 0x08003555   Thumb Code    58  dvc_serialplot.o(i._ZN16Class_Serialplot8Set_DataEhz)
    Class_Motor_GM6020::PID_Calculate()      0x0800358f   Thumb Code   274  dvc_motor.o(i._ZN18Class_Motor_GM602013PID_CalculateEv)
    Class_Motor_GM6020::Set_Target_Angle(float) 0x080036a1   Thumb Code     6  main.o(i._ZN18Class_Motor_GM602016Set_Target_AngleEf)
    Class_Motor_GM6020::Init(CAN_HandleTypeDef*, Enum_Motor_DJI_Control_Method, float, float) 0x080036a7   Thumb Code    14  dvc_motor.o(i._ZN18Class_Motor_GM60204InitEP17CAN_HandleTypeDef29Enum_Motor_DJI_Control_Methodff)
    Class_Motor_GM6020::Class_Motor_GM6020() 0x080036b5   Thumb Code   188  main.o(i._ZN18Class_Motor_GM6020C1Ev)
    Class_Motor_GM6020::Class_Motor_GM6020__sub_object() 0x080036b5   Thumb Code     0  main.o(i._ZN18Class_Motor_GM6020C1Ev)
    Class_Motor_DJI_C610::PID_Calculate()    0x0800378d   Thumb Code   288  dvc_motor.o(i._ZN20Class_Motor_DJI_C61013PID_CalculateEv)
    Class_Motor_DJI_C610::Init(CAN_HandleTypeDef*, Enum_Motor_DJI_Control_Method, float, float) 0x080038b1   Thumb Code    14  dvc_motor.o(i._ZN20Class_Motor_DJI_C6104InitEP17CAN_HandleTypeDef29Enum_Motor_DJI_Control_Methodff)
    Class_Motor_DJI_C620::PID_Calculate()    0x080038c1   Thumb Code   288  dvc_motor.o(i._ZN20Class_Motor_DJI_C62013PID_CalculateEv)
    Class_Motor_DJI_C620::Set_Target_Omega(float) 0x080039e5   Thumb Code     6  main.o(i._ZN20Class_Motor_DJI_C62016Set_Target_OmegaEf)
    Class_Motor_DJI_C620::Init(CAN_HandleTypeDef*, Enum_Motor_DJI_Control_Method, float, float) 0x080039eb   Thumb Code    14  dvc_motor.o(i._ZN20Class_Motor_DJI_C6204InitEP17CAN_HandleTypeDef29Enum_Motor_DJI_Control_Methodff)
    Class_Motor_DJI_C620::Class_Motor_DJI_C620() 0x080039f9   Thumb Code   164  main.o(i._ZN20Class_Motor_DJI_C620C1Ev)
    Class_Motor_DJI_C620::Class_Motor_DJI_C620__sub_object() 0x080039f9   Thumb Code     0  main.o(i._ZN20Class_Motor_DJI_C620C1Ev)
    Class_PID::Set_Target(float)             0x080041d5   Thumb Code     6  alg_pid.o(i._ZN9Class_PID10Set_TargetEf)
    Class_PID::TIM_Adjust_PeriodElapsedCallback() 0x080041dd   Thumb Code   622  alg_pid.o(i._ZN9Class_PID32TIM_Adjust_PeriodElapsedCallbackEv)
    Class_PID::Init(float, float, float, float, float, float, float, float, float, float, float, Enum_PID_D_First) 0x08004451   Thumb Code    48  alg_pid.o(i._ZN9Class_PID4InitEfffffffffff16Enum_PID_D_First)
    Class_PID::Get_Out()                     0x08004481   Thumb Code     6  alg_pid.o(i._ZN9Class_PID7Get_OutEv)
    Class_PID::Set_K_P(float)                0x08004487   Thumb Code     6  alg_pid.o(i._ZN9Class_PID7Set_K_PEf)
    Class_PID::Set_Now(float)                0x0800448d   Thumb Code     6  alg_pid.o(i._ZN9Class_PID7Set_NowEf)
    Class_PID::Class_PID()                   0x08004495   Thumb Code   138  main.o(i._ZN9Class_PIDC1Ev)
    Class_PID::Class_PID__sub_object()       0x08004495   Thumb Code     0  main.o(i._ZN9Class_PIDC1Ev)
    __ARM_fpclassifyf                        0x08004525   Thumb Code    38  fpclassifyf.o(i.__ARM_fpclassifyf)
    __aeabi_vec_ctor_nocookie_nodtor         0x0800454b   Thumb Code    36  aeabi_vec_ctor_nocookie_nodtor.o(i.__aeabi_vec_ctor_nocookie_nodtor)
    __hardfp_powf                            0x08004571   Thumb Code  1606  powf.o(i.__hardfp_powf)
    __mathlib_powf                           0x08004571   Thumb Code     0  powf.o(i.__hardfp_powf)
    __mathlib_flt_divzero                    0x08004bd5   Thumb Code    14  funder.o(i.__mathlib_flt_divzero)
    __mathlib_flt_infnan2                    0x08004be9   Thumb Code     6  funder.o(i.__mathlib_flt_infnan2)
    __mathlib_flt_invalid                    0x08004bf1   Thumb Code    10  funder.o(i.__mathlib_flt_invalid)
    __mathlib_flt_overflow                   0x08004c01   Thumb Code    10  funder.o(i.__mathlib_flt_overflow)
    __mathlib_flt_underflow                  0x08004c11   Thumb Code    10  funder.o(i.__mathlib_flt_underflow)
    main                                     0x08004d39   Thumb Code  3388  main.o(i.main)
    void Math_Constrain<float>(T1*, T1, T1)  0x08005afd   Thumb Code    40  main.o(t._Z14Math_ConstrainIfEvPT_S0_S0_)
    T1 Math_Abs<float>(T1)                   0x08005b25   Thumb Code    26  drv_math.o(t._Z8Math_AbsIfET_S0_)
    __aeabi_d2f                              0x08005b41   Thumb Code     0  d2f.o(x$fpl$d2f)
    _d2f                                     0x08005b41   Thumb Code    98  d2f.o(x$fpl$d2f)
    __fpl_dnaninf                            0x08005ba3   Thumb Code   156  dnaninf.o(x$fpl$dnaninf)
    __fpl_dretinf                            0x08005c3f   Thumb Code    12  dretinf.o(x$fpl$dretinf)
    __aeabi_f2d                              0x08005c4d   Thumb Code     0  f2d.o(x$fpl$f2d)
    _f2d                                     0x08005c4d   Thumb Code    86  f2d.o(x$fpl$f2d)
    __fpl_fnaninf                            0x08005ca3   Thumb Code   140  fnaninf.o(x$fpl$fnaninf)
    _fp_init                                 0x08005d2f   Thumb Code    10  fpinit.o(x$fpl$fpinit)
    __fplib_config_fpu_vfp                   0x08005d37   Thumb Code     0  fpinit.o(x$fpl$fpinit)
    __fplib_config_pureend_doubles           0x08005d37   Thumb Code     0  fpinit.o(x$fpl$fpinit)
    __fpl_fretinf                            0x08005d39   Thumb Code    10  fretinf.o(x$fpl$fretinf)
    __I$use$fp                               0x08005d42   Number         0  usenofp.o(x$fpl$usenofp)
    AHBPrescTable                            0x08005d4a   Data          16  system_stm32f4xx.o(.constdata)
    APBPrescTable                            0x08005d5a   Data           8  system_stm32f4xx.o(.constdata)
    Region$$Table$$Base                      0x08005ea4   Number         0  anon$$obj.o(Region$$Table)
    Region$$Table$$Limit                     0x08005ec4   Number         0  anon$$obj.o(Region$$Table)
    SHT$$INIT_ARRAY$$Base                    0x08005ec4   Number         0  main.o(.init_array)
    SHT$$INIT_ARRAY$$Limit                   0x08005ec8   Number         0  init_aeabi.o(.init_array)
    Now_Omega_Wheel_0                        0x20000000   Data           4  main.o(.data)
    Target_Omega_Wheel_0                     0x20000004   Data           4  main.o(.data)
    Now_Omega_Wheel_1                        0x20000008   Data           4  main.o(.data)
    Target_Omega_Wheel_1                     0x2000000c   Data           4  main.o(.data)
    Now_Omega_Wheel_2                        0x20000010   Data           4  main.o(.data)
    Target_Omega_Wheel_2                     0x20000014   Data           4  main.o(.data)
    Now_Omega_Wheel_3                        0x20000018   Data           4  main.o(.data)
    Target_Omega_Wheel_3                     0x2000001c   Data           4  main.o(.data)
    Now_Angle                                0x20000020   Data           4  main.o(.data)
    Target_Angle                             0x20000024   Data           4  main.o(.data)
    Target_Omega_c0                          0x20000028   Data           4  main.o(.data)
    Target_Omega_c1                          0x2000002c   Data           4  main.o(.data)
    Target_Omega_c2                          0x20000030   Data           4  main.o(.data)
    Target_Omega_c3                          0x20000034   Data           4  main.o(.data)
    vx_set                                   0x20000038   Data           4  main.o(.data)
    vy_set                                   0x2000003c   Data           4  main.o(.data)
    omega_set                                0x20000040   Data           4  main.o(.data)
    Counter                                  0x20000044   Data           4  main.o(.data)
    Output_val_yaw                           0x20000048   Data           4  main.o(.data)
    Output_val_pitch                         0x2000004c   Data           4  main.o(.data)
    Output_val_driver                        0x20000050   Data           4  main.o(.data)
    Output_val_2                             0x20000054   Data           4  main.o(.data)
    Output_val_3                             0x20000058   Data           4  main.o(.data)
    Output_val_friction_left                 0x2000005c   Data           4  main.o(.data)
    Output_val_friction_right                0x20000060   Data           4  main.o(.data)
    Output_val_wheel_0                       0x20000064   Data           4  main.o(.data)
    Output_val_wheel_1                       0x20000068   Data           4  main.o(.data)
    Output_val_wheel_2                       0x2000006c   Data           4  main.o(.data)
    Output_val_wheel_3                       0x20000070   Data           4  main.o(.data)
    test_val                                 0x20000074   Data           4  main.o(.data)
    Right_X                                  0x20000078   Data           4  main.o(.data)
    Right_Y                                  0x2000007c   Data           4  main.o(.data)
    Left_X                                   0x20000080   Data           4  main.o(.data)
    Left_Y                                   0x20000084   Data           4  main.o(.data)
    Switch_0                                 0x20000088   Data           4  main.o(.data)
    Switch_1                                 0x2000008c   Data           4  main.o(.data)
    Rocker_Offset                            0x20000090   Data           4  main.o(.data)
    Switch_Offset                            0x20000094   Data           4  main.o(.data)
    Rocker_Num                               0x20000098   Data           4  main.o(.data)
    Switch_Num                               0x2000009c   Data           4  main.o(.data)
    velocity_x_max                           0x200000a0   Data           4  main.o(.data)
    velocity_y_max                           0x200000a4   Data           4  main.o(.data)
    omega_max                                0x200000a8   Data           4  main.o(.data)
    r_wheel_to_core                          0x200000ac   Data           4  main.o(.data)
    Min_Pitch_Angle                          0x200000b0   Data           4  main.o(.data)
    Max_Pitch_Angle                          0x200000b4   Data           4  main.o(.data)
    Target_Yaw_Angle                         0x200000b8   Data           4  main.o(.data)
    Rocker_Yaw_Resolution                    0x200000bc   Data           4  main.o(.data)
    Target_Pitch_Angle                       0x200000c0   Data           4  main.o(.data)
    pitch_gimbal_motor_measure               0x200000c4   Data           4  main.o(.data)
    yaw_gimbal_motor_measure                 0x200000c8   Data           4  main.o(.data)
    Motor_Driver_measure                     0x200000cc   Data           4  main.o(.data)
    frictoin_motor_measure_left              0x200000d0   Data           4  main.o(.data)
    frictoin_motor_measure_right             0x200000d4   Data           4  main.o(.data)
    delta_encoder_yaw                        0x200000d8   Data           2  main.o(.data)
    delta_encoder_pitch                      0x200000da   Data           2  main.o(.data)
    delta_encoder1                           0x200000dc   Data           2  main.o(.data)
    Encoder_Num_Per_Round                    0x200000de   Data           2  main.o(.data)
    Encoder_Offset                           0x200000e0   Data           4  main.o(.data)
    RPM_TO_RAD                               0x200000e4   Data           4  main.o(.data)
    GEAR_RATE                                0x200000e8   Data           4  main.o(.data)
    GEAR_RATE_Friction                       0x200000ec   Data           4  main.o(.data)
    GEAR_RATE_Wheel                          0x200000f0   Data           4  main.o(.data)
    Now_Ammo_Shoot_Frequency                 0x200000f4   Data           4  main.o(.data)
    Ammo_Num_Per_Round                       0x200000f8   Data           4  main.o(.data)
    Friction_Omega                           0x200000fc   Data           4  main.o(.data)
    local_rc_ctrl                            0x20000290   Data           4  main.o(.data)
    uwTick                                   0x200002a4   Data           4  stm32f4xx_hal.o(.data)
    uwTickPrio                               0x200002a8   Data           4  stm32f4xx_hal.o(.data)
    uwTickFreq                               0x200002ac   Data           1  stm32f4xx_hal.o(.data)
    SystemCoreClock                          0x200002b0   Data           4  system_stm32f4xx.o(.data)
    serialplot                               0x200002c8   Data          72  main.o(.bss)
    pid_omega                                0x20000310   Data          80  main.o(.bss)
    pid_omega_1                              0x20000360   Data          80  main.o(.bss)
    pid_omega_2                              0x200003b0   Data          80  main.o(.bss)
    pid_omega_3                              0x20000400   Data          80  main.o(.bss)
    PID_Angle                                0x20000450   Data          80  main.o(.bss)
    PID_Omega                                0x200004a0   Data          80  main.o(.bss)
    PID_Current                              0x200004f0   Data          80  main.o(.bss)
    Motor_Pitch                              0x20000540   Data         372  main.o(.bss)
    Motor_Yaw                                0x200006b4   Data         372  main.o(.bss)
    Motor_Driver                             0x20000828   Data         252  main.o(.bss)
    Motor_Friction_Left                      0x20000924   Data         364  main.o(.bss)
    Motor_Friction_Right                     0x20000a90   Data         364  main.o(.bss)
    Motor_Wheel                              0x20000bfc   Data        1456  main.o(.bss)
    Rx_Omega                                 0x200011ac   Data          16  main.o(.bss)
    Rx_Torque                                0x200011bc   Data          16  main.o(.bss)
    Rx_Encoder                               0x200011cc   Data          16  main.o(.bss)
    Rx_Temperature                           0x200011dc   Data          16  main.o(.bss)
    hcan1                                    0x200012ec   Data          40  can.o(.bss)
    hcan2                                    0x20001314   Data          40  can.o(.bss)
    huart1                                   0x2000133c   Data          72  usart.o(.bss)
    huart3                                   0x20001384   Data          72  usart.o(.bss)
    hdma_usart1_tx                           0x200013cc   Data          96  usart.o(.bss)
    hdma_usart1_rx                           0x2000142c   Data          96  usart.o(.bss)
    hdma_usart3_rx                           0x2000148c   Data          96  usart.o(.bss)
    UART1_Manage_Object                      0x200014ec   Data         524  drv_uart.o(.bss)
    UART2_Manage_Object                      0x200016f8   Data         524  drv_uart.o(.bss)
    UART3_Manage_Object                      0x20001904   Data         524  drv_uart.o(.bss)
    UART4_Manage_Object                      0x20001b10   Data         524  drv_uart.o(.bss)
    UART5_Manage_Object                      0x20001d1c   Data         524  drv_uart.o(.bss)
    UART6_Manage_Object                      0x20001f28   Data         524  drv_uart.o(.bss)
    UART7_Manage_Object                      0x20002134   Data         524  drv_uart.o(.bss)
    UART8_Manage_Object                      0x20002340   Data         524  drv_uart.o(.bss)
    rc_ctrl                                  0x2000254c   Data          14  remote_control.o(.bss)
    sbus_rx_buf                              0x2000255a   Data         100  remote_control.o(.bss)
    __libspace_start                         0x2000267c   Data          96  libspace.o(.bss)
    __temporary_stack_top$libspace           0x200026dc   Data           0  libspace.o(.bss)



==============================================================================

Memory Map of the image

  Image Entry point : 0x08000189

  Load Region LR_IROM1 (Base: 0x08000000, Size: 0x00006190, Max: 0x00100000, ABSOLUTE, COMPRESSED[0x00005f28])

    Execution Region ER_IROM1 (Exec base: 0x08000000, Load base: 0x08000000, Size: 0x00005ec8, Max: 0x00100000, ABSOLUTE)

    Exec Addr    Load Addr    Size         Type   Attr      Idx    E Section Name        Object

    0x08000000   0x08000000   0x00000188   Data   RO            3    RESET               startup_stm32f407xx.o
    0x08000188   0x08000188   0x00000008   Code   RO         3710  * !!!main             c_w.l(__main.o)
    0x08000190   0x08000190   0x00000034   Code   RO         4234    !!!scatter          c_w.l(__scatter.o)
    0x080001c4   0x080001c4   0x0000003a   Code   RO         4232    !!dczerorl          c_w.l(__dczerorl.o)
    0x080001fe   0x080001fe   0x00000002   PAD
    0x08000200   0x08000200   0x0000001c   Code   RO         4236    !!handler_zi        c_w.l(__scatter_zi.o)
    0x0800021c   0x0800021c   0x00000002   Code   RO         4030    .ARM.Collect$$libinit$$00000000  c_w.l(libinit.o)
    0x0800021e   0x0800021e   0x00000004   Code   RO         3849    .ARM.Collect$$libinit$$00000001  c_w.l(libinit2.o)
    0x08000222   0x08000222   0x00000000   Code   RO         3852    .ARM.Collect$$libinit$$00000004  c_w.l(libinit2.o)
    0x08000222   0x08000222   0x00000000   Code   RO         3855    .ARM.Collect$$libinit$$0000000A  c_w.l(libinit2.o)
    0x08000222   0x08000222   0x00000000   Code   RO         3857    .ARM.Collect$$libinit$$0000000C  c_w.l(libinit2.o)
    0x08000222   0x08000222   0x00000000   Code   RO         3859    .ARM.Collect$$libinit$$0000000E  c_w.l(libinit2.o)
    0x08000222   0x08000222   0x00000000   Code   RO         3862    .ARM.Collect$$libinit$$00000011  c_w.l(libinit2.o)
    0x08000222   0x08000222   0x00000000   Code   RO         3864    .ARM.Collect$$libinit$$00000013  c_w.l(libinit2.o)
    0x08000222   0x08000222   0x00000000   Code   RO         3866    .ARM.Collect$$libinit$$00000015  c_w.l(libinit2.o)
    0x08000222   0x08000222   0x00000000   Code   RO         3868    .ARM.Collect$$libinit$$00000017  c_w.l(libinit2.o)
    0x08000222   0x08000222   0x00000000   Code   RO         3870    .ARM.Collect$$libinit$$00000019  c_w.l(libinit2.o)
    0x08000222   0x08000222   0x00000000   Code   RO         3872    .ARM.Collect$$libinit$$0000001B  c_w.l(libinit2.o)
    0x08000222   0x08000222   0x00000000   Code   RO         3874    .ARM.Collect$$libinit$$0000001D  c_w.l(libinit2.o)
    0x08000222   0x08000222   0x00000000   Code   RO         3876    .ARM.Collect$$libinit$$0000001F  c_w.l(libinit2.o)
    0x08000222   0x08000222   0x00000000   Code   RO         3878    .ARM.Collect$$libinit$$00000021  c_w.l(libinit2.o)
    0x08000222   0x08000222   0x00000000   Code   RO         3880    .ARM.Collect$$libinit$$00000023  c_w.l(libinit2.o)
    0x08000222   0x08000222   0x00000000   Code   RO         3882    .ARM.Collect$$libinit$$00000025  c_w.l(libinit2.o)
    0x08000222   0x08000222   0x00000000   Code   RO         3886    .ARM.Collect$$libinit$$0000002C  c_w.l(libinit2.o)
    0x08000222   0x08000222   0x00000000   Code   RO         3888    .ARM.Collect$$libinit$$0000002E  c_w.l(libinit2.o)
    0x08000222   0x08000222   0x00000000   Code   RO         3890    .ARM.Collect$$libinit$$00000030  c_w.l(libinit2.o)
    0x08000222   0x08000222   0x00000004   Code   RO         3891    .ARM.Collect$$libinit$$00000031  c_w.l(libinit2.o)
    0x08000226   0x08000226   0x00000000   Code   RO         3892    .ARM.Collect$$libinit$$00000032  c_w.l(libinit2.o)
    0x08000226   0x08000226   0x00000002   Code   RO         3893    .ARM.Collect$$libinit$$00000033  c_w.l(libinit2.o)
    0x08000228   0x08000228   0x00000002   Code   RO         4195    .ARM.Collect$$libshutdown$$00000000  c_w.l(libshutdown.o)
    0x0800022a   0x0800022a   0x00000000   Code   RO         4211    .ARM.Collect$$libshutdown$$00000002  c_w.l(libshutdown2.o)
    0x0800022a   0x0800022a   0x00000000   Code   RO         4213    .ARM.Collect$$libshutdown$$00000004  c_w.l(libshutdown2.o)
    0x0800022a   0x0800022a   0x00000000   Code   RO         4216    .ARM.Collect$$libshutdown$$00000007  c_w.l(libshutdown2.o)
    0x0800022a   0x0800022a   0x00000000   Code   RO         4219    .ARM.Collect$$libshutdown$$0000000A  c_w.l(libshutdown2.o)
    0x0800022a   0x0800022a   0x00000000   Code   RO         4221    .ARM.Collect$$libshutdown$$0000000C  c_w.l(libshutdown2.o)
    0x0800022a   0x0800022a   0x00000000   Code   RO         4224    .ARM.Collect$$libshutdown$$0000000F  c_w.l(libshutdown2.o)
    0x0800022a   0x0800022a   0x00000002   Code   RO         4225    .ARM.Collect$$libshutdown$$00000010  c_w.l(libshutdown2.o)
    0x0800022c   0x0800022c   0x00000000   Code   RO         3751    .ARM.Collect$$rtentry$$00000000  c_w.l(__rtentry.o)
    0x0800022c   0x0800022c   0x00000000   Code   RO         3930    .ARM.Collect$$rtentry$$00000002  c_w.l(__rtentry2.o)
    0x0800022c   0x0800022c   0x00000006   Code   RO         3942    .ARM.Collect$$rtentry$$00000004  c_w.l(__rtentry4.o)
    0x08000232   0x08000232   0x00000000   Code   RO         3932    .ARM.Collect$$rtentry$$00000009  c_w.l(__rtentry2.o)
    0x08000232   0x08000232   0x00000004   Code   RO         3933    .ARM.Collect$$rtentry$$0000000A  c_w.l(__rtentry2.o)
    0x08000236   0x08000236   0x00000000   Code   RO         3935    .ARM.Collect$$rtentry$$0000000C  c_w.l(__rtentry2.o)
    0x08000236   0x08000236   0x00000008   Code   RO         3936    .ARM.Collect$$rtentry$$0000000D  c_w.l(__rtentry2.o)
    0x0800023e   0x0800023e   0x00000002   Code   RO         4042    .ARM.Collect$$rtexit$$00000000  c_w.l(rtexit.o)
    0x08000240   0x08000240   0x00000000   Code   RO         4135    .ARM.Collect$$rtexit$$00000002  c_w.l(rtexit2.o)
    0x08000240   0x08000240   0x00000004   Code   RO         4136    .ARM.Collect$$rtexit$$00000003  c_w.l(rtexit2.o)
    0x08000244   0x08000244   0x00000006   Code   RO         4137    .ARM.Collect$$rtexit$$00000004  c_w.l(rtexit2.o)
    0x0800024a   0x0800024a   0x00000002   PAD
    0x0800024c   0x0800024c   0x00000040   Code   RO            4    .text               startup_stm32f407xx.o
    0x0800028c   0x0800028c   0x000000ee   Code   RO         3700    .text               c_w.l(lludivv7m.o)
    0x0800037a   0x0800037a   0x0000004e   Code   RO         3704    .text               c_w.l(rt_memclr_w.o)
    0x080003c8   0x080003c8   0x00000080   Code   RO         3706    .text               c_w.l(strcmpv7m.o)
    0x08000448   0x08000448   0x00000006   Code   RO         3708    .text               c_w.l(heapauxi.o)
    0x0800044e   0x0800044e   0x00000002   PAD
    0x08000450   0x08000450   0x00000024   Code   RO         3715    .text               c_w.l(init_aeabi.o)
    0x08000474   0x08000474   0x00000016   Code   RO         3756    .text               c_w.l(_rserrno.o)
    0x0800048a   0x0800048a   0x00000002   PAD
    0x0800048c   0x0800048c   0x00000008   Code   RO         3949    .text               c_w.l(rt_errno_addr_intlibspace.o)
    0x08000494   0x08000494   0x00000008   Code   RO         3973    .text               c_w.l(libspace.o)
    0x0800049c   0x0800049c   0x0000004a   Code   RO         3976    .text               c_w.l(sys_stackheap_outer.o)
    0x080004e6   0x080004e6   0x00000012   Code   RO         4015    .text               c_w.l(exit.o)
    0x080004f8   0x080004f8   0x0000000c   Code   RO         4127    .text               c_w.l(sys_exit.o)
    0x08000504   0x08000504   0x00000002   Code   RO         4129    .text               c_w.l(use_no_semi.o)
    0x08000506   0x08000506   0x00000000   Code   RO         4133    .text               c_w.l(indicate_semi.o)
    0x08000506   0x08000506   0x00000004   Code   RO          524    i.BusFault_Handler  stm32f4xx_it.o
    0x0800050a   0x0800050a   0x00000002   PAD
    0x0800050c   0x0800050c   0x00000010   Code   RO          525    i.CAN1_RX0_IRQHandler  stm32f4xx_it.o
    0x0800051c   0x0800051c   0x00000010   Code   RO          526    i.CAN2_RX0_IRQHandler  stm32f4xx_it.o
    0x0800052c   0x0800052c   0x00000010   Code   RO          527    i.DMA1_Stream1_IRQHandler  stm32f4xx_it.o
    0x0800053c   0x0800053c   0x00000010   Code   RO          528    i.DMA2_Stream2_IRQHandler  stm32f4xx_it.o
    0x0800054c   0x0800054c   0x00000010   Code   RO          529    i.DMA2_Stream7_IRQHandler  stm32f4xx_it.o
    0x0800055c   0x0800055c   0x00000002   Code   RO          530    i.DebugMon_Handler  stm32f4xx_it.o
    0x0800055e   0x0800055e   0x00000006   Code   RO           13    i.Error_Handler     main.o
    0x08000564   0x08000564   0x0000002a   Code   RO          698    i.HAL_CAN_ActivateNotification  stm32f4xx_hal_can.o
    0x0800058e   0x0800058e   0x0000014a   Code   RO          699    i.HAL_CAN_AddTxMessage  stm32f4xx_hal_can.o
    0x080006d8   0x080006d8   0x00000124   Code   RO          700    i.HAL_CAN_ConfigFilter  stm32f4xx_hal_can.o
    0x080007fc   0x080007fc   0x00000002   Code   RO          703    i.HAL_CAN_ErrorCallback  stm32f4xx_hal_can.o
    0x080007fe   0x080007fe   0x00000194   Code   RO          706    i.HAL_CAN_GetRxMessage  stm32f4xx_hal_can.o
    0x08000992   0x08000992   0x0000024e   Code   RO          710    i.HAL_CAN_IRQHandler  stm32f4xx_hal_can.o
    0x08000be0   0x08000be0   0x00000174   Code   RO          711    i.HAL_CAN_Init      stm32f4xx_hal_can.o
    0x08000d54   0x08000d54   0x00000160   Code   RO          392    i.HAL_CAN_MspInit   can.o
    0x08000eb4   0x08000eb4   0x00000002   Code   RO          718    i.HAL_CAN_RxFifo0FullCallback  stm32f4xx_hal_can.o
    0x08000eb6   0x08000eb6   0x00000002   PAD
    0x08000eb8   0x08000eb8   0x000001b0   Code   RO         3532    i.HAL_CAN_RxFifo0MsgPendingCallback  drv_can_receive.o
    0x08001068   0x08001068   0x00000002   Code   RO          720    i.HAL_CAN_RxFifo1FullCallback  stm32f4xx_hal_can.o
    0x0800106a   0x0800106a   0x00000002   Code   RO          721    i.HAL_CAN_RxFifo1MsgPendingCallback  stm32f4xx_hal_can.o
    0x0800106c   0x0800106c   0x00000002   Code   RO          722    i.HAL_CAN_SleepCallback  stm32f4xx_hal_can.o
    0x0800106e   0x0800106e   0x0000005e   Code   RO          723    i.HAL_CAN_Start     stm32f4xx_hal_can.o
    0x080010cc   0x080010cc   0x00000002   Code   RO          725    i.HAL_CAN_TxMailbox0AbortCallback  stm32f4xx_hal_can.o
    0x080010ce   0x080010ce   0x00000002   Code   RO          726    i.HAL_CAN_TxMailbox0CompleteCallback  stm32f4xx_hal_can.o
    0x080010d0   0x080010d0   0x00000002   Code   RO          727    i.HAL_CAN_TxMailbox1AbortCallback  stm32f4xx_hal_can.o
    0x080010d2   0x080010d2   0x00000002   Code   RO          728    i.HAL_CAN_TxMailbox1CompleteCallback  stm32f4xx_hal_can.o
    0x080010d4   0x080010d4   0x00000002   Code   RO          729    i.HAL_CAN_TxMailbox2AbortCallback  stm32f4xx_hal_can.o
    0x080010d6   0x080010d6   0x00000002   Code   RO          730    i.HAL_CAN_TxMailbox2CompleteCallback  stm32f4xx_hal_can.o
    0x080010d8   0x080010d8   0x00000002   Code   RO          732    i.HAL_CAN_WakeUpFromRxMsgCallback  stm32f4xx_hal_can.o
    0x080010da   0x080010da   0x000000ac   Code   RO         1536    i.HAL_DMA_Abort     stm32f4xx_hal_dma.o
    0x08001186   0x08001186   0x00000028   Code   RO         1537    i.HAL_DMA_Abort_IT  stm32f4xx_hal_dma.o
    0x080011ae   0x080011ae   0x00000002   PAD
    0x080011b0   0x080011b0   0x00000240   Code   RO         1541    i.HAL_DMA_IRQHandler  stm32f4xx_hal_dma.o
    0x080013f0   0x080013f0   0x000000ec   Code   RO         1542    i.HAL_DMA_Init      stm32f4xx_hal_dma.o
    0x080014dc   0x080014dc   0x00000092   Code   RO         1545    i.HAL_DMA_Start_IT  stm32f4xx_hal_dma.o
    0x0800156e   0x0800156e   0x00000002   PAD
    0x08001570   0x08001570   0x00000028   Code   RO         2042    i.HAL_Delay         stm32f4xx_hal.o
    0x08001598   0x08001598   0x000001f4   Code   RO         1420    i.HAL_GPIO_Init     stm32f4xx_hal_gpio.o
    0x0800178c   0x0800178c   0x0000000c   Code   RO         2048    i.HAL_GetTick       stm32f4xx_hal.o
    0x08001798   0x08001798   0x00000018   Code   RO         2054    i.HAL_IncTick       stm32f4xx_hal.o
    0x080017b0   0x080017b0   0x0000003c   Code   RO         2055    i.HAL_Init          stm32f4xx_hal.o
    0x080017ec   0x080017ec   0x0000004c   Code   RO         2056    i.HAL_InitTick      stm32f4xx_hal.o
    0x08001838   0x08001838   0x00000048   Code   RO          672    i.HAL_MspInit       stm32f4xx_hal_msp.o
    0x08001880   0x08001880   0x00000028   Code   RO         1862    i.HAL_NVIC_EnableIRQ  stm32f4xx_hal_cortex.o
    0x080018a8   0x080018a8   0x0000007c   Code   RO         1868    i.HAL_NVIC_SetPriority  stm32f4xx_hal_cortex.o
    0x08001924   0x08001924   0x00000028   Code   RO         1869    i.HAL_NVIC_SetPriorityGrouping  stm32f4xx_hal_cortex.o
    0x0800194c   0x0800194c   0x00000184   Code   RO          968    i.HAL_RCC_ClockConfig  stm32f4xx_hal_rcc.o
    0x08001ad0   0x08001ad0   0x0000000c   Code   RO          973    i.HAL_RCC_GetHCLKFreq  stm32f4xx_hal_rcc.o
    0x08001adc   0x08001adc   0x00000020   Code   RO          975    i.HAL_RCC_GetPCLK1Freq  stm32f4xx_hal_rcc.o
    0x08001afc   0x08001afc   0x00000020   Code   RO          976    i.HAL_RCC_GetPCLK2Freq  stm32f4xx_hal_rcc.o
    0x08001b1c   0x08001b1c   0x000000b0   Code   RO          977    i.HAL_RCC_GetSysClockFreq  stm32f4xx_hal_rcc.o
    0x08001bcc   0x08001bcc   0x0000049c   Code   RO          980    i.HAL_RCC_OscConfig  stm32f4xx_hal_rcc.o
    0x08002068   0x08002068   0x00000034   Code   RO         1873    i.HAL_SYSTICK_Config  stm32f4xx_hal_cortex.o
    0x0800209c   0x0800209c   0x00000072   Code   RO         2339    i.HAL_UARTEx_ReceiveToIdle_DMA  stm32f4xx_hal_uart.o
    0x0800210e   0x0800210e   0x00000002   PAD
    0x08002110   0x08002110   0x00000128   Code   RO         3162    i.HAL_UARTEx_RxEventCallback  drv_uart.o
    0x08002238   0x08002238   0x00000002   Code   RO         2355    i.HAL_UART_ErrorCallback  stm32f4xx_hal_uart.o
    0x0800223a   0x0800223a   0x00000002   PAD
    0x0800223c   0x0800223c   0x000002e8   Code   RO         2358    i.HAL_UART_IRQHandler  stm32f4xx_hal_uart.o
    0x08002524   0x08002524   0x00000076   Code   RO         2359    i.HAL_UART_Init     stm32f4xx_hal_uart.o
    0x0800259a   0x0800259a   0x00000002   PAD
    0x0800259c   0x0800259c   0x00000230   Code   RO          473    i.HAL_UART_MspInit  usart.o
    0x080027cc   0x080027cc   0x00000002   Code   RO         2365    i.HAL_UART_RxCpltCallback  stm32f4xx_hal_uart.o
    0x080027ce   0x080027ce   0x00000002   Code   RO         2366    i.HAL_UART_RxHalfCpltCallback  stm32f4xx_hal_uart.o
    0x080027d0   0x080027d0   0x0000008c   Code   RO         2368    i.HAL_UART_Transmit_DMA  stm32f4xx_hal_uart.o
    0x0800285c   0x0800285c   0x00000002   Code   RO         2370    i.HAL_UART_TxCpltCallback  stm32f4xx_hal_uart.o
    0x0800285e   0x0800285e   0x00000002   Code   RO         2371    i.HAL_UART_TxHalfCpltCallback  stm32f4xx_hal_uart.o
    0x08002860   0x08002860   0x00000004   Code   RO          531    i.HardFault_Handler  stm32f4xx_it.o
    0x08002864   0x08002864   0x00000048   Code   RO          393    i.MX_CAN1_Init      can.o
    0x080028ac   0x080028ac   0x00000044   Code   RO          394    i.MX_CAN2_Init      can.o
    0x080028f0   0x080028f0   0x00000078   Code   RO          444    i.MX_DMA_Init       dma.o
    0x08002968   0x08002968   0x000000a0   Code   RO          276    i.MX_GPIO_Init      gpio.o
    0x08002a08   0x08002a08   0x00000038   Code   RO          474    i.MX_USART1_UART_Init  usart.o
    0x08002a40   0x08002a40   0x00000040   Code   RO          475    i.MX_USART3_UART_Init  usart.o
    0x08002a80   0x08002a80   0x00000004   Code   RO          532    i.MemManage_Handler  stm32f4xx_it.o
    0x08002a84   0x08002a84   0x00000004   Code   RO          533    i.NMI_Handler       stm32f4xx_it.o
    0x08002a88   0x08002a88   0x00000002   Code   RO          534    i.PendSV_Handler    stm32f4xx_it.o
    0x08002a8a   0x08002a8a   0x00000002   Code   RO          535    i.SVC_Handler       stm32f4xx_it.o
    0x08002a8c   0x08002a8c   0x00000008   Code   RO          536    i.SysTick_Handler   stm32f4xx_it.o
    0x08002a94   0x08002a94   0x00000014   Code   RO         2765    i.SystemInit        system_stm32f4xx.o
    0x08002aa8   0x08002aa8   0x000000c8   Code   RO         2372    i.UART_Start_Receive_DMA  stm32f4xx_hal_uart.o
    0x08002b70   0x08002b70   0x00000010   Code   RO          537    i.USART1_IRQHandler  stm32f4xx_it.o
    0x08002b80   0x08002b80   0x0000012c   Code   RO          538    i.USART3_IRQHandler  stm32f4xx_it.o
    0x08002cac   0x08002cac   0x00000004   Code   RO          539    i.UsageFault_Handler  stm32f4xx_it.o
    0x08002cb0   0x08002cb0   0x0000007c   Code   RO         3327    i._Z10sbus_to_rcPVKhP9RC_ctrl_t  remote_control.o
    0x08002d2c   0x08002d2c   0x00000050   Code   RO         3533    i._Z13CAN_cmd_shootssss  drv_can_receive.o
    0x08002d7c   0x08002d7c   0x00000014   Code   RO         3163    i._Z14UART_Send_DataP20__UART_HandleTypeDefPht  drv_uart.o
    0x08002d90   0x08002d90   0x00000050   Code   RO         3535    i._Z15CAN_cmd_chassisssss  drv_can_receive.o
    0x08002de0   0x08002de0   0x0000005c   Code   RO         2928    i._Z15can_filter_initv  bsp_can.o
    0x08002e3c   0x08002e3c   0x00000050   Code   RO         3536    i._Z16CAN_cmd_frictionssss  drv_can_receive.o
    0x08002e8c   0x08002e8c   0x000000b4   Code   RO           15    i._Z18SystemClock_Configv  main.o
    0x08002f40   0x08002f40   0x00000018   Code   RO         2892    i._Z18usart1_tx_dma_initv  bsp_usart.o
    0x08002f58   0x08002f58   0x00000014   Code   RO         3329    i._Z19remote_control_initv  remote_control.o
    0x08002f6c   0x08002f6c   0x00000008   Code   RO         3330    i._Z24get_remote_control_pointv  remote_control.o
    0x08002f74   0x08002f74   0x000000dc   Code   RO           16    i._Z25UART_Serialplot_Call_BackPht  main.o
    0x08003050   0x08003050   0x00000018   Code   RO         3164    i._Z30TIM_UART_PeriodElapsedCallbackv  drv_uart.o
    0x08003068   0x08003068   0x00000018   Code   RO         3538    i._Z31get_chassis_motor_measure_pointh  drv_can_receive.o
    0x08003080   0x08003080   0x00000008   Code   RO         3539    i._Z31get_trigger_motor_measure_pointv  drv_can_receive.o
    0x08003088   0x08003088   0x00000018   Code   RO         3540    i._Z32get_friction_motor_measure_pointh  drv_can_receive.o
    0x080030a0   0x080030a0   0x00000008   Code   RO         3541    i._Z34get_yaw_gimbal_motor_measure_pointv  drv_can_receive.o
    0x080030a8   0x080030a8   0x00000008   Code   RO         3542    i._Z36get_pitch_gimbal_motor_measure_pointv  drv_can_receive.o
    0x080030b0   0x080030b0   0x0000009c   Code   RO         2803    i._Z7RC_initPhS_t   bsp_rc.o
    0x0800314c   0x0800314c   0x00000110   Code   RO         3165    i._Z9UART_InitP20__UART_HandleTypeDefPFvPhtEt  drv_uart.o
    0x0800325c   0x0800325c   0x00000008   Code   RO         3439    i._ZN16Class_Serialplot18Get_Variable_IndexEv  dvc_serialplot.o
    0x08003264   0x08003264   0x00000018   Code   RO         3440    i._ZN16Class_Serialplot18Get_Variable_ValueEv  dvc_serialplot.o
    0x0800327c   0x0800327c   0x00000060   Code   RO         3441    i._ZN16Class_Serialplot19Judge_Variable_NameEv  dvc_serialplot.o
    0x080032dc   0x080032dc   0x00000018   Code   RO         3442    i._ZN16Class_Serialplot19UART_RxCpltCallbackEPh  dvc_serialplot.o
    0x080032f4   0x080032f4   0x000000dc   Code   RO         3443    i._ZN16Class_Serialplot20Judge_Variable_ValueEi  dvc_serialplot.o
    0x080033d0   0x080033d0   0x0000000c   Code   RO         3444    i._ZN16Class_Serialplot31TIM_Write_PeriodElapsedCallbackEv  dvc_serialplot.o
    0x080033dc   0x080033dc   0x00000098   Code   RO         3445    i._ZN16Class_Serialplot4InitEP20__UART_HandleTypeDefhPPc25Enum_Serialplot_Data_Typeh  dvc_serialplot.o
    0x08003474   0x08003474   0x000000e0   Code   RO         3446    i._ZN16Class_Serialplot6OutputEv  dvc_serialplot.o
    0x08003554   0x08003554   0x0000003a   Code   RO         3447    i._ZN16Class_Serialplot8Set_DataEhz  dvc_serialplot.o
    0x0800358e   0x0800358e   0x00000112   Code   RO         3634    i._ZN18Class_Motor_GM602013PID_CalculateEv  dvc_motor.o
    0x080036a0   0x080036a0   0x00000006   Code   RO           90    i._ZN18Class_Motor_GM602016Set_Target_AngleEf  main.o
    0x080036a6   0x080036a6   0x0000000e   Code   RO         3635    i._ZN18Class_Motor_GM60204InitEP17CAN_HandleTypeDef29Enum_Motor_DJI_Control_Methodff  dvc_motor.o
    0x080036b4   0x080036b4   0x000000d8   Code   RO           78    i._ZN18Class_Motor_GM6020C1Ev  main.o
    0x0800378c   0x0800378c   0x00000124   Code   RO         3636    i._ZN20Class_Motor_DJI_C61013PID_CalculateEv  dvc_motor.o
    0x080038b0   0x080038b0   0x0000000e   Code   RO         3637    i._ZN20Class_Motor_DJI_C6104InitEP17CAN_HandleTypeDef29Enum_Motor_DJI_Control_Methodff  dvc_motor.o
    0x080038be   0x080038be   0x00000002   PAD
    0x080038c0   0x080038c0   0x00000124   Code   RO         3638    i._ZN20Class_Motor_DJI_C62013PID_CalculateEv  dvc_motor.o
    0x080039e4   0x080039e4   0x00000006   Code   RO           84    i._ZN20Class_Motor_DJI_C62016Set_Target_OmegaEf  main.o
    0x080039ea   0x080039ea   0x0000000e   Code   RO         3639    i._ZN20Class_Motor_DJI_C6204InitEP17CAN_HandleTypeDef29Enum_Motor_DJI_Control_Methodff  dvc_motor.o
    0x080039f8   0x080039f8   0x000000bc   Code   RO           81    i._ZN20Class_Motor_DJI_C620C1Ev  main.o
    0x08003ab4   0x08003ab4   0x0000002c   Code   RO         1548    i._ZN41_INTERNAL_19_stm32f4xx_hal_dma_c_c25f65ec13DMA_SetConfigEP19__DMA_HandleTypeDefjjj  stm32f4xx_hal_dma.o
    0x08003ae0   0x08003ae0   0x000000aa   Code   RO         1549    i._ZN41_INTERNAL_19_stm32f4xx_hal_dma_c_c25f65ec18DMA_CheckFifoParamEP19__DMA_HandleTypeDef  stm32f4xx_hal_dma.o
    0x08003b8a   0x08003b8a   0x00000002   PAD
    0x08003b8c   0x08003b8c   0x00000034   Code   RO         1550    i._ZN41_INTERNAL_19_stm32f4xx_hal_dma_c_c25f65ec23DMA_CalcBaseAndBitshiftEP19__DMA_HandleTypeDef  stm32f4xx_hal_dma.o
    0x08003bc0   0x08003bc0   0x00000050   Code   RO         2374    i._ZN42_INTERNAL_20_stm32f4xx_hal_uart_c_d497114f13UART_DMAErrorEP19__DMA_HandleTypeDef  stm32f4xx_hal_uart.o
    0x08003c10   0x08003c10   0x0000022c   Code   RO         2375    i._ZN42_INTERNAL_20_stm32f4xx_hal_uart_c_d497114f14UART_SetConfigEP20__UART_HandleTypeDef  stm32f4xx_hal_uart.o
    0x08003e3c   0x08003e3c   0x000000fc   Code   RO         2376    i._ZN42_INTERNAL_20_stm32f4xx_hal_uart_c_d497114f15UART_Receive_ITEP20__UART_HandleTypeDef  stm32f4xx_hal_uart.o
    0x08003f38   0x08003f38   0x00000060   Code   RO         2377    i._ZN42_INTERNAL_20_stm32f4xx_hal_uart_c_d497114f16UART_Transmit_ITEP20__UART_HandleTypeDef  stm32f4xx_hal_uart.o
    0x08003f98   0x08003f98   0x00000024   Code   RO         2378    i._ZN42_INTERNAL_20_stm32f4xx_hal_uart_c_d497114f18UART_DMARxHalfCpltEP19__DMA_HandleTypeDef  stm32f4xx_hal_uart.o
    0x08003fbc   0x08003fbc   0x0000000e   Code   RO         2379    i._ZN42_INTERNAL_20_stm32f4xx_hal_uart_c_d497114f18UART_DMATxHalfCpltEP19__DMA_HandleTypeDef  stm32f4xx_hal_uart.o
    0x08003fca   0x08003fca   0x0000006c   Code   RO         2380    i._ZN42_INTERNAL_20_stm32f4xx_hal_uart_c_d497114f18UART_EndRxTransferEP20__UART_HandleTypeDef  stm32f4xx_hal_uart.o
    0x08004036   0x08004036   0x00000026   Code   RO         2381    i._ZN42_INTERNAL_20_stm32f4xx_hal_uart_c_d497114f18UART_EndTxTransferEP20__UART_HandleTypeDef  stm32f4xx_hal_uart.o
    0x0800405c   0x0800405c   0x000000b4   Code   RO         2382    i._ZN42_INTERNAL_20_stm32f4xx_hal_uart_c_d497114f19UART_DMAReceiveCpltEP19__DMA_HandleTypeDef  stm32f4xx_hal_uart.o
    0x08004110   0x08004110   0x00000020   Code   RO         2383    i._ZN42_INTERNAL_20_stm32f4xx_hal_uart_c_d497114f19UART_EndTransmit_ITEP20__UART_HandleTypeDef  stm32f4xx_hal_uart.o
    0x08004130   0x08004130   0x00000014   Code   RO         2384    i._ZN42_INTERNAL_20_stm32f4xx_hal_uart_c_d497114f20UART_DMAAbortOnErrorEP19__DMA_HandleTypeDef  stm32f4xx_hal_uart.o
    0x08004144   0x08004144   0x00000058   Code   RO         2385    i._ZN42_INTERNAL_20_stm32f4xx_hal_uart_c_d497114f20UART_DMATransmitCpltEP19__DMA_HandleTypeDef  stm32f4xx_hal_uart.o
    0x0800419c   0x0800419c   0x00000028   Code   RO         1875    i._ZN44_INTERNAL_22_stm32f4xx_hal_cortex_c_2992dbc018__NVIC_SetPriorityE9IRQn_Typej  stm32f4xx_hal_cortex.o
    0x080041c4   0x080041c4   0x00000010   Code   RO         1876    i._ZN44_INTERNAL_22_stm32f4xx_hal_cortex_c_2992dbc026__NVIC_GetPriorityGroupingEv  stm32f4xx_hal_cortex.o
    0x080041d4   0x080041d4   0x00000006   Code   RO         3212    i._ZN9Class_PID10Set_TargetEf  alg_pid.o
    0x080041da   0x080041da   0x00000002   PAD
    0x080041dc   0x080041dc   0x00000274   Code   RO         3220    i._ZN9Class_PID32TIM_Adjust_PeriodElapsedCallbackEv  alg_pid.o
    0x08004450   0x08004450   0x00000030   Code   RO         3221    i._ZN9Class_PID4InitEfffffffffff16Enum_PID_D_First  alg_pid.o
    0x08004480   0x08004480   0x00000006   Code   RO         3222    i._ZN9Class_PID7Get_OutEv  alg_pid.o
    0x08004486   0x08004486   0x00000006   Code   RO         3226    i._ZN9Class_PID7Set_K_PEf  alg_pid.o
    0x0800448c   0x0800448c   0x00000006   Code   RO         3227    i._ZN9Class_PID7Set_NowEf  alg_pid.o
    0x08004492   0x08004492   0x00000002   PAD
    0x08004494   0x08004494   0x00000090   Code   RO           75    i._ZN9Class_PIDC1Ev  main.o
    0x08004524   0x08004524   0x00000026   Code   RO         3910    i.__ARM_fpclassifyf  m_wm.l(fpclassifyf.o)
    0x0800454a   0x0800454a   0x00000024   Code   RO         3718    i.__aeabi_vec_ctor_nocookie_nodtor  cpprt_w.l(aeabi_vec_ctor_nocookie_nodtor.o)
    0x0800456e   0x0800456e   0x00000002   PAD
    0x08004570   0x08004570   0x00000664   Code   RO         3725    i.__hardfp_powf     m_wm.l(powf.o)
    0x08004bd4   0x08004bd4   0x00000014   Code   RO         3912    i.__mathlib_flt_divzero  m_wm.l(funder.o)
    0x08004be8   0x08004be8   0x00000006   Code   RO         3914    i.__mathlib_flt_infnan2  m_wm.l(funder.o)
    0x08004bee   0x08004bee   0x00000002   PAD
    0x08004bf0   0x08004bf0   0x00000010   Code   RO         3915    i.__mathlib_flt_invalid  m_wm.l(funder.o)
    0x08004c00   0x08004c00   0x00000010   Code   RO         3916    i.__mathlib_flt_overflow  m_wm.l(funder.o)
    0x08004c10   0x08004c10   0x00000010   Code   RO         3918    i.__mathlib_flt_underflow  m_wm.l(funder.o)
    0x08004c20   0x08004c20   0x00000118   Code   RO           17    i.__sti___6_main_c_18ce1bfb  main.o
    0x08004d38   0x08004d38   0x00000dc4   Code   RO           18    i.main              main.o
    0x08005afc   0x08005afc   0x00000028   Code   RO           68    t._Z14Math_ConstrainIfEvPT_S0_S0_  main.o
    0x08005b24   0x08005b24   0x0000001a   Code   RO         3139    t._Z8Math_AbsIfET_S0_  drv_math.o
    0x08005b3e   0x08005b3e   0x00000002   PAD
    0x08005b40   0x08005b40   0x00000062   Code   RO         3721    x$fpl$d2f           fz_wm.l(d2f.o)
    0x08005ba2   0x08005ba2   0x0000009c   Code   RO         3897    x$fpl$dnaninf       fz_wm.l(dnaninf.o)
    0x08005c3e   0x08005c3e   0x0000000c   Code   RO         3899    x$fpl$dretinf       fz_wm.l(dretinf.o)
    0x08005c4a   0x08005c4a   0x00000002   PAD
    0x08005c4c   0x08005c4c   0x00000056   Code   RO         3723    x$fpl$f2d           fz_wm.l(f2d.o)
    0x08005ca2   0x08005ca2   0x0000008c   Code   RO         3901    x$fpl$fnaninf       fz_wm.l(fnaninf.o)
    0x08005d2e   0x08005d2e   0x0000000a   Code   RO         3971    x$fpl$fpinit        fz_wm.l(fpinit.o)
    0x08005d38   0x08005d38   0x0000000a   Code   RO         3903    x$fpl$fretinf       fz_wm.l(fretinf.o)
    0x08005d42   0x08005d42   0x00000000   Code   RO         3909    x$fpl$usenofp       fz_wm.l(usenofp.o)
    0x08005d42   0x08005d42   0x00000008   Data   RO         1566    .constdata          stm32f4xx_hal_dma.o
    0x08005d4a   0x08005d4a   0x00000018   Data   RO         2768    .constdata          system_stm32f4xx.o
    0x08005d62   0x08005d62   0x00000002   PAD
    0x08005d64   0x08005d64   0x00000140   Data   RO         3728    .constdata          m_wm.l(powf.o)
    0x08005ea4   0x08005ea4   0x00000020   Data   RO         4230    Region$$Table       anon$$obj.o
    0x08005ec4   0x08005ec4   0x00000004   Data   RO           27    .init_array         main.o
    0x08005ec8   0x08005ec4   0x00000000   Data   RO         3713    .init_array         c_w.l(init_aeabi.o)


    Execution Region RW_IRAM2 (Exec base: 0x10000000, Load base: 0x08005f28, Size: 0x00000000, Max: 0x00010000, ABSOLUTE)

    **** No section assigned to this execution region ****


    Execution Region RW_IRAM1 (Exec base: 0x20000000, Load base: 0x08005ec8, Size: 0x00002ce0, Max: 0x00020000, ABSOLUTE, COMPRESSED[0x00000060])

    Exec Addr    Load Addr    Size         Type   Attr      Idx    E Section Name        Object

    0x20000000   COMPRESSED   0x0000029a   Data   RW           26    .data               main.o
    0x2000029a   COMPRESSED   0x00000002   PAD
    0x2000029c   COMPRESSED   0x00000004   Data   RW          400    .data               can.o
    0x200002a0   COMPRESSED   0x00000002   Data   RW          556    .data               stm32f4xx_it.o
    0x200002a2   COMPRESSED   0x00000002   PAD
    0x200002a4   COMPRESSED   0x00000009   Data   RW         2089    .data               stm32f4xx_hal.o
    0x200002ad   COMPRESSED   0x00000003   PAD
    0x200002b0   COMPRESSED   0x00000004   Data   RW         2769    .data               system_stm32f4xx.o
    0x200002b4   COMPRESSED   0x00000012   Data   RW         3555    .data               drv_can_receive.o
    0x200002c6   COMPRESSED   0x00000002   PAD
    0x200002c8        -       0x00001024   Zero   RW           25    .bss                main.o
    0x200012ec        -       0x00000050   Zero   RW          399    .bss                can.o
    0x2000133c        -       0x000001b0   Zero   RW          480    .bss                usart.o
    0x200014ec        -       0x00001060   Zero   RW         3170    .bss                drv_uart.o
    0x2000254c        -       0x00000072   Zero   RW         3335    .bss                remote_control.o
    0x200025be   COMPRESSED   0x00000002   PAD
    0x200025c0        -       0x000000bc   Zero   RW         3554    .bss                drv_can_receive.o
    0x2000267c        -       0x00000060   Zero   RW         3974    .bss                c_w.l(libspace.o)
    0x200026dc   COMPRESSED   0x00000004   PAD
    0x200026e0        -       0x00000200   Zero   RW            2    HEAP                startup_stm32f407xx.o
    0x200028e0        -       0x00000400   Zero   RW            1    STACK               startup_stm32f407xx.o


==============================================================================

Image component sizes


      Code (inc. data)   RO Data    RW Data    ZI Data      Debug   Object Name

       700          6          0          0          0       5796   alg_pid.o
        92          8          0          0          0        614   bsp_can.o
       156         14          0          0          0     594558   bsp_rc.o
        24          6          0          0          0        497   bsp_usart.o
       492         44          0          4         80       2602   can.o
       120          6          0          0          0        894   dma.o
       744        102          0         18        188       8558   drv_can_receive.o
        26          0          0          0          0        651   drv_math.o
       612        108          0          0       4192       4778   drv_uart.o
       900          8          0          0          0       9936   dvc_motor.o
       818         56          0          0          0      10155   dvc_serialplot.o
       160          4          0          0          0     664707   gpio.o
      4810        636          4        666       4132     686944   main.o
       152          8          0          0        114     587209   remote_control.o
        64         26        392          0       1536        868   startup_stm32f407xx.o
       212         36          0          9          0       9629   stm32f4xx_hal.o
      2148          6          0          0          0      14947   stm32f4xx_hal_can.o
       312         22          0          0          0      34535   stm32f4xx_hal_cortex.o
      1436         16          8          0          0       7294   stm32f4xx_hal_dma.o
       500         46          0          0          0       1532   stm32f4xx_hal_gpio.o
        72          4          0          0          0        934   stm32f4xx_hal_msp.o
      1820         84          0          0          0       5816   stm32f4xx_hal_rcc.o
      2826         40          0          0          0      17631   stm32f4xx_hal_uart.o
       430         66          0          2          0      10491   stm32f4xx_it.o
        20          6         24          4          0       1231   system_stm32f4xx.o
       680         70          0          0        432       2884   usart.o

    ----------------------------------------------------------------------
     20350       1428        462        712      10676    2685691   Object Totals
         0          0         32          0          0          0   (incl. Generated)
        24          0          2          9          2          0   (incl. Padding)

    ----------------------------------------------------------------------

      Code (inc. data)   RO Data    RW Data    ZI Data      Debug   Library Member Name

        58          0          0          0          0          0   __dczerorl.o
         8          0          0          0          0         68   __main.o
         0          0          0          0          0          0   __rtentry.o
        12          0          0          0          0          0   __rtentry2.o
         6          0          0          0          0          0   __rtentry4.o
        52          8          0          0          0          0   __scatter.o
        28          0          0          0          0          0   __scatter_zi.o
        22          0          0          0          0        100   _rserrno.o
        18          0          0          0          0         80   exit.o
         6          0          0          0          0        152   heapauxi.o
         0          0          0          0          0          0   indicate_semi.o
        36         10          0          0          0         80   init_aeabi.o
         2          0          0          0          0          0   libinit.o
        10          0          0          0          0          0   libinit2.o
         2          0          0          0          0          0   libshutdown.o
         2          0          0          0          0          0   libshutdown2.o
         8          4          0          0         96         68   libspace.o
       238          0          0          0          0        100   lludivv7m.o
         8          4          0          0          0         68   rt_errno_addr_intlibspace.o
        78          0          0          0          0         80   rt_memclr_w.o
         2          0          0          0          0          0   rtexit.o
        10          0          0          0          0          0   rtexit2.o
       128          0          0          0          0         68   strcmpv7m.o
        12          4          0          0          0         68   sys_exit.o
        74          0          0          0          0         80   sys_stackheap_outer.o
         2          0          0          0          0         68   use_no_semi.o
        36          0          0          0          0         84   aeabi_vec_ctor_nocookie_nodtor.o
        98          4          0          0          0        140   d2f.o
       156          4          0          0          0        140   dnaninf.o
        12          0          0          0          0        116   dretinf.o
        86          4          0          0          0        132   f2d.o
       140          4          0          0          0        132   fnaninf.o
        10          0          0          0          0        116   fpinit.o
        10          0          0          0          0        116   fretinf.o
         0          0          0          0          0          0   usenofp.o
        38          0          0          0          0        116   fpclassifyf.o
        74         24          0          0          0        580   funder.o
      1636        110        320          0          0        372   powf.o

    ----------------------------------------------------------------------
      3132        180        320          0        100       3124   Library Totals
        14          0          0          0          4          0   (incl. Padding)

    ----------------------------------------------------------------------

      Code (inc. data)   RO Data    RW Data    ZI Data      Debug   Library Name

       822         30          0          0         96       1080   c_w.l
        36          0          0          0          0         84   cpprt_w.l
       512         16          0          0          0        892   fz_wm.l
      1748        134        320          0          0       1068   m_wm.l

    ----------------------------------------------------------------------
      3132        180        320          0        100       3124   Library Totals

    ----------------------------------------------------------------------

==============================================================================


      Code (inc. data)   RO Data    RW Data    ZI Data      Debug   

     23482       1608        782        712      10776    2673495   Grand Totals
     23482       1608        782         96      10776    2673495   ELF Image Totals (compressed)
     23482       1608        782         96          0          0   ROM Totals

==============================================================================

    Total RO  Size (Code + RO Data)                24264 (  23.70kB)
    Total RW  Size (RW Data + ZI Data)             11488 (  11.22kB)
    Total ROM Size (Code + RO Data + RW Data)      24360 (  23.79kB)

==============================================================================

